66.249.73.135 - - [20/May/2015:10:05:10 +0000] "GET /?flav=atom HTTP/1.1" 200 32352 "-" "Mozilla/5.0 (compatible; Googlebot/2.1; +http://www.google.com/bot.html)"
209.85.238.199 - - [20/May/2015:10:05:54 +0000] "GET / HTTP/1.1" 200 37932 "-" "Feedfetcher-Google; (+http://www.google.com/feedfetcher.html; 1 subscribers; feed-id=8003088278248648013)"
66.162.222.50 - - [20/May/2015:10:05:02 +0000] "GET /blog/geekery/ssl-latency.html HTTP/1.1" 200 17147 "https://www.google.com/" "Mozilla/5.0 (Windows NT 6.3; WOW64) AppleWebKit/537.36 (KHTML, like Gecko) Chrome/32.0.1700.107 Safari/537.36"
66.162.222.50 - - [20/May/2015:10:05:36 +0000] "GET /reset.css HTTP/1.1" 200 1015 "http://www.semicomplete.com/blog/geekery/ssl-latency.html" "Mozilla/5.0 (Windows NT 6.3; WOW64) AppleWebKit/537.36 (KHTML, like Gecko) Chrome/32.0.1700.107 Safari/537.36"
66.162.222.50 - - [20/May/2015:10:05:51 +0000] "GET /images/jordan-80.png HTTP/1.1" 200 6146 "http://www.semicomplete.com/blog/geekery/ssl-latency.html" "Mozilla/5.0 (Windows NT 6.3; WOW64) AppleWebKit/537.36 (KHTML, like Gecko) Chrome/32.0.1700.107 Safari/537.36"
66.162.222.50 - - [20/May/2015:10:05:42 +0000] "GET /style2.css HTTP/1.1" 200 4877 "http://www.semicomplete.com/blog/geekery/ssl-latency.html" "Mozilla/5.0 (Windows NT 6.3; WOW64) AppleWebKit/537.36 (KHTML, like Gecko) Chrome/32.0.1700.107 Safari/537.36"
66.162.222.50 - - [20/May/2015:10:05:51 +0000] "GET /images/web/2009/banner.png HTTP/1.1" 200 52315 "http://www.semicomplete.com/blog/geekery/ssl-latency.html" "Mozilla/5.0 (Windows NT 6.3; WOW64) AppleWebKit/537.36 (KHTML, like Gecko) Chrome/32.0.1700.107 Safari/537.36"
66.162.222.50 - - [20/May/2015:10:05:08 +0000] "GET /favicon.ico HTTP/1.1" 200 3638 "-" "Mozilla/5.0 (Windows NT 6.3; WOW64) AppleWebKit/537.36 (KHTML, like Gecko) Chrome/32.0.1700.107 Safari/537.36"
66.249.73.135 - - [20/May/2015:10:05:00 +0000] "GET /blog/tags/glob HTTP/1.1" 200 9171 "-" "Mozilla/5.0 (compatible; Googlebot/2.1; +http://www.google.com/bot.html)"
109.231.204.82 - - [20/May/2015:10:05:19 +0000] "GET /projects/xdotool/ HTTP/1.1" 200 12292 "https://www.google.co.uk/" "Mozilla/5.0 (X11; Linux x86_64) AppleWebKit/537.36 (KHTML, like Gecko) Chrome/31.0.1650.63 Safari/537.36"
109.231.204.82 - - [20/May/2015:10:05:18 +0000] "GET /reset.css HTTP/1.1" 200 1015 "http://www.semicomplete.com/projects/xdotool/" "Mozilla/5.0 (X11; Linux x86_64) AppleWebKit/537.36 (KHTML, like Gecko) Chrome/31.0.1650.63 Safari/537.36"
109.231.204.82 - - [20/May/2015:10:05:47 +0000] "GET /style2.css HTTP/1.1" 200 4877 "http://www.semicomplete.com/projects/xdotool/" "Mozilla/5.0 (X11; Linux x86_64) AppleWebKit/537.36 (KHTML, like Gecko) Chrome/31.0.1650.63 Safari/537.36"
109.231.204.82 - - [20/May/2015:10:05:11 +0000] "GET /images/jordan-80.png HTTP/1.1" 200 6146 "http://www.semicomplete.com/projects/xdotool/" "Mozilla/5.0 (X11; Linux x86_64) AppleWebKit/537.36 (KHTML, like Gecko) Chrome/31.0.1650.63 Safari/537.36"
109.231.204.82 - - [20/May/2015:10:05:19 +0000] "GET /images/web/2009/banner.png HTTP/1.1" 200 52315 "http://www.semicomplete.com/projects/xdotool/" "Mozilla/5.0 (X11; Linux x86_64) AppleWebKit/537.36 (KHTML, like Gecko) Chrome/31.0.1650.63 Safari/537.36"
109.231.204.82 - - [20/May/2015:10:05:27 +0000] "GET /favicon.ico HTTP/1.1" 200 3638 "-" "Mozilla/5.0 (X11; Linux x86_64) AppleWebKit/537.36 (KHTML, like Gecko) Chrome/31.0.1650.63 Safari/537.36"
209.85.238.199 - - [20/May/2015:10:05:35 +0000] "GET /blog/tags/firefox?flav=rss20 HTTP/1.1" 200 16021 "-" "Feedfetcher-Google; (+http://www.google.com/feedfetcher.html; 3 subscribers; feed-id=14171215010336145331)"
46.105.14.53 - - [20/May/2015:10:05:30 +0000] "GET /blog/tags/puppet?flav=rss20 HTTP/1.1" 200 14872 "-" "UniversalFeedParser/4.2-pre-314-svn +http://feedparser.org/"
80.130.134.87 - - [20/May/2015:10:05:10 +0000] "GET /projects/xdotool/xdotool.xhtml HTTP/1.1" 200 50112 "http://www.google.de/url?sa=t&rct=j&q=&esrc=s&source=web&cd=1&ved=0CC8QFjAA&url=http%3A%2F%2Fwww.semicomplete.com%2Fprojects%2Fxdotool%2Fxdotool.xhtml&ei=EEECU-fLGcjctAbdt4CQBQ&usg=AFQjCNFwZFAI0RQdN_N0kFH-oj8cLsJRNQ" "Mozilla/5.0 (X11; Linux i686; rv:27.0) Gecko/20100101 Firefox/27.0"
80.130.134.87 - - [20/May/2015:10:05:23 +0000] "GET /favicon.ico HTTP/1.1" 200 3638 "-" "Mozilla/5.0 (X11; Linux i686; rv:27.0) Gecko/20100101 Firefox/27.0"
200.10.161.5 - - [20/May/2015:10:05:22 +0000] "GET /favicon.ico HTTP/1.1" 200 3638 "-" "Mozilla/5.0 (X11; Linux x86_64; rv:27.0) Gecko/20100101 Firefox/27.0"
200.10.161.5 - - [20/May/2015:10:05:59 +0000] "GET /projects/xdotool/xdotool.xhtml HTTP/1.1" 200 50112 "http://www.google.com.ar/url?sa=t&rct=j&q=&esrc=s&source=web&cd=3&ved=0CDoQFjAC&url=http%3A%2F%2Fwww.semicomplete.com%2Fprojects%2Fxdotool%2Fxdotool.xhtml&ei=aD4CU_ezDKyO1AHQwICoAg&usg=AFQjCNFwZFAI0RQdN_N0kFH-oj8cLsJRNQ&sig2=Ha9w0FWkUYWoe9GKnQ24Gw&bvm=bv.61535280,d.dmQ" "Mozilla/5.0 (X11; Linux x86_64; rv:27.0) Gecko/20100101 Firefox/27.0"
92.236.181.94 - - [20/May/2015:10:05:58 +0000] "GET /articles/dynamic-dns-with-dhcp/ HTTP/1.1" 200 18848 "http://www.google.com/url?sa=t&rct=j&q=&esrc=s&source=web&cd=1&ved=0CCcQFjAA&url=http%3A%2F%2Fwww.semicomplete.com%2Farticles%2Fdynamic-dns-with-dhcp%2F&ei=fUECU5vJBaPnygOMpIKACg&usg=AFQjCNEF1X4Rs52UYQyLiySTQxa97ozM4g&sig2=i4uIrWaWvv-g2mj798JJDg&bvm=bv.61535280,d.bGQ&cad=rja" "Mozilla/5.0 (X11; Linux ppc64; rv:24.0) Gecko/20140206 Firefox/24.0 Iceweasel/24.3.0"
92.236.181.94 - - [20/May/2015:10:05:05 +0000] "GET /reset.css HTTP/1.1" 200 1015 "http://www.semicomplete.com/articles/dynamic-dns-with-dhcp/" "Mozilla/5.0 (X11; Linux ppc64; rv:24.0) Gecko/20140206 Firefox/24.0 Iceweasel/24.3.0"
92.236.181.94 - - [20/May/2015:10:05:47 +0000] "GET /style2.css HTTP/1.1" 200 4877 "http://www.semicomplete.com/articles/dynamic-dns-with-dhcp/" "Mozilla/5.0 (X11; Linux ppc64; rv:24.0) Gecko/20140206 Firefox/24.0 Iceweasel/24.3.0"
92.236.181.94 - - [20/May/2015:10:05:44 +0000] "GET /images/jordan-80.png HTTP/1.1" 200 6146 "http://www.semicomplete.com/articles/dynamic-dns-with-dhcp/" "Mozilla/5.0 (X11; Linux ppc64; rv:24.0) Gecko/20140206 Firefox/24.0 Iceweasel/24.3.0"
92.236.181.94 - - [20/May/2015:10:05:56 +0000] "GET /favicon.ico HTTP/1.1" 200 3638 "-" "Mozilla/5.0 (X11; Linux ppc64; rv:24.0) Gecko/20140206 Firefox/24.0 Iceweasel/24.3.0"
92.236.181.94 - - [20/May/2015:10:05:16 +0000] "GET /images/web/2009/banner.png HTTP/1.1" 200 52315 "http://www.semicomplete.com/style2.css" "Mozilla/5.0 (X11; Linux ppc64; rv:24.0) Gecko/20140206 Firefox/24.0 Iceweasel/24.3.0"
65.19.138.33 - - [20/May/2015:10:05:17 +0000] "GET / HTTP/1.1" 200 37932 "-" "Feedly/1.0 (+http://www.feedly.com/fetcher.html; like FeedFetcher-Google)"
66.249.73.135 - - [20/May/2015:10:05:42 +0000] "GET /?flav=rss20 HTTP/1.1" 200 29941 "-" "Mozilla/5.0 (compatible; Googlebot/2.1; +http://www.google.com/bot.html)"
50.16.19.13 - - [20/May/2015:10:05:58 +0000] "GET /blog/tags/puppet?flav=rss20 HTTP/1.1" 200 14872 "http://www.semicomplete.com/blog/tags/puppet?flav=rss20" "Tiny Tiny RSS/1.11 (http://tt-rss.org/)"
209.17.114.78 - - [20/May/2015:11:05:08 +0000] "GET /presentations/logstash-blah/images/stats-negative-min.png HTTP/1.1" 200 46139 "-" "Mozilla/4.0 (compatible; MSIE 6.0; Windows NT 5.2; SV1; .NET CLR 2.0.50727; InfoPath.1)"
24.0.194.37 - - [20/May/2015:11:05:00 +0000] "GET /presentations/logstash-scale11x/images/ahhh___rage_face_by_samusmmx-d5g5zap.png HTTP/1.1" 200 175208 "-" "Mozilla/5.0 (Windows NT 6.3; WOW64) AppleWebKit/537.36 (KHTML, like Gecko) Chrome/32.0.1700.107 Safari/537.36"
180.76.5.189 - - [20/May/2015:11:05:03 +0000] "GET /robots.txt HTTP/1.1" 200 - "-" "Mozilla/5.0 (Windows NT 5.1; rv:6.0.2) Gecko/20100101 Firefox/6.0.2"
46.105.14.53 - - [20/May/2015:11:05:50 +0000] "GET /blog/tags/puppet?flav=rss20 HTTP/1.1" 200 14872 "-" "UniversalFeedParser/4.2-pre-314-svn +http://feedparser.org/"
24.0.194.37 - - [20/May/2015:11:05:15 +0000] "GET /presentations/logstash-scale11x/ HTTP/1.1" 200 54239 "https://www.google.com/" "Mozilla/5.0 (Windows NT 6.3; WOW64) AppleWebKit/537.36 (KHTML, like Gecko) Chrome/32.0.1700.107 Safari/537.36"
24.0.194.37 - - [20/May/2015:11:05:19 +0000] "GET /presentations/logstash-scale11x/css/reveal.min.css HTTP/1.1" 200 23581 "http://semicomplete.com/presentations/logstash-scale11x/" "Mozilla/5.0 (Windows NT 6.3; WOW64) AppleWebKit/537.36 (KHTML, like Gecko) Chrome/32.0.1700.107 Safari/537.36"
24.0.194.37 - - [20/May/2015:11:05:00 +0000] "GET /presentations/logstash-scale11x/lib/css/zenburn.css HTTP/1.1" 200 1791 "http://semicomplete.com/presentations/logstash-scale11x/" "Mozilla/5.0 (Windows NT 6.3; WOW64) AppleWebKit/537.36 (KHTML, like Gecko) Chrome/32.0.1700.107 Safari/537.36"
24.0.194.37 - - [20/May/2015:11:05:16 +0000] "GET /presentations/logstash-scale11x/css/theme/night-jls.css HTTP/1.1" 200 3811 "http://semicomplete.com/presentations/logstash-scale11x/" "Mozilla/5.0 (Windows NT 6.3; WOW64) AppleWebKit/537.36 (KHTML, like Gecko) Chrome/32.0.1700.107 Safari/537.36"
24.0.194.37 - - [20/May/2015:11:05:01 +0000] "GET /presentations/logstash-scale11x/css/extra.css HTTP/1.1" 200 1395 "http://semicomplete.com/presentations/logstash-scale11x/" "Mozilla/5.0 (Windows NT 6.3; WOW64) AppleWebKit/537.36 (KHTML, like Gecko) Chrome/32.0.1700.107 Safari/537.36"
24.0.194.37 - - [20/May/2015:11:05:12 +0000] "GET /presentations/logstash-scale11x/images/logstash.png HTTP/1.1" 200 47731 "http://semicomplete.com/presentations/logstash-scale11x/" "Mozilla/5.0 (Windows NT 6.3; WOW64) AppleWebKit/537.36 (KHTML, like Gecko) Chrome/32.0.1700.107 Safari/537.36"
24.0.194.37 - - [20/May/2015:11:05:26 +0000] "GET /presentations/logstash-scale11x/images/alarm-clock.jpg HTTP/1.1" 200 10645 "http://semicomplete.com/presentations/logstash-scale11x/" "Mozilla/5.0 (Windows NT 6.3; WOW64) AppleWebKit/537.36 (KHTML, like Gecko) Chrome/32.0.1700.107 Safari/537.36"
24.0.194.37 - - [20/May/2015:11:05:25 +0000] "GET /presentations/logstash-scale11x/images/nagios-sms3.png HTTP/1.1" 200 65917 "http://semicomplete.com/presentations/logstash-scale11x/" "Mozilla/5.0 (Windows NT 6.3; WOW64) AppleWebKit/537.36 (KHTML, like Gecko) Chrome/32.0.1700.107 Safari/537.36"
24.0.194.37 - - [20/May/2015:11:05:08 +0000] "GET /presentations/logstash-scale11x/images/nagios-sms2.png HTTP/1.1" 200 60656 "http://semicomplete.com/presentations/logstash-scale11x/" "Mozilla/5.0 (Windows NT 6.3; WOW64) AppleWebKit/537.36 (KHTML, like Gecko) Chrome/32.0.1700.107 Safari/537.36"
24.0.194.37 - - [20/May/2015:11:05:43 +0000] "GET /presentations/logstash-scale11x/images/nagios-sms4.png HTTP/1.1" 200 72949 "http://semicomplete.com/presentations/logstash-scale11x/" "Mozilla/5.0 (Windows NT 6.3; WOW64) AppleWebKit/537.36 (KHTML, like Gecko) Chrome/32.0.1700.107 Safari/537.36"
24.0.194.37 - - [20/May/2015:11:05:59 +0000] "GET /presentations/logstash-scale11x/images/nagios-sms1.png HTTP/1.1" 200 55478 "http://semicomplete.com/presentations/logstash-scale11x/" "Mozilla/5.0 (Windows NT 6.3; WOW64) AppleWebKit/537.36 (KHTML, like Gecko) Chrome/32.0.1700.107 Safari/537.36"
24.0.194.37 - - [20/May/2015:11:05:52 +0000] "GET /presentations/logstash-scale11x/images/nagios-sms5.png HTTP/1.1" 200 78075 "http://semicomplete.com/presentations/logstash-scale11x/" "Mozilla/5.0 (Windows NT 6.3; WOW64) AppleWebKit/537.36 (KHTML, like Gecko) Chrome/32.0.1700.107 Safari/537.36"
24.0.194.37 - - [20/May/2015:11:05:34 +0000] "GET /presentations/logstash-scale11x/css/fonts/OpenSans.css HTTP/1.1" 200 863 "http://semicomplete.com/presentations/logstash-scale11x/" "Mozilla/5.0 (Windows NT 6.3; WOW64) AppleWebKit/537.36 (KHTML, like Gecko) Chrome/32.0.1700.107 Safari/537.36"
24.0.194.37 - - [20/May/2015:11:05:32 +0000] "GET /presentations/logstash-scale11x/css/fonts/Roboto.css HTTP/1.1" 200 357 "http://semicomplete.com/presentations/logstash-scale11x/" "Mozilla/5.0 (Windows NT 6.3; WOW64) AppleWebKit/537.36 (KHTML, like Gecko) Chrome/32.0.1700.107 Safari/537.36"
24.0.194.37 - - [20/May/2015:11:05:00 +0000] "GET /presentations/logstash-scale11x/images/jordan.jpg HTTP/1.1" 200 278476 "http://semicomplete.com/presentations/logstash-scale11x/" "Mozilla/5.0 (Windows NT 6.3; WOW64) AppleWebKit/537.36 (KHTML, like Gecko) Chrome/32.0.1700.107 Safari/537.36"
24.0.194.37 - - [20/May/2015:11:05:41 +0000] "GET /presentations/logstash-scale11x/images/xkcd-perl.png HTTP/1.1" 200 80663 "http://semicomplete.com/presentations/logstash-scale11x/" "Mozilla/5.0 (Windows NT 6.3; WOW64) AppleWebKit/537.36 (KHTML, like Gecko) Chrome/32.0.1700.107 Safari/537.36"
24.0.194.37 - - [20/May/2015:11:05:42 +0000] "GET /presentations/logstash-scale11x/images/frontend-response-codes.png HTTP/1.1" 200 52878 "http://semicomplete.com/presentations/logstash-scale11x/" "Mozilla/5.0 (Windows NT 6.3; WOW64) AppleWebKit/537.36 (KHTML, like Gecko) Chrome/32.0.1700.107 Safari/537.36"
24.0.194.37 - - [20/May/2015:11:05:27 +0000] "GET /presentations/logstash-scale11x/lib/js/head.min.js HTTP/1.1" 200 3170 "http://semicomplete.com/presentations/logstash-scale11x/" "Mozilla/5.0 (Windows NT 6.3; WOW64) AppleWebKit/537.36 (KHTML, like Gecko) Chrome/32.0.1700.107 Safari/537.36"
24.0.194.37 - - [20/May/2015:11:05:59 +0000] "GET /presentations/logstash-scale11x/images/nagios-sms6.png HTTP/1.1" 200 82859 "http://semicomplete.com/presentations/logstash-scale11x/" "Mozilla/5.0 (Windows NT 6.3; WOW64) AppleWebKit/537.36 (KHTML, like Gecko) Chrome/32.0.1700.107 Safari/537.36"
24.0.194.37 - - [20/May/2015:11:05:03 +0000] "GET /presentations/logstash-scale11x/images/xkcd-perlswing-many.png HTTP/1.1" 200 100207 "http://semicomplete.com/presentations/logstash-scale11x/" "Mozilla/5.0 (Windows NT 6.3; WOW64) AppleWebKit/537.36 (KHTML, like Gecko) Chrome/32.0.1700.107 Safari/537.36"
24.0.194.37 - - [20/May/2015:11:05:56 +0000] "GET /presentations/logstash-scale11x/js/reveal.min.js HTTP/1.1" 200 18091 "http://semicomplete.com/presentations/logstash-scale11x/" "Mozilla/5.0 (Windows NT 6.3; WOW64) AppleWebKit/537.36 (KHTML, like Gecko) Chrome/32.0.1700.107 Safari/537.36"
24.0.194.37 - - [20/May/2015:11:05:12 +0000] "GET /presentations/logstash-scale11x/css/fonts/xjAJXh38I15wypJXxuGMBp0EAVxt0G0biEntp43Qt6E.ttf HTTP/1.1" 200 34416 "http://semicomplete.com/presentations/logstash-scale11x/" "Mozilla/5.0 (Windows NT 6.3; WOW64) AppleWebKit/537.36 (KHTML, like Gecko) Chrome/32.0.1700.107 Safari/537.36"
24.0.194.37 - - [20/May/2015:11:05:53 +0000] "GET /presentations/logstash-scale11x/css/fonts/cJZKeOuBrn4kERxqtaUH3aCWcynf_cDxXwCLxiixG1c.ttf HTTP/1.1" 200 36492 "http://semicomplete.com/presentations/logstash-scale11x/" "Mozilla/5.0 (Windows NT 6.3; WOW64) AppleWebKit/537.36 (KHTML, like Gecko) Chrome/32.0.1700.107 Safari/537.36"
24.0.194.37 - - [20/May/2015:11:05:07 +0000] "GET /presentations/logstash-scale11x/plugin/markdown/showdown.js HTTP/1.1" 200 9904 "http://semicomplete.com/presentations/logstash-scale11x/" "Mozilla/5.0 (Windows NT 6.3; WOW64) AppleWebKit/537.36 (KHTML, like Gecko) Chrome/32.0.1700.107 Safari/537.36"
24.0.194.37 - - [20/May/2015:11:05:26 +0000] "GET /presentations/logstash-scale11x/plugin/markdown/markdown.js HTTP/1.1" 200 1187 "http://semicomplete.com/presentations/logstash-scale11x/" "Mozilla/5.0 (Windows NT 6.3; WOW64) AppleWebKit/537.36 (KHTML, like Gecko) Chrome/32.0.1700.107 Safari/537.36"
24.0.194.37 - - [20/May/2015:11:05:03 +0000] "GET /presentations/logstash-scale11x/images/sad-medic.png HTTP/1.1" 200 430406 "http://semicomplete.com/presentations/logstash-scale11x/" "Mozilla/5.0 (Windows NT 6.3; WOW64) AppleWebKit/537.36 (KHTML, like Gecko) Chrome/32.0.1700.107 Safari/537.36"
209.17.114.78 - - [20/May/2015:11:05:16 +0000] "GET /presentations/logstash-intro/file/about-me/tequila-face.jpg HTTP/1.1" 200 196054 "-" "Mozilla/4.0 (compatible; MSIE 6.0; Windows NT 5.2; SV1; .NET CLR 2.0.50727; InfoPath.1)"
209.17.114.78 - - [20/May/2015:11:05:38 +0000] "GET /presentations/logstash-1/file/logstash-roadmap/kibana.png HTTP/1.1" 200 56686 "-" "Mozilla/4.0 (compatible; MSIE 6.0; Windows NT 5.2; SV1; .NET CLR 2.0.50727; InfoPath.1)"
209.17.114.78 - - [20/May/2015:11:05:44 +0000] "GET /presentations/logstash-intro/file/logstash/single-host-example.png HTTP/1.1" 200 123091 "-" "Mozilla/4.0 (compatible; MSIE 6.0; Windows NT 5.2; SV1; .NET CLR 2.0.50727; InfoPath.1)"
24.0.194.37 - - [20/May/2015:11:05:06 +0000] "GET /presentations/logstash-scale11x/images/kibana-dashboard3.png HTTP/1.1" 200 171717 "http://semicomplete.com/presentations/logstash-scale11x/" "Mozilla/5.0 (Windows NT 6.3; WOW64) AppleWebKit/537.36 (KHTML, like Gecko) Chrome/32.0.1700.107 Safari/537.36"
24.0.194.37 - - [20/May/2015:11:05:50 +0000] "GET /presentations/logstash-scale11x/images/simple-inputs-filters.jpg HTTP/1.1" 200 1114500 "http://semicomplete.com/presentations/logstash-scale11x/" "Mozilla/5.0 (Windows NT 6.3; WOW64) AppleWebKit/537.36 (KHTML, like Gecko) Chrome/32.0.1700.107 Safari/537.36"
24.0.194.37 - - [20/May/2015:11:05:10 +0000] "GET /presentations/logstash-scale11x/images/kibana-dashboard2.png HTTP/1.1" 200 394967 "http://semicomplete.com/presentations/logstash-scale11x/" "Mozilla/5.0 (Windows NT 6.3; WOW64) AppleWebKit/537.36 (KHTML, like Gecko) Chrome/32.0.1700.107 Safari/537.36"
24.0.194.37 - - [20/May/2015:11:05:43 +0000] "GET /presentations/logstash-scale11x/images/kibana-search.png HTTP/1.1" 200 203023 "http://semicomplete.com/presentations/logstash-scale11x/" "Mozilla/5.0 (Windows NT 6.3; WOW64) AppleWebKit/537.36 (KHTML, like Gecko) Chrome/32.0.1700.107 Safari/537.36"
24.0.194.37 - - [20/May/2015:11:05:34 +0000] "GET /presentations/logstash-scale11x/images/kibana-dashboard.png HTTP/1.1" 200 321631 "http://semicomplete.com/presentations/logstash-scale11x/" "Mozilla/5.0 (Windows NT 6.3; WOW64) AppleWebKit/537.36 (KHTML, like Gecko) Chrome/32.0.1700.107 Safari/537.36"
209.17.114.78 - - [20/May/2015:11:05:27 +0000] "GET /presentations/logstash-intro/file/intro-logging-problems/xkcd.png HTTP/1.1" 200 80663 "-" "Mozilla/4.0 (compatible; MSIE 6.0; Windows NT 5.2; SV1; .NET CLR 2.0.50727; InfoPath.1)"
209.17.114.78 - - [20/May/2015:11:05:16 +0000] "GET /presentations/logstash-intro/file/logstash/multi-host-example.png HTTP/1.1" 200 196093 "-" "Mozilla/4.0 (compatible; MSIE 6.0; Windows NT 5.2; SV1; .NET CLR 2.0.50727; InfoPath.1)"
209.17.114.78 - - [20/May/2015:11:05:05 +0000] "GET /files/blogposts/20101112/logstash-logger-with-awesome_print.png HTTP/1.1" 200 4325 "-" "Mozilla/4.0 (compatible; MSIE 6.0; Windows NT 5.2; SV1; .NET CLR 2.0.50727; InfoPath.1)"
209.17.114.78 - - [20/May/2015:11:05:13 +0000] "GET /presentations/logstash-intro/file/intro-logging-problems/xkcd-perlswing-many.png HTTP/1.1" 200 100207 "-" "Mozilla/4.0 (compatible; MSIE 6.0; Windows NT 5.2; SV1; .NET CLR 2.0.50727; InfoPath.1)"
15.211.201.85 - - [20/May/2015:11:05:07 +0000] "GET /blog/geekery/grok-pattern-autodiscovery.html HTTP/1.1" 200 12851 "https://www.google.co.uk/" "Mozilla/5.0 (Windows NT 6.2; WOW64) AppleWebKit/537.36 (KHTML, like Gecko) Chrome/32.0.1700.107 Safari/537.36"
15.211.201.85 - - [20/May/2015:11:05:06 +0000] "GET /images/jordan-80.png HTTP/1.1" 200 6146 "http://www.semicomplete.com/blog/geekery/grok-pattern-autodiscovery.html" "Mozilla/5.0 (Windows NT 6.2; WOW64) AppleWebKit/537.36 (KHTML, like Gecko) Chrome/32.0.1700.107 Safari/537.36"
15.211.201.85 - - [20/May/2015:11:05:03 +0000] "GET /reset.css HTTP/1.1" 200 1015 "http://www.semicomplete.com/blog/geekery/grok-pattern-autodiscovery.html" "Mozilla/5.0 (Windows NT 6.2; WOW64) AppleWebKit/537.36 (KHTML, like Gecko) Chrome/32.0.1700.107 Safari/537.36"
15.211.201.85 - - [20/May/2015:11:05:38 +0000] "GET /images/web/2009/banner.png HTTP/1.1" 200 52315 "http://www.semicomplete.com/blog/geekery/grok-pattern-autodiscovery.html" "Mozilla/5.0 (Windows NT 6.2; WOW64) AppleWebKit/537.36 (KHTML, like Gecko) Chrome/32.0.1700.107 Safari/537.36"
74.125.176.151 - - [20/May/2015:11:05:45 +0000] "GET /?flav=rss20 HTTP/1.1" 200 29941 "-" "FeedBurner/1.0 (http://www.FeedBurner.com)"
66.249.73.185 - - [20/May/2015:11:05:39 +0000] "GET /images/logstash_OSCON.pdf HTTP/1.1" 304 - "-" "Mozilla/5.0 (iPhone; CPU iPhone OS 6_0 like Mac OS X) AppleWebKit/536.26 (KHTML, like Gecko) Version/6.0 Mobile/10A5376e Safari/8536.25 (compatible; Googlebot/2.1; +http://www.google.com/bot.html)"
128.118.108.67 - - [20/May/2015:11:05:08 +0000] "GET /favicon.ico HTTP/1.0" 200 3638 "-" "Safari/9537.73.11 CFNetwork/673.0.3 Darwin/13.0.0 (x86_64) (MacBookPro8%2C1)"
209.85.238.199 - - [20/May/2015:11:05:53 +0000] "GET /?flav=atom HTTP/1.1" 200 32352 "-" "Feedfetcher-Google; (+http://www.google.com/feedfetcher.html; 16 subscribers; feed-id=3389821348893992437)"
128.179.155.97 - - [20/May/2015:11:05:59 +0000] "GET /blog/geekery/headless-wrapper-for-ephemeral-xservers.html HTTP/1.1" 200 11902 "-" "Mozilla/5.0 (Macintosh; Intel Mac OS X 10.9; rv:28.0) Gecko/20100101 Firefox/28.0"
128.179.155.97 - - [20/May/2015:11:05:11 +0000] "GET /reset.css HTTP/1.1" 200 1015 "http://www.semicomplete.com/blog/geekery/headless-wrapper-for-ephemeral-xservers.html" "Mozilla/5.0 (Macintosh; Intel Mac OS X 10.9; rv:28.0) Gecko/20100101 Firefox/28.0"
128.179.155.97 - - [20/May/2015:11:05:39 +0000] "GET /style2.css HTTP/1.1" 200 4877 "http://www.semicomplete.com/blog/geekery/headless-wrapper-for-ephemeral-xservers.html" "Mozilla/5.0 (Macintosh; Intel Mac OS X 10.9; rv:28.0) Gecko/20100101 Firefox/28.0"
222.14.252.108 - - [20/May/2015:11:05:23 +0000] "GET /presentations/logstash-metrics-sf-2012.10/ HTTP/1.1" 200 18729 "-" "Mozilla/5.0 (iPad; CPU OS 7_0_4 like Mac OS X) AppleWebKit/537.51.1 (KHTML, like Gecko) Version/7.0 Mobile/11B554a Safari/9537.53"
222.14.252.108 - - [20/May/2015:11:05:53 +0000] "GET /presentations/logstash-metrics-sf-2012.10/css/main.css HTTP/1.1" 200 26498 "http://semicomplete.com/presentations/logstash-metrics-sf-2012.10/" "Mozilla/5.0 (iPad; CPU OS 7_0_4 like Mac OS X) AppleWebKit/537.51.1 (KHTML, like Gecko) Version/7.0 Mobile/11B554a Safari/9537.53"
222.14.252.108 - - [20/May/2015:11:05:40 +0000] "GET /presentations/logstash-metrics-sf-2012.10/css/reset.css HTTP/1.1" 200 1382 "http://semicomplete.com/presentations/logstash-metrics-sf-2012.10/" "Mozilla/5.0 (iPad; CPU OS 7_0_4 like Mac OS X) AppleWebKit/537.51.1 (KHTML, like Gecko) Version/7.0 Mobile/11B554a Safari/9537.53"
222.14.252.108 - - [20/May/2015:11:05:02 +0000] "GET /presentations/logstash-metrics-sf-2012.10/css/preso.css HTTP/1.1" 200 1010 "http://semicomplete.com/presentations/logstash-metrics-sf-2012.10/" "Mozilla/5.0 (iPad; CPU OS 7_0_4 like Mac OS X) AppleWebKit/537.51.1 (KHTML, like Gecko) Version/7.0 Mobile/11B554a Safari/9537.53"
222.14.252.108 - - [20/May/2015:11:05:14 +0000] "GET /presentations/logstash-metrics-sf-2012.10/lib/css/zenburn.css HTTP/1.1" 200 1791 "http://semicomplete.com/presentations/logstash-metrics-sf-2012.10/" "Mozilla/5.0 (iPad; CPU OS 7_0_4 like Mac OS X) AppleWebKit/537.51.1 (KHTML, like Gecko) Version/7.0 Mobile/11B554a Safari/9537.53"
222.14.252.108 - - [20/May/2015:11:05:08 +0000] "GET /presentations/logstash-metrics-sf-2012.10/lib/js/head.min.js HTTP/1.1" 200 3170 "http://semicomplete.com/presentations/logstash-metrics-sf-2012.10/" "Mozilla/5.0 (iPad; CPU OS 7_0_4 like Mac OS X) AppleWebKit/537.51.1 (KHTML, like Gecko) Version/7.0 Mobile/11B554a Safari/9537.53"
222.14.252.108 - - [20/May/2015:11:05:49 +0000] "GET /presentations/logstash-metrics-sf-2012.10/js/jquery.min.js HTTP/1.1" 200 93435 "http://semicomplete.com/presentations/logstash-metrics-sf-2012.10/" "Mozilla/5.0 (iPad; CPU OS 7_0_4 like Mac OS X) AppleWebKit/537.51.1 (KHTML, like Gecko) Version/7.0 Mobile/11B554a Safari/9537.53"
222.14.252.108 - - [20/May/2015:11:05:21 +0000] "GET /presentations/logstash-metrics-sf-2012.10/images/logstash.png HTTP/1.1" 200 47731 "http://semicomplete.com/presentations/logstash-metrics-sf-2012.10/" "Mozilla/5.0 (iPad; CPU OS 7_0_4 like Mac OS X) AppleWebKit/537.51.1 (KHTML, like Gecko) Version/7.0 Mobile/11B554a Safari/9537.53"
222.14.252.108 - - [20/May/2015:11:05:58 +0000] "GET /presentations/logstash-metrics-sf-2012.10/images/graphite.png HTTP/1.1" 200 11163 "http://semicomplete.com/presentations/logstash-metrics-sf-2012.10/" "Mozilla/5.0 (iPad; CPU OS 7_0_4 like Mac OS X) AppleWebKit/537.51.1 (KHTML, like Gecko) Version/7.0 Mobile/11B554a Safari/9537.53"
222.14.252.108 - - [20/May/2015:11:05:05 +0000] "GET /presentations/logstash-metrics-sf-2012.10/js/reveal.js HTTP/1.1" 200 29108 "http://semicomplete.com/presentations/logstash-metrics-sf-2012.10/" "Mozilla/5.0 (iPad; CPU OS 7_0_4 like Mac OS X) AppleWebKit/537.51.1 (KHTML, like Gecko) Version/7.0 Mobile/11B554a Safari/9537.53"
222.14.252.108 - - [20/May/2015:11:05:08 +0000] "GET /presentations/logstash-metrics-sf-2012.10/images/ganglia.png HTTP/1.1" 200 24420 "http://semicomplete.com/presentations/logstash-metrics-sf-2012.10/" "Mozilla/5.0 (iPad; CPU OS 7_0_4 like Mac OS X) AppleWebKit/537.51.1 (KHTML, like Gecko) Version/7.0 Mobile/11B554a Safari/9537.53"
222.14.252.108 - - [20/May/2015:11:05:40 +0000] "GET /presentations/logstash-metrics-sf-2012.10/images/sysadvent.png HTTP/1.1" 200 108497 "http://semicomplete.com/presentations/logstash-metrics-sf-2012.10/" "Mozilla/5.0 (iPad; CPU OS 7_0_4 like Mac OS X) AppleWebKit/537.51.1 (KHTML, like Gecko) Version/7.0 Mobile/11B554a Safari/9537.53"
222.14.252.108 - - [20/May/2015:11:05:44 +0000] "GET /presentations/logstash-metrics-sf-2012.10/images/xkcd-perl.png HTTP/1.1" 200 80663 "http://semicomplete.com/presentations/logstash-metrics-sf-2012.10/" "Mozilla/5.0 (iPad; CPU OS 7_0_4 like Mac OS X) AppleWebKit/537.51.1 (KHTML, like Gecko) Version/7.0 Mobile/11B554a Safari/9537.53"
222.14.252.108 - - [20/May/2015:11:05:28 +0000] "GET /presentations/logstash-metrics-sf-2012.10/images/logstash-apache-kibana.png HTTP/1.1" 200 14835 "http://semicomplete.com/presentations/logstash-metrics-sf-2012.10/" "Mozilla/5.0 (iPad; CPU OS 7_0_4 like Mac OS X) AppleWebKit/537.51.1 (KHTML, like Gecko) Version/7.0 Mobile/11B554a Safari/9537.53"
222.14.252.108 - - [20/May/2015:11:05:26 +0000] "GET /presentations/logstash-metrics-sf-2012.10/images/graphite-bieber-gangnam-ratio.png HTTP/1.1" 200 52923 "http://semicomplete.com/presentations/logstash-metrics-sf-2012.10/" "Mozilla/5.0 (iPad; CPU OS 7_0_4 like Mac OS X) AppleWebKit/537.51.1 (KHTML, like Gecko) Version/7.0 Mobile/11B554a Safari/9537.53"
222.14.252.108 - - [20/May/2015:11:05:44 +0000] "GET /presentations/logstash-metrics-sf-2012.10/images/librato.png HTTP/1.1" 200 1991 "http://semicomplete.com/presentations/logstash-metrics-sf-2012.10/" "Mozilla/5.0 (iPad; CPU OS 7_0_4 like Mac OS X) AppleWebKit/537.51.1 (KHTML, like Gecko) Version/7.0 Mobile/11B554a Safari/9537.53"
222.14.252.108 - - [20/May/2015:11:05:20 +0000] "GET /presentations/logstash-metrics-sf-2012.10/images/stats-negative-min.png HTTP/1.1" 200 46139 "http://semicomplete.com/presentations/logstash-metrics-sf-2012.10/" "Mozilla/5.0 (iPad; CPU OS 7_0_4 like Mac OS X) AppleWebKit/537.51.1 (KHTML, like Gecko) Version/7.0 Mobile/11B554a Safari/9537.53"
222.14.252.108 - - [20/May/2015:11:05:44 +0000] "GET /presentations/logstash-metrics-sf-2012.10/lib/font/league_gothic-webfont.ttf HTTP/1.1" 200 42324 "http://semicomplete.com/presentations/logstash-metrics-sf-2012.10/" "Mozilla/5.0 (iPad; CPU OS 7_0_4 like Mac OS X) AppleWebKit/537.51.1 (KHTML, like Gecko) Version/7.0 Mobile/11B554a Safari/9537.53"
222.14.252.108 - - [20/May/2015:11:05:05 +0000] "GET /presentations/logstash-metrics-sf-2012.10/images/apache-negative-duration.png HTTP/1.1" 200 97173 "http://semicomplete.com/presentations/logstash-metrics-sf-2012.10/" "Mozilla/5.0 (iPad; CPU OS 7_0_4 like Mac OS X) AppleWebKit/537.51.1 (KHTML, like Gecko) Version/7.0 Mobile/11B554a Safari/9537.53"
222.14.252.108 - - [20/May/2015:11:05:02 +0000] "GET /presentations/logstash-metrics-sf-2012.10/images/graphite-bieber-gangnam.png HTTP/1.1" 200 42501 "http://semicomplete.com/presentations/logstash-metrics-sf-2012.10/" "Mozilla/5.0 (iPad; CPU OS 7_0_4 like Mac OS X) AppleWebKit/537.51.1 (KHTML, like Gecko) Version/7.0 Mobile/11B554a Safari/9537.53"
222.14.252.108 - - [20/May/2015:11:05:42 +0000] "GET /presentations/logstash-metrics-sf-2012.10/images/logstash-in-graphite.png HTTP/1.1" 200 22956 "http://semicomplete.com/presentations/logstash-metrics-sf-2012.10/" "Mozilla/5.0 (iPad; CPU OS 7_0_4 like Mac OS X) AppleWebKit/537.51.1 (KHTML, like Gecko) Version/7.0 Mobile/11B554a Safari/9537.53"
222.14.252.108 - - [20/May/2015:11:05:52 +0000] "GET /presentations/logstash-metrics-sf-2012.10/images/vs.jpg HTTP/1.1" 200 23871 "http://semicomplete.com/presentations/logstash-metrics-sf-2012.10/" "Mozilla/5.0 (iPad; CPU OS 7_0_4 like Mac OS X) AppleWebKit/537.51.1 (KHTML, like Gecko) Version/7.0 Mobile/11B554a Safari/9537.53"
222.14.252.108 - - [20/May/2015:11:05:41 +0000] "GET /presentations/logstash-metrics-sf-2012.10/images/graphite-bieber-gangnam-moving-average.png HTTP/1.1" 200 57048 "http://semicomplete.com/presentations/logstash-metrics-sf-2012.10/" "Mozilla/5.0 (iPad; CPU OS 7_0_4 like Mac OS X) AppleWebKit/537.51.1 (KHTML, like Gecko) Version/7.0 Mobile/11B554a Safari/9537.53"
222.14.252.108 - - [20/May/2015:11:05:14 +0000] "GET /presentations/logstash-metrics-sf-2012.10/css/print.css HTTP/1.1" 200 3995 "http://semicomplete.com/presentations/logstash-metrics-sf-2012.10/" "Mozilla/5.0 (iPad; CPU OS 7_0_4 like Mac OS X) AppleWebKit/537.51.1 (KHTML, like Gecko) Version/7.0 Mobile/11B554a Safari/9537.53"
128.179.155.97 - - [20/May/2015:11:05:39 +0000] "GET /blog/geekery/xvfb-firefox.html HTTP/1.1" 200 10975 "http://www.semicomplete.com/blog/geekery/headless-wrapper-for-ephemeral-xservers.html" "Mozilla/5.0 (Macintosh; Intel Mac OS X 10.9; rv:28.0) Gecko/20100101 Firefox/28.0"
222.14.252.108 - - [20/May/2015:11:05:05 +0000] "GET /presentations/logstash-metrics-sf-2012.10/images/monitorama-bgclear.png HTTP/1.1" 200 483624 "http://semicomplete.com/presentations/logstash-metrics-sf-2012.10/" "Mozilla/5.0 (iPad; CPU OS 7_0_4 like Mac OS X) AppleWebKit/537.51.1 (KHTML, like Gecko) Version/7.0 Mobile/11B554a Safari/9537.53"
46.105.14.53 - - [20/May/2015:11:05:34 +0000] "GET /blog/tags/puppet?flav=rss20 HTTP/1.1" 200 14872 "-" "UniversalFeedParser/4.2-pre-314-svn +http://feedparser.org/"
132.252.139.85 - - [20/May/2015:11:05:14 +0000] "GET /presentations/mpi/ HTTP/1.1" 200 6676 "-" "Mozilla/5.0 (Windows NT 6.3; WOW64) AppleWebKit/537.36 (KHTML, like Gecko) Chrome/32.0.1700.107 Safari/537.36"
132.252.139.85 - - [20/May/2015:11:05:54 +0000] "GET /presentations/mpi/presenter.xsl HTTP/1.1" 200 3826 "http://www.semicomplete.com/presentations/mpi/" "Mozilla/5.0 (Windows NT 6.3; WOW64) AppleWebKit/537.36 (KHTML, like Gecko) Chrome/32.0.1700.107 Safari/537.36"
132.252.139.85 - - [20/May/2015:11:05:31 +0000] "GET /presentations/mpi/presenter.css HTTP/1.1" 200 1973 "http://www.semicomplete.com/presentations/mpi/" "Mozilla/5.0 (Windows NT 6.3; WOW64) AppleWebKit/537.36 (KHTML, like Gecko) Chrome/32.0.1700.107 Safari/537.36"
132.252.139.85 - - [20/May/2015:11:05:00 +0000] "GET /presentations/mpi/js/accelimation.js HTTP/1.1" 200 4281 "http://www.semicomplete.com/presentations/mpi/" "Mozilla/5.0 (Windows NT 6.3; WOW64) AppleWebKit/537.36 (KHTML, like Gecko) Chrome/32.0.1700.107 Safari/537.36"
132.252.139.85 - - [20/May/2015:11:05:25 +0000] "GET /presentations/mpi/js/dom-drag.js HTTP/1.1" 200 3982 "http://www.semicomplete.com/presentations/mpi/" "Mozilla/5.0 (Windows NT 6.3; WOW64) AppleWebKit/537.36 (KHTML, like Gecko) Chrome/32.0.1700.107 Safari/537.36"
132.252.139.85 - - [20/May/2015:11:05:18 +0000] "GET /presentations/mpi/js/presenter.js HTTP/1.1" 200 4436 "http://www.semicomplete.com/presentations/mpi/" "Mozilla/5.0 (Windows NT 6.3; WOW64) AppleWebKit/537.36 (KHTML, like Gecko) Chrome/32.0.1700.107 Safari/537.36"
132.252.139.85 - - [20/May/2015:11:05:52 +0000] "GET /presentations/mpi/images/leftarrow-disabled.png HTTP/1.1" 200 1150 "http://www.semicomplete.com/presentations/mpi/" "Mozilla/5.0 (Windows NT 6.3; WOW64) AppleWebKit/537.36 (KHTML, like Gecko) Chrome/32.0.1700.107 Safari/537.36"
132.252.139.85 - - [20/May/2015:11:05:21 +0000] "GET /presentations/mpi/images/rightarrow.png HTTP/1.1" 200 927 "http://www.semicomplete.com/presentations/mpi/" "Mozilla/5.0 (Windows NT 6.3; WOW64) AppleWebKit/537.36 (KHTML, like Gecko) Chrome/32.0.1700.107 Safari/537.36"
132.252.139.85 - - [20/May/2015:11:05:14 +0000] "GET /presentations/mpi/images/expand.png HTTP/1.1" 200 275 "http://www.semicomplete.com/presentations/mpi/" "Mozilla/5.0 (Windows NT 6.3; WOW64) AppleWebKit/537.36 (KHTML, like Gecko) Chrome/32.0.1700.107 Safari/537.36"
132.252.139.85 - - [20/May/2015:11:05:55 +0000] "GET /presentations/mpi/images/leftarrow.png HTTP/1.1" 200 885 "http://www.semicomplete.com/presentations/mpi/" "Mozilla/5.0 (Windows NT 6.3; WOW64) AppleWebKit/537.36 (KHTML, like Gecko) Chrome/32.0.1700.107 Safari/537.36"
83.216.183.22 - - [20/May/2015:11:05:31 +0000] "GET /favicon.ico HTTP/1.0" 200 3638 "-" "Mozilla/5.0 (X11; Ubuntu; Linux i686; rv:27.0) Gecko/20100101 Firefox/27.0"
222.14.252.108 - - [20/May/2015:11:05:42 +0000] "GET /presentations/logstash-metrics-sf-2012.10/images/frontend-response-codes.png HTTP/1.1" 200 52878 "http://semicomplete.com/presentations/logstash-metrics-sf-2012.10/" "Mozilla/5.0 (iPad; CPU OS 7_0_4 like Mac OS X) AppleWebKit/537.51.1 (KHTML, like Gecko) Version/7.0 Mobile/11B554a Safari/9537.53"
208.115.111.72 - - [20/May/2015:11:05:10 +0000] "GET /robots.txt HTTP/1.1" 200 - "-" "Mozilla/5.0 (compatible; Ezooms/1.0; help@moz.com)"
208.115.111.72 - - [20/May/2015:11:05:36 +0000] "GET /robots.txt HTTP/1.1" 200 - "-" "Mozilla/5.0 (compatible; Ezooms/1.0; help@moz.com)"
66.249.73.135 - - [20/May/2015:11:05:12 +0000] "GET / HTTP/1.1" 200 37932 "-" "Mozilla/5.0 (iPhone; CPU iPhone OS 6_0 like Mac OS X) AppleWebKit/536.26 (KHTML, like Gecko) Version/6.0 Mobile/10A5376e Safari/8536.25 (compatible; Googlebot/2.1; +http://www.google.com/bot.html)"
66.162.222.50 - - [20/May/2015:11:05:51 +0000] "GET /blog/geekery/ssl-latency.html HTTP/1.1" 200 17147 "http://www.bing.com/search?q=http+vs+https+latency&qs=n&form=QBRE&pq=http+vs+https+latency&sc=0-10&sp=-1&sk=&cvid=acfee44f6d894c9390329497014f22b7" "Mozilla/5.0 (Windows NT 6.3; ARM; Trident/7.0; Touch; rv:11.0) like Gecko"
66.162.222.50 - - [20/May/2015:11:05:54 +0000] "GET /reset.css HTTP/1.1" 200 1015 "http://www.semicomplete.com/blog/geekery/ssl-latency.html" "Mozilla/5.0 (Windows NT 6.3; ARM; Trident/7.0; Touch; rv:11.0) like Gecko"
66.162.222.50 - - [20/May/2015:11:05:33 +0000] "GET /style2.css HTTP/1.1" 200 4877 "http://www.semicomplete.com/blog/geekery/ssl-latency.html" "Mozilla/5.0 (Windows NT 6.3; ARM; Trident/7.0; Touch; rv:11.0) like Gecko"
66.162.222.50 - - [20/May/2015:11:05:19 +0000] "GET /images/jordan-80.png HTTP/1.1" 200 6146 "http://www.semicomplete.com/blog/geekery/ssl-latency.html" "Mozilla/5.0 (Windows NT 6.3; ARM; Trident/7.0; Touch; rv:11.0) like Gecko"
66.162.222.50 - - [20/May/2015:11:05:02 +0000] "GET /images/web/2009/banner.png HTTP/1.1" 200 52315 "http://www.semicomplete.com/blog/geekery/ssl-latency.html" "Mozilla/5.0 (Windows NT 6.3; ARM; Trident/7.0; Touch; rv:11.0) like Gecko"
66.162.222.50 - - [20/May/2015:11:05:32 +0000] "GET /favicon.ico HTTP/1.1" 200 3638 "-" "Mozilla/5.0 (Windows NT 6.3; ARM; Trident/7.0; Touch; rv:11.0) like Gecko"
130.126.255.52 - - [20/May/2015:11:05:22 +0000] "GET /projects/xdotool/ HTTP/1.1" 200 12292 "https://www.google.com/" "Mozilla/5.0 (X11; Linux i686 (x86_64)) AppleWebKit/537.36 (KHTML, like Gecko) Chrome/32.0.1700.107 Safari/537.36"
186.44.199.211 - - [20/May/2015:11:05:34 +0000] "GET /images/googledotcom.png HTTP/1.1" 200 65748 "http://www.bing.com/images/search?&q=www%2fgoogle.com&qft=+filterui:photo-photo&FORM=R5IR21" "Mozilla/5.0 (Windows NT 6.1; WOW64; Trident/7.0; rv:11.0) like Gecko"
66.249.73.185 - - [20/May/2015:11:05:27 +0000] "GET /files/blogposts/20090727/ HTTP/1.1" 200 1167 "-" "SAMSUNG-SGH-E250/1.0 Profile/MIDP-2.0 Configuration/CLDC-1.1 UP.Browser/6.2.3.3.c.1.101 (GUI) MMP/2.0 (compatible; Googlebot-Mobile/2.1; +http://www.google.com/bot.html)"
70.182.103.221 - - [20/May/2015:11:05:39 +0000] "GET /blog/tags/jquery%20mobile HTTP/1.0" 200 9571 "https://www.google.com/" "Mozilla/5.0 (Macintosh; Intel Mac OS X 10_9_1) AppleWebKit/537.36 (KHTML, like Gecko) Chrome/32.0.1700.107 Safari/537.36"
70.182.103.221 - - [20/May/2015:11:05:37 +0000] "GET /reset.css HTTP/1.0" 200 1015 "http://www.semicomplete.com/blog/tags/jquery%20mobile" "Mozilla/5.0 (Macintosh; Intel Mac OS X 10_9_1) AppleWebKit/537.36 (KHTML, like Gecko) Chrome/32.0.1700.107 Safari/537.36"
70.182.103.221 - - [20/May/2015:11:05:14 +0000] "GET /style2.css HTTP/1.0" 200 4877 "http://www.semicomplete.com/blog/tags/jquery%20mobile" "Mozilla/5.0 (Macintosh; Intel Mac OS X 10_9_1) AppleWebKit/537.36 (KHTML, like Gecko) Chrome/32.0.1700.107 Safari/537.36"
70.182.103.221 - - [20/May/2015:11:05:41 +0000] "GET /images/jordan-80.png HTTP/1.0" 200 6146 "http://www.semicomplete.com/blog/tags/jquery%20mobile" "Mozilla/5.0 (Macintosh; Intel Mac OS X 10_9_1) AppleWebKit/537.36 (KHTML, like Gecko) Chrome/32.0.1700.107 Safari/537.36"
70.182.103.221 - - [20/May/2015:11:05:00 +0000] "GET /images/web/2009/banner.png HTTP/1.0" 200 52315 "http://www.semicomplete.com/blog/tags/jquery%20mobile" "Mozilla/5.0 (Macintosh; Intel Mac OS X 10_9_1) AppleWebKit/537.36 (KHTML, like Gecko) Chrome/32.0.1700.107 Safari/537.36"
70.182.103.221 - - [20/May/2015:11:05:02 +0000] "GET /favicon.ico HTTP/1.0" 200 3638 "-" "Mozilla/5.0 (Macintosh; Intel Mac OS X 10_9_1) AppleWebKit/537.36 (KHTML, like Gecko) Chrome/32.0.1700.107 Safari/537.36"
209.85.238.199 - - [20/May/2015:11:05:19 +0000] "GET /?flav=rss20 HTTP/1.1" 200 29941 "-" "Feedfetcher-Google; (+http://www.google.com/feedfetcher.html; 22 subscribers; feed-id=8321906634162087507)"
157.55.35.114 - - [20/May/2015:11:05:18 +0000] "GET /robots.txt HTTP/1.1" 200 - "-" "Mozilla/5.0 (compatible; bingbot/2.0; +http://www.bing.com/bingbot.htm)"
198.46.149.143 - - [20/May/2015:12:05:13 +0000] "GET /blog/geekery/disabling-battery-in-ubuntu-vms.html?utm_source=feedburner&utm_medium=feed&utm_campaign=Feed%3A+semicomplete%2Fmain+%28semicomplete.com+-+Jordan+Sissel%29 HTTP/1.1" 200 9316 "-" "Tiny Tiny RSS/1.11 (http://tt-rss.org/)"
198.46.149.143 - - [20/May/2015:12:05:27 +0000] "GET /blog/geekery/solving-good-or-bad-problems.html?utm_source=feedburner&utm_medium=feed&utm_campaign=Feed%3A+semicomplete%2Fmain+%28semicomplete.com+-+Jordan+Sissel%29 HTTP/1.1" 200 10756 "-" "Tiny Tiny RSS/1.11 (http://tt-rss.org/)"
130.126.255.52 - - [20/May/2015:12:05:38 +0000] "GET /articles/week-of-unix-tools/ HTTP/1.1" 200 9313 "http://www.semicomplete.com/projects/xdotool/" "Mozilla/5.0 (X11; Linux i686 (x86_64)) AppleWebKit/537.36 (KHTML, like Gecko) Chrome/32.0.1700.107 Safari/537.36"
72.177.92.9 - - [20/May/2015:12:05:58 +0000] "GET /presentations/logstash-scale11x/images/ahhh___rage_face_by_samusmmx-d5g5zap.png HTTP/1.1" 200 175208 "-" "Mozilla/5.0 (Linux; U; Android 4.2.2; en-us; Lenovo B8000-F Build/JDQ39) AppleWebKit/534.30 (KHTML, like Gecko) Version/4.0 Safari/534.30 GSA/3.2.17.1009776.arm"
190.181.197.43 - - [20/May/2015:12:05:37 +0000] "GET /images/googledotcom.png HTTP/1.1" 200 65748 "http://www.google.com/search?q=www.google.com&hl=es&gl=es&source=android-browser-type&source=lnms&tbm=isch&sa=X&ei=EEQCU57GILPesASynIDoCA&ved=0CAkQ_AUoAA" "Mozilla/5.0 (Linux; U; Android 2.3.5; es-es; BLU Tigo Build/GRJ90) AppleWebKit/533.1 (KHTML, like Gecko) Version/4.0 Mobile Safari/533.1"
66.249.73.135 - - [20/May/2015:12:05:03 +0000] "GET /?page=6 HTTP/1.1" 200 42175 "-" "Mozilla/5.0 (iPhone; CPU iPhone OS 6_0 like Mac OS X) AppleWebKit/536.26 (KHTML, like Gecko) Version/6.0 Mobile/10A5376e Safari/8536.25 (compatible; Googlebot/2.1; +http://www.google.com/bot.html)"
46.105.14.53 - - [20/May/2015:12:05:01 +0000] "GET /blog/tags/puppet?flav=rss20 HTTP/1.1" 200 14872 "-" "UniversalFeedParser/4.2-pre-314-svn +http://feedparser.org/"
157.55.35.114 - - [20/May/2015:12:05:36 +0000] "GET /blog/tags/jquery%20mobile HTTP/1.1" 200 9571 "-" "Mozilla/5.0 (compatible; bingbot/2.0; +http://www.bing.com/bingbot.htm)"
66.249.73.135 - - [20/May/2015:12:05:24 +0000] "GET /projects/liboverride/ HTTP/1.1" 200 12909 "-" "Mozilla/5.0 (compatible; Googlebot/2.1; +http://www.google.com/bot.html)"
8.35.201.53 - - [20/May/2015:12:05:45 +0000] "GET /projects/xdotool/xdotool.xhtml HTTP/1.1" 200 50112 "-" "Mozilla/5.0 (Windows NT 6.2; WOW64; rv:30.0) Gecko/20100101 Firefox/30.0 AppEngine-Google; (+http://code.google.com/appengine; appid: s~copyliugoa)"
8.35.201.53 - - [20/May/2015:12:05:26 +0000] "GET /favicon.ico HTTP/1.1" 200 3638 "-" "Mozilla/5.0 (Windows NT 6.2; WOW64; rv:30.0) Gecko/20100101 Firefox/30.0 AppEngine-Google; (+http://code.google.com/appengine; appid: s~copyliugoa)"
80.160.68.134 - - [20/May/2015:12:05:55 +0000] "GET /projects/xdotool/xdotool.xhtml HTTP/1.1" 200 50112 "http://www.google.dk/url?sa=t&rct=j&q=&esrc=s&source=web&cd=2&ved=0CDkQFjAB&url=http%3A%2F%2Fwww.semicomplete.com%2Fprojects%2Fxdotool%2Fxdotool.xhtml&ei=G0UCU5eXH8i34ASboYGIDw&usg=AFQjCNFwZFAI0RQdN_N0kFH-oj8cLsJRNQ&bvm=bv.61535280,d.bGE" "Mozilla/5.0 (Macintosh; Intel Mac OS X 10.8; rv:27.0) Gecko/20100101 Firefox/27.0"
80.160.68.134 - - [20/May/2015:12:05:49 +0000] "GET /favicon.ico HTTP/1.1" 200 3638 "-" "Mozilla/5.0 (Macintosh; Intel Mac OS X 10.8; rv:27.0) Gecko/20100101 Firefox/27.0"
80.160.68.134 - - [20/May/2015:12:05:31 +0000] "GET /projects/xdotool/ HTTP/1.1" 200 12292 "http://www.google.dk/url?sa=t&rct=j&q=&esrc=s&source=web&cd=1&ved=0CCsQFjAA&url=http%3A%2F%2Fwww.semicomplete.com%2Fprojects%2Fxdotool%2F&ei=G0UCU5eXH8i34ASboYGIDw&usg=AFQjCNE3V_aCf3-gfNcbS924S6jZ6FqffA&bvm=bv.61535280,d.bGE" "Mozilla/5.0 (Macintosh; Intel Mac OS X 10.8; rv:27.0) Gecko/20100101 Firefox/27.0"
80.160.68.134 - - [20/May/2015:12:05:44 +0000] "GET /style2.css HTTP/1.1" 200 4877 "http://www.semicomplete.com/projects/xdotool/" "Mozilla/5.0 (Macintosh; Intel Mac OS X 10.8; rv:27.0) Gecko/20100101 Firefox/27.0"
80.160.68.134 - - [20/May/2015:12:05:02 +0000] "GET /reset.css HTTP/1.1" 200 1015 "http://www.semicomplete.com/projects/xdotool/" "Mozilla/5.0 (Macintosh; Intel Mac OS X 10.8; rv:27.0) Gecko/20100101 Firefox/27.0"
80.160.68.134 - - [20/May/2015:12:05:50 +0000] "GET /images/web/2009/banner.png HTTP/1.1" 200 52315 "http://www.semicomplete.com/style2.css" "Mozilla/5.0 (Macintosh; Intel Mac OS X 10.8; rv:27.0) Gecko/20100101 Firefox/27.0"
80.160.68.134 - - [20/May/2015:12:05:28 +0000] "GET /images/jordan-80.png HTTP/1.1" 200 6146 "http://www.semicomplete.com/projects/xdotool/" "Mozilla/5.0 (Macintosh; Intel Mac OS X 10.8; rv:27.0) Gecko/20100101 Firefox/27.0"
66.249.73.135 - - [20/May/2015:12:05:04 +0000] "GET /blog/2007/Jan/14 HTTP/1.1" 200 8359 "-" "Mozilla/5.0 (iPhone; CPU iPhone OS 6_0 like Mac OS X) AppleWebKit/536.26 (KHTML, like Gecko) Version/6.0 Mobile/10A5376e Safari/8536.25 (compatible; Googlebot/2.1; +http://www.google.com/bot.html)"
216.16.195.52 - - [20/May/2015:12:05:52 +0000] "GET /misc/viquickref.pdf HTTP/1.1" 200 15568 "https://www.google.com/" "Mozilla/5.0 (Windows NT 6.1; WOW64) AppleWebKit/537.36 (KHTML, like Gecko) Chrome/32.0.1700.107 Safari/537.36"
216.16.195.52 - - [20/May/2015:12:05:31 +0000] "GET /favicon.ico HTTP/1.1" 200 3638 "-" "Mozilla/5.0 (Windows NT 6.1; WOW64) AppleWebKit/537.36 (KHTML, like Gecko) Chrome/32.0.1700.107 Safari/537.36"
107.170.41.69 - - [20/May/2015:12:05:10 +0000] "GET /?flav=atom HTTP/1.1" 200 32352 "-" "Feedbin - 1 subscribers"
66.249.73.135 - - [20/May/2015:12:05:26 +0000] "GET /blog/tags/smartmontools HTTP/1.1" 200 10068 "-" "Mozilla/5.0 (compatible; Googlebot/2.1; +http://www.google.com/bot.html)"
46.105.14.53 - - [20/May/2015:12:05:08 +0000] "GET /blog/tags/puppet?flav=rss20 HTTP/1.1" 200 14872 "-" "UniversalFeedParser/4.2-pre-314-svn +http://feedparser.org/"
50.16.19.13 - - [20/May/2015:12:05:07 +0000] "GET /blog/tags/puppet?flav=rss20 HTTP/1.1" 200 14872 "http://www.semicomplete.com/blog/tags/puppet?flav=rss20" "Tiny Tiny RSS/1.11 (http://tt-rss.org/)"
205.159.86.10 - - [20/May/2015:12:05:33 +0000] "GET /files/logstash/logstash-1.1.3-monolithic.jar HTTP/1.1" 304 - "-" "Mozilla/4.0 (compatible;)"
157.55.33.19 - - [20/May/2015:12:05:23 +0000] "GET /articles/ppp-over-ssh/ HTTP/1.1" 200 18586 "-" "Mozilla/5.0 (compatible; bingbot/2.0; +http://www.bing.com/bingbot.htm)"
199.30.25.233 - - [20/May/2015:12:05:16 +0000] "GET /style2.css HTTP/1.1" 200 4877 "http://www.semicomplete.com/articles/ppp-over-ssh/" "Mozilla/5.0 (Windows NT 6.1; WOW64) AppleWebKit/534+ (KHTML, like Gecko) BingPreview/1.0b"
208.91.156.11 - - [20/May/2015:12:05:34 +0000] "GET /files/logstash/logstash-1.3.2-monolithic.jar HTTP/1.1" 404 324 "-" "Chef Client/10.18.2 (ruby-1.9.3-p327; ohai-6.16.0; x86_64-linux; +http://opscode.com)"
66.249.73.135 - - [20/May/2015:12:05:17 +0000] "GET /blog/geekery/185.html HTTP/1.1" 200 9535 "-" "Mozilla/5.0 (iPhone; CPU iPhone OS 6_0 like Mac OS X) AppleWebKit/536.26 (KHTML, like Gecko) Version/6.0 Mobile/10A5376e Safari/8536.25 (compatible; Googlebot/2.1; +http://www.google.com/bot.html)"
128.118.108.67 - - [20/May/2015:12:05:41 +0000] "GET /favicon.ico HTTP/1.0" 200 3638 "-" "Safari/9537.73.11 CFNetwork/673.0.3 Darwin/13.0.0 (x86_64) (MacBookPro8%2C1)"
74.125.176.149 - - [20/May/2015:12:05:54 +0000] "GET /?flav=rss20 HTTP/1.1" 200 29941 "-" "FeedBurner/1.0 (http://www.FeedBurner.com)"
157.55.33.15 - - [20/May/2015:12:05:39 +0000] "GET /robots.txt HTTP/1.1" 200 - "-" "Mozilla/5.0 (compatible; bingbot/2.0; +http://www.bing.com/bingbot.htm)"
64.237.35.242 - - [20/May/2015:12:05:24 +0000] "GET /files/fastest_sites/ HTTP/1.1" 200 1436 "-" "portscout/0.8.1"
31.41.216.135 - - [20/May/2015:12:05:41 +0000] "GET /files/rubygems615/java-ssl-debug-last-request.txt HTTP/1.1" 200 66717 "-" "Mozilla/4.0 (compatible; MSIE 6.0; Windows NT 5.1; SV1)"
95.108.158.230 - - [20/May/2015:12:05:35 +0000] "GET /robots.txt HTTP/1.1" 200 - "-" "Mozilla/5.0 (compatible; YandexImages/3.0; +http://yandex.com/bots)"
46.105.14.53 - - [20/May/2015:12:05:00 +0000] "GET /blog/tags/puppet?flav=rss20 HTTP/1.1" 200 14872 "-" "UniversalFeedParser/4.2-pre-314-svn +http://feedparser.org/"
157.55.32.190 - - [20/May/2015:12:05:18 +0000] "GET /scripts/python/wrap/wrap.py HTTP/1.1" 200 256 "-" "Mozilla/5.0 (compatible; bingbot/2.0; +http://www.bing.com/bingbot.htm)"
190.131.202.114 - - [20/May/2015:12:05:54 +0000] "GET /presentations/logstash-scale11x/images/ahhh___rage_face_by_samusmmx-d5g5zap.png HTTP/1.1" 200 175208 "-" "Mozilla/5.0 (Macintosh; Intel Mac OS X 10_6_8) AppleWebKit/537.11 (KHTML, like Gecko) Chrome/23.0.1271.64 Safari/537.11"
66.249.73.135 - - [20/May/2015:12:05:47 +0000] "GET /blog/geekery/c-vs-python-bdb.html HTTP/1.1" 200 11388 "-" "Mozilla/5.0 (iPhone; CPU iPhone OS 6_0 like Mac OS X) AppleWebKit/536.26 (KHTML, like Gecko) Version/6.0 Mobile/10A5376e Safari/8536.25 (compatible; Googlebot/2.1; +http://www.google.com/bot.html)"
85.224.97.187 - - [20/May/2015:12:05:35 +0000] "GET /articles/dynamic-dns-with-dhcp/ HTTP/1.1" 200 18848 "https://www.google.se/" "Mozilla/5.0 (Windows NT 6.1; WOW64) AppleWebKit/537.36 (KHTML, like Gecko) Chrome/32.0.1700.107 Safari/537.36"
157.55.33.15 - - [20/May/2015:12:05:34 +0000] "GET /robots.txt HTTP/1.1" 200 - "-" "Mozilla/5.0 (compatible; bingbot/2.0; +http://www.bing.com/bingbot.htm)"
46.118.127.106 - - [20/May/2015:12:05:26 +0000] "GET /presentations/logstash-scale11x/images/ahhh___rage_face_by_samusmmx-d5g5zap.png HTTP/1.1" 200 175208 "-" "Mozilla/5.0 (Macintosh; Intel Mac OS X 10_6_8) AppleWebKit/537.11 (KHTML, like Gecko) Chrome/23.0.1271.64 Safari/537.11"
46.118.127.106 - - [20/May/2015:12:05:48 +0000] "GET /files/fastest_sites/ HTTP/1.1" 200 1436 "-" "portscout/0.8.1"
46.118.127.106 - - [20/May/2015:12:05:17 +0000] "GET /scripts/grok-py-test/configlib.py HTTP/1.1" 200 235 "-" "Mozilla/5.0 (compatible; Googlebot/2.1; +http://www.google.com/bot.html
180.76.5.152 - - [20/May/2015:12:05:25 +0000] "GET /robots.txt HTTP/1.1" 200 - "-" "Mozilla/5.0 (Windows NT 5.1; rv:6.0.2) Gecko/20100101 Firefox/6.0.2"
81.198.20.11 - - [20/May/2015:12:05:59 +0000] "GET /blog HTTP/1.0" 200 37936 "-" "-"
81.198.20.11 - - [20/May/2015:12:05:16 +0000] "HEAD /favicon.ico HTTP/1.0" 200 - "-" "-"
66.249.73.135 - - [20/May/2015:12:05:54 +0000] "GET /blog/geekery/comcast-dns-hijack-breaks-things.html HTTP/1.1" 200 18095 "-" "Mozilla/5.0 (iPhone; CPU iPhone OS 6_0 like Mac OS X) AppleWebKit/536.26 (KHTML, like Gecko) Version/6.0 Mobile/10A5376e Safari/8536.25 (compatible; Googlebot/2.1; +http://www.google.com/bot.html)"
68.14.231.140 - - [20/May/2015:12:05:39 +0000] "GET /presentations/logstash-scale11x/images/kibana-dashboard.png HTTP/1.1" 200 321631 "-" "Mozilla/5.0 (Windows NT 6.2; WOW64) AppleWebKit/537.36 (KHTML, like Gecko) Chrome/32.0.1700.107 Safari/537.36"
46.105.14.53 - - [20/May/2015:12:05:27 +0000] "GET /blog/tags/puppet?flav=rss20 HTTP/1.1" 200 14872 "-" "UniversalFeedParser/4.2-pre-314-svn +http://feedparser.org/"
174.36.228.156 - - [20/May/2015:12:05:00 +0000] "GET /blog HTTP/1.1" 200 37936 "-" "Mozilla/5.0 (X11; U; Linux x86_64; en-US; rv:1.9.0.19; aggregator:Spinn3r (Spinn3r 3.1); http://spinn3r.com/robot) Gecko/2010040121 Firefox/3.0.19"
209.17.114.78 - - [20/May/2015:12:05:41 +0000] "GET /images/elasticsearch-logstash-piesnacking.png HTTP/1.1" 200 21820 "-" "Mozilla/4.0 (compatible; MSIE 6.0; Windows NT 5.2; SV1; .NET CLR 2.0.50727; InfoPath.1)"
67.225.29.201 - - [20/May/2015:12:05:23 +0000] "GET /files/fastest_sites/fastest_sites-20110317.py HTTP/1.1" 200 5052 "-" "fetch libfetch/2.0"
180.76.5.81 - - [20/May/2015:12:05:30 +0000] "GET /blog/geekery/freebsd-ports-master-sites-sorting.html HTTP/1.1" 200 9528 "-" "Mozilla/5.0 (compatible; Baiduspider/2.0; +http://www.baidu.com/search/spider.html)"
