129.184.84.11 - - [20/May/2015:03:05:27 +0000] "GET /images/web/2009/banner.png HTTP/1.1" 200 52315 "http://www.semicomplete.com/style2.css" "Mozilla/5.0 (X11; Linux x86_64; rv:26.0) Gecko/20100101 Firefox/26.0"
83.206.120.18 - - [20/May/2015:03:05:03 +0000] "GET /favicon.ico HTTP/1.1" 200 3638 "-" "Mozilla/5.0 (Windows NT 6.1; Trident/7.0; rv:11.0) like Gecko"
152.23.4.70 - - [20/May/2015:03:05:53 +0000] "GET /projects/xdotool/xdotool.xhtml HTTP/1.1" 200 50112 "http://www.google.com/url?sa=t&rct=j&q=&esrc=s&source=web&cd=1&ved=0CCYQFjAA&url=http%3A%2F%2Fwww.semicomplete.com%2Fprojects%2Fxdotool%2Fxdotool.xhtml&ei=-iICU_TdG4fLkAeV2YCgBQ&usg=AFQjCNFwZFAI0RQdN_N0kFH-oj8cLsJRNQ&bvm=bv.61535280,d.eW0" "Mozilla/5.0 (X11; Linux x86_64; rv:27.0) Gecko/20100101 Firefox/27.0"
152.23.4.70 - - [20/May/2015:03:05:13 +0000] "GET /favicon.ico HTTP/1.1" 200 3638 "-" "Mozilla/5.0 (X11; Linux x86_64; rv:27.0) Gecko/20100101 Firefox/27.0"
128.118.108.67 - - [20/May/2015:03:05:52 +0000] "GET /favicon.ico HTTP/1.0" 200 3638 "-" "Safari/9537.73.11 CFNetwork/673.0.3 Darwin/13.0.0 (x86_64) (MacBookPro8%2C1)"
83.61.80.53 - - [20/May/2015:03:05:39 +0000] "GET /projects/xdotool/ HTTP/1.1" 200 12292 "http://stackoverflow.com/questions/7312527/sending-a-keypress-to-an-application" "Mozilla/5.0 (X11; Linux x86_64; rv:20.0) Gecko/20100101 Firefox/20.0 Iceweasel/20.0"
83.61.80.53 - - [20/May/2015:03:05:40 +0000] "GET /reset.css HTTP/1.1" 200 1015 "http://www.semicomplete.com/projects/xdotool/" "Mozilla/5.0 (X11; Linux x86_64; rv:20.0) Gecko/20100101 Firefox/20.0 Iceweasel/20.0"
83.61.80.53 - - [20/May/2015:03:05:19 +0000] "GET /style2.css HTTP/1.1" 200 4877 "http://www.semicomplete.com/projects/xdotool/" "Mozilla/5.0 (X11; Linux x86_64; rv:20.0) Gecko/20100101 Firefox/20.0 Iceweasel/20.0"
83.61.80.53 - - [20/May/2015:03:05:28 +0000] "GET /favicon.ico HTTP/1.1" 200 3638 "-" "Mozilla/5.0 (X11; Linux x86_64; rv:20.0) Gecko/20100101 Firefox/20.0 Iceweasel/20.0"
83.61.80.53 - - [20/May/2015:03:05:45 +0000] "GET /images/jordan-80.png HTTP/1.1" 200 6146 "http://www.semicomplete.com/projects/xdotool/" "Mozilla/5.0 (X11; Linux x86_64; rv:20.0) Gecko/20100101 Firefox/20.0 Iceweasel/20.0"
83.61.80.53 - - [20/May/2015:03:05:10 +0000] "GET /images/web/2009/banner.png HTTP/1.1" 200 52315 "http://www.semicomplete.com/style2.css" "Mozilla/5.0 (X11; Linux x86_64; rv:20.0) Gecko/20100101 Firefox/20.0 Iceweasel/20.0"
178.118.111.33 - - [20/May/2015:03:05:56 +0000] "GET / HTTP/1.1" 200 37932 "-" "Mozilla/5.0 (Macintosh; Intel Mac OS X 10_9_1) AppleWebKit/537.36 (KHTML, like Gecko) Chrome/32.0.1700.107 Safari/537.36"
178.118.111.33 - - [20/May/2015:03:05:19 +0000] "GET /reset.css HTTP/1.1" 200 1015 "http://www.semicomplete.com/" "Mozilla/5.0 (Macintosh; Intel Mac OS X 10_9_1) AppleWebKit/537.36 (KHTML, like Gecko) Chrome/32.0.1700.107 Safari/537.36"
178.118.111.33 - - [20/May/2015:03:05:56 +0000] "GET /style2.css HTTP/1.1" 200 4877 "http://www.semicomplete.com/" "Mozilla/5.0 (Macintosh; Intel Mac OS X 10_9_1) AppleWebKit/537.36 (KHTML, like Gecko) Chrome/32.0.1700.107 Safari/537.36"
178.118.111.33 - - [20/May/2015:03:05:21 +0000] "GET /images/jordan-80.png HTTP/1.1" 200 6146 "http://www.semicomplete.com/" "Mozilla/5.0 (Macintosh; Intel Mac OS X 10_9_1) AppleWebKit/537.36 (KHTML, like Gecko) Chrome/32.0.1700.107 Safari/537.36"
178.118.111.33 - - [20/May/2015:03:05:04 +0000] "GET /images/web/2009/banner.png HTTP/1.1" 200 52315 "http://www.semicomplete.com/" "Mozilla/5.0 (Macintosh; Intel Mac OS X 10_9_1) AppleWebKit/537.36 (KHTML, like Gecko) Chrome/32.0.1700.107 Safari/537.36"
178.118.111.33 - - [20/May/2015:03:05:08 +0000] "GET /favicon.ico HTTP/1.1" 200 3638 "-" "Mozilla/5.0 (Macintosh; Intel Mac OS X 10_9_1) AppleWebKit/537.36 (KHTML, like Gecko) Chrome/32.0.1700.107 Safari/537.36"
66.249.73.185 - - [20/May/2015:03:05:43 +0000] "GET /kibana/bootstrap/css/bootstrap-responsive.min.css HTTP/1.1" 200 7680 "-" "Mozilla/5.0 (compatible; Googlebot/2.1; +http://www.google.com/bot.html)"
91.231.179.253 - - [20/May/2015:03:05:08 +0000] "GET /blog/geekery/disabling-battery-in-ubuntu-vms.html HTTP/1.1" 200 9316 "https://www.google.it/" "Mozilla/5.0 (Windows NT 6.1; WOW64) AppleWebKit/537.36 (KHTML, like Gecko) Chrome/32.0.1700.107 Safari/537.36"
91.231.179.253 - - [20/May/2015:03:05:39 +0000] "GET /reset.css HTTP/1.1" 200 1015 "http://www.semicomplete.com/blog/geekery/disabling-battery-in-ubuntu-vms.html" "Mozilla/5.0 (Windows NT 6.1; WOW64) AppleWebKit/537.36 (KHTML, like Gecko) Chrome/32.0.1700.107 Safari/537.36"
91.231.179.253 - - [20/May/2015:03:05:57 +0000] "GET /style2.css HTTP/1.1" 200 4877 "http://www.semicomplete.com/blog/geekery/disabling-battery-in-ubuntu-vms.html" "Mozilla/5.0 (Windows NT 6.1; WOW64) AppleWebKit/537.36 (KHTML, like Gecko) Chrome/32.0.1700.107 Safari/537.36"
91.231.179.253 - - [20/May/2015:03:05:03 +0000] "GET /images/jordan-80.png HTTP/1.1" 200 6146 "http://www.semicomplete.com/blog/geekery/disabling-battery-in-ubuntu-vms.html" "Mozilla/5.0 (Windows NT 6.1; WOW64) AppleWebKit/537.36 (KHTML, like Gecko) Chrome/32.0.1700.107 Safari/537.36"
91.231.179.253 - - [20/May/2015:03:05:52 +0000] "GET /images/web/2009/banner.png HTTP/1.1" 200 52315 "http://www.semicomplete.com/blog/geekery/disabling-battery-in-ubuntu-vms.html" "Mozilla/5.0 (Windows NT 6.1; WOW64) AppleWebKit/537.36 (KHTML, like Gecko) Chrome/32.0.1700.107 Safari/537.36"
91.231.179.253 - - [20/May/2015:03:05:40 +0000] "GET /favicon.ico HTTP/1.1" 200 3638 "-" "Mozilla/5.0 (Windows NT 6.1; WOW64) AppleWebKit/537.36 (KHTML, like Gecko) Chrome/32.0.1700.107 Safari/537.36"
208.93.0.48 - - [20/May/2015:03:05:52 +0000] "GET /?flav=rss20 HTTP/1.1" 200 29941 "-" "LiveJournal.com (webmaster@livejournal.com; for http://www.livejournal.com/users/cshpsionic/; 8 readers)"
46.105.14.53 - - [20/May/2015:03:05:06 +0000] "GET /blog/tags/puppet?flav=rss20 HTTP/1.1" 200 14872 "-" "UniversalFeedParser/4.2-pre-314-svn +http://feedparser.org/"
50.16.19.13 - - [20/May/2015:03:05:58 +0000] "GET /blog/tags/puppet?flav=rss20 HTTP/1.1" 200 14872 "http://www.semicomplete.com/blog/tags/puppet?flav=rss20" "Tiny Tiny RSS/1.11 (http://tt-rss.org/)"
50.2.225.202 - - [20/May/2015:03:05:36 +0000] "GET /misc/sample.log HTTP/1.0" 200 54306753 "http://www.semicomplete.com/" "Mozilla/5.0 (Macintosh; Intel Mac OS X 10.7; rv:22.0) Gecko/20100101 Firefox/22.0"
69.175.14.230 - - [20/May/2015:03:05:13 +0000] "GET /wp-login.php?action=register HTTP/1.0" 404 296 "http://www.semicomplete.com/misc/sample.log" "Mozilla/5.0 (Macintosh; Intel Mac OS X 10.7; rv:22.0) Gecko/20100101 Firefox/22.0"
80.187.96.71 - - [20/May/2015:03:05:40 +0000] "GET /images/logstash_OSCON.pdf HTTP/1.1" 200 1693678 "https://www.google.de/" "Mozilla/5.0 (X11; Linux x86_64) AppleWebKit/537.36 (KHTML, like Gecko) Chrome/30.0.1599.114 Safari/537.36"
80.187.96.71 - - [20/May/2015:03:05:33 +0000] "GET /images/logstash_OSCON.pdf HTTP/1.1" 206 32768 "http://semicomplete.com/images/logstash_OSCON.pdf" "Mozilla/5.0 (X11; Linux x86_64) AppleWebKit/537.36 (KHTML, like Gecko) Chrome/30.0.1599.114 Safari/537.36"
80.187.96.71 - - [20/May/2015:03:05:42 +0000] "GET /favicon.ico HTTP/1.1" 200 3638 "-" "Mozilla/5.0 (X11; Linux x86_64) AppleWebKit/537.36 (KHTML, like Gecko) Chrome/30.0.1599.114 Safari/537.36"
80.187.96.71 - - [20/May/2015:03:05:27 +0000] "GET /images/logstash_OSCON.pdf HTTP/1.1" 206 1660910 "http://semicomplete.com/images/logstash_OSCON.pdf" "Mozilla/5.0 (X11; Linux x86_64) AppleWebKit/537.36 (KHTML, like Gecko) Chrome/30.0.1599.114 Safari/537.36"
190.153.25.242 - - [20/May/2015:03:05:57 +0000] "GET /files/logstash/logstash-1.1.0-monolithic.jar HTTP/1.1" 200 40923996 "-" "Mozilla/5.0 (Windows NT 6.1; WOW64) AppleWebKit/537.36 (KHTML, like Gecko) Chrome/32.0.1700.107 Safari/537.36"
190.153.25.242 - - [20/May/2015:03:05:59 +0000] "GET /files/logstash/ HTTP/1.1" 200 13316 "-" "Mozilla/5.0 (Windows NT 6.1; WOW64) AppleWebKit/537.36 (KHTML, like Gecko) Chrome/32.0.1700.107 Safari/537.36"
190.153.25.242 - - [20/May/2015:03:05:17 +0000] "GET /icons/blank.gif HTTP/1.1" 200 148 "http://semicomplete.com/files/logstash/" "Mozilla/5.0 (Windows NT 6.1; WOW64) AppleWebKit/537.36 (KHTML, like Gecko) Chrome/32.0.1700.107 Safari/537.36"
190.153.25.242 - - [20/May/2015:03:05:45 +0000] "GET /icons/back.gif HTTP/1.1" 200 216 "http://semicomplete.com/files/logstash/" "Mozilla/5.0 (Windows NT 6.1; WOW64) AppleWebKit/537.36 (KHTML, like Gecko) Chrome/32.0.1700.107 Safari/537.36"
190.153.25.242 - - [20/May/2015:04:05:22 +0000] "GET /icons/text.gif HTTP/1.1" 200 229 "http://semicomplete.com/files/logstash/" "Mozilla/5.0 (Windows NT 6.1; WOW64) AppleWebKit/537.36 (KHTML, like Gecko) Chrome/32.0.1700.107 Safari/537.36"
190.153.25.242 - - [20/May/2015:04:05:41 +0000] "GET /icons/unknown.gif HTTP/1.1" 200 245 "http://semicomplete.com/files/logstash/" "Mozilla/5.0 (Windows NT 6.1; WOW64) AppleWebKit/537.36 (KHTML, like Gecko) Chrome/32.0.1700.107 Safari/537.36"
190.153.25.242 - - [20/May/2015:04:05:42 +0000] "GET /favicon.ico HTTP/1.1" 200 3638 "-" "Mozilla/5.0 (Windows NT 6.1; WOW64) AppleWebKit/537.36 (KHTML, like Gecko) Chrome/32.0.1700.107 Safari/537.36"
125.122.211.40 - - [20/May/2015:04:05:26 +0000] "GET /articles/dynamic-dns-with-dhcp/ HTTP/1.1" 200 18848 "http://www.baidu.com/s?ie=utf-8&bs=60.191.124.236&f=3&rsv_bp=1&rsv_spt=3&wd=TSIG+error+with+server%3A+tsig+indicates+error&rsv_sug3=2&rsv_sug4=31&rsv_sug1=2&rsp=0&inputT=0" "Mozilla/5.0 (Windows NT 6.1; WOW64; rv:25.0) Gecko/20100101 Firefox/25.0"
125.122.211.40 - - [20/May/2015:04:05:51 +0000] "GET /reset.css HTTP/1.1" 200 1015 "http://www.semicomplete.com/articles/dynamic-dns-with-dhcp/" "Mozilla/5.0 (Windows NT 6.1; WOW64; rv:25.0) Gecko/20100101 Firefox/25.0"
125.122.211.40 - - [20/May/2015:04:05:16 +0000] "GET /style2.css HTTP/1.1" 200 4877 "http://www.semicomplete.com/articles/dynamic-dns-with-dhcp/" "Mozilla/5.0 (Windows NT 6.1; WOW64; rv:25.0) Gecko/20100101 Firefox/25.0"
125.122.211.40 - - [20/May/2015:04:05:34 +0000] "GET /favicon.ico HTTP/1.1" 200 3638 "-" "Mozilla/5.0 (Windows NT 6.1; WOW64; rv:25.0) Gecko/20100101 Firefox/25.0"
125.122.211.40 - - [20/May/2015:04:05:37 +0000] "GET /images/jordan-80.png HTTP/1.1" 200 6146 "http://www.semicomplete.com/articles/dynamic-dns-with-dhcp/" "Mozilla/5.0 (Windows NT 6.1; WOW64; rv:25.0) Gecko/20100101 Firefox/25.0"
125.122.211.40 - - [20/May/2015:04:05:31 +0000] "GET /images/web/2009/banner.png HTTP/1.1" 200 52315 "http://www.semicomplete.com/style2.css" "Mozilla/5.0 (Windows NT 6.1; WOW64; rv:25.0) Gecko/20100101 Firefox/25.0"
106.51.144.106 - - [20/May/2015:04:05:56 +0000] "GET /projects/xdotool HTTP/1.1" 301 339 "http://tuxradar.com/content/xdotool-script-your-mouse" "Mozilla/5.0 (X11; Linux i686) AppleWebKit/537.36 (KHTML, like Gecko) Ubuntu Chromium/32.0.1700.102 Chrome/32.0.1700.102 Safari/537.36"
106.51.144.106 - - [20/May/2015:04:05:13 +0000] "GET /projects/xdotool/ HTTP/1.1" 200 12292 "http://tuxradar.com/content/xdotool-script-your-mouse" "Mozilla/5.0 (X11; Linux i686) AppleWebKit/537.36 (KHTML, like Gecko) Ubuntu Chromium/32.0.1700.102 Chrome/32.0.1700.102 Safari/537.36"
106.51.144.106 - - [20/May/2015:04:05:23 +0000] "GET /reset.css HTTP/1.1" 200 1015 "http://www.semicomplete.com/projects/xdotool/" "Mozilla/5.0 (X11; Linux i686) AppleWebKit/537.36 (KHTML, like Gecko) Ubuntu Chromium/32.0.1700.102 Chrome/32.0.1700.102 Safari/537.36"
106.51.144.106 - - [20/May/2015:04:05:37 +0000] "GET /style2.css HTTP/1.1" 200 4877 "http://www.semicomplete.com/projects/xdotool/" "Mozilla/5.0 (X11; Linux i686) AppleWebKit/537.36 (KHTML, like Gecko) Ubuntu Chromium/32.0.1700.102 Chrome/32.0.1700.102 Safari/537.36"
106.51.144.106 - - [20/May/2015:04:05:58 +0000] "GET /images/jordan-80.png HTTP/1.1" 200 6146 "http://www.semicomplete.com/projects/xdotool/" "Mozilla/5.0 (X11; Linux i686) AppleWebKit/537.36 (KHTML, like Gecko) Ubuntu Chromium/32.0.1700.102 Chrome/32.0.1700.102 Safari/537.36"
106.51.144.106 - - [20/May/2015:04:05:30 +0000] "GET / HTTP/1.1" 200 37932 "-" "Mozilla/5.0 (X11; Linux i686) AppleWebKit/537.36 (KHTML, like Gecko) Ubuntu Chromium/32.0.1700.102 Chrome/32.0.1700.102 Safari/537.36"
106.51.144.106 - - [20/May/2015:04:05:34 +0000] "GET /images/web/2009/banner.png HTTP/1.1" 200 52315 "http://www.semicomplete.com/projects/xdotool/" "Mozilla/5.0 (X11; Linux i686) AppleWebKit/537.36 (KHTML, like Gecko) Ubuntu Chromium/32.0.1700.102 Chrome/32.0.1700.102 Safari/537.36"
119.147.146.189 - - [20/May/2015:04:05:37 +0000] "GET /articles/dynamic-dns-with-dhcp/ HTTP/1.1" 200 18848 "-" "Mozilla/4.0 (compatible; MSIE 6.0; Windows NT 5.1; SV1; .NET CLR 2.0.50727; MAXTHON 2.0)"
66.249.73.135 - - [20/May/2015:04:05:43 +0000] "GET /blog/tags/nodeless HTTP/1.1" 200 10301 "-" "Mozilla/5.0 (iPhone; CPU iPhone OS 6_0 like Mac OS X) AppleWebKit/536.26 (KHTML, like Gecko) Version/6.0 Mobile/10A5376e Safari/8536.25 (compatible; Googlebot/2.1; +http://www.google.com/bot.html)"
107.170.40.203 - - [20/May/2015:04:05:40 +0000] "GET /?flav=atom HTTP/1.1" 200 32352 "-" "Feedbin - 1 subscribers"
62.159.237.82 - - [20/May/2015:04:05:02 +0000] "GET /projects/xdotool/ HTTP/1.1" 200 12292 "-" "Mozilla/5.0 (Windows NT 6.1; WOW64) AppleWebKit/537.36 (KHTML, like Gecko) Chrome/32.0.1700.107 Safari/537.36"
62.159.237.82 - - [20/May/2015:04:05:56 +0000] "GET /reset.css HTTP/1.1" 200 1015 "http://www.semicomplete.com/projects/xdotool/" "Mozilla/5.0 (Windows NT 6.1; WOW64) AppleWebKit/537.36 (KHTML, like Gecko) Chrome/32.0.1700.107 Safari/537.36"
62.159.237.82 - - [20/May/2015:04:05:46 +0000] "GET /style2.css HTTP/1.1" 200 4877 "http://www.semicomplete.com/projects/xdotool/" "Mozilla/5.0 (Windows NT 6.1; WOW64) AppleWebKit/537.36 (KHTML, like Gecko) Chrome/32.0.1700.107 Safari/537.36"
62.159.237.82 - - [20/May/2015:04:05:23 +0000] "GET /images/jordan-80.png HTTP/1.1" 200 6146 "http://www.semicomplete.com/projects/xdotool/" "Mozilla/5.0 (Windows NT 6.1; WOW64) AppleWebKit/537.36 (KHTML, like Gecko) Chrome/32.0.1700.107 Safari/537.36"
62.159.237.82 - - [20/May/2015:04:05:07 +0000] "GET /images/web/2009/banner.png HTTP/1.1" 200 52315 "http://www.semicomplete.com/projects/xdotool/" "Mozilla/5.0 (Windows NT 6.1; WOW64) AppleWebKit/537.36 (KHTML, like Gecko) Chrome/32.0.1700.107 Safari/537.36"
62.159.237.82 - - [20/May/2015:04:05:44 +0000] "GET /favicon.ico HTTP/1.1" 200 3638 "-" "Mozilla/5.0 (Windows NT 6.1; WOW64) AppleWebKit/537.36 (KHTML, like Gecko) Chrome/32.0.1700.107 Safari/537.36"
198.46.149.143 - - [20/May/2015:04:05:08 +0000] "GET /blog/geekery/disabling-battery-in-ubuntu-vms.html?utm_source=feedburner&utm_medium=feed&utm_campaign=Feed%3A+semicomplete%2Fmain+%28semicomplete.com+-+Jordan+Sissel%29 HTTP/1.1" 200 9316 "-" "Tiny Tiny RSS/1.11 (http://tt-rss.org/)"
198.46.149.143 - - [20/May/2015:04:05:20 +0000] "GET /blog/geekery/solving-good-or-bad-problems.html?utm_source=feedburner&utm_medium=feed&utm_campaign=Feed%3A+semicomplete%2Fmain+%28semicomplete.com+-+Jordan+Sissel%29 HTTP/1.1" 200 10756 "-" "Tiny Tiny RSS/1.11 (http://tt-rss.org/)"
161.72.16.78 - - [20/May/2015:04:05:11 +0000] "GET /articles/dynamic-dns-with-dhcp/ HTTP/1.1" 200 18848 "-" "Mozilla/5.0 (X11; Linux i686) AppleWebKit/537.36 (KHTML, like Gecko) Chrome/34.0.1838.2 Safari/537.36"
46.105.14.53 - - [20/May/2015:04:05:46 +0000] "GET /blog/tags/puppet?flav=rss20 HTTP/1.1" 200 14872 "-" "UniversalFeedParser/4.2-pre-314-svn +http://feedparser.org/"
190.153.25.242 - - [20/May/2015:04:05:13 +0000] "GET /files/logstash/logstash-1.1.9-monolithic.jar HTTP/1.1" 200 69192717 "-" "curl/7.22.0 (i686-pc-linux-gnu) libcurl/7.22.0 OpenSSL/1.0.1 zlib/1.2.3.4 libidn/1.23 librtmp/2.3"
66.249.73.135 - - [20/May/2015:04:05:09 +0000] "GET /blog/tags/testing HTTP/1.1" 200 13982 "-" "Mozilla/5.0 (iPhone; CPU iPhone OS 6_0 like Mac OS X) AppleWebKit/536.26 (KHTML, like Gecko) Version/6.0 Mobile/10A5376e Safari/8536.25 (compatible; Googlebot/2.1; +http://www.google.com/bot.html)"
46.105.14.53 - - [20/May/2015:04:05:04 +0000] "GET /blog/tags/puppet?flav=rss20 HTTP/1.1" 200 14872 "-" "UniversalFeedParser/4.2-pre-314-svn +http://feedparser.org/"
212.48.66.64 - - [20/May/2015:04:05:35 +0000] "HEAD / HTTP/1.0" 200 - "-" "Opera/9.64(Windows NT 5.1; U; en) Presto/2.1.1"
108.15.20.23 - - [20/May/2015:04:05:43 +0000] "GET /projects/xdotool/ HTTP/1.1" 200 12292 "https://www.google.com/" "Mozilla/5.0 (Macintosh; Intel Mac OS X 10_9_1) AppleWebKit/537.36 (KHTML, like Gecko) Chrome/32.0.1700.107 Safari/537.36"
108.15.20.23 - - [20/May/2015:04:05:29 +0000] "GET /reset.css HTTP/1.1" 200 1015 "http://www.semicomplete.com/projects/xdotool/" "Mozilla/5.0 (Macintosh; Intel Mac OS X 10_9_1) AppleWebKit/537.36 (KHTML, like Gecko) Chrome/32.0.1700.107 Safari/537.36"
108.15.20.23 - - [20/May/2015:04:05:32 +0000] "GET /style2.css HTTP/1.1" 200 4877 "http://www.semicomplete.com/projects/xdotool/" "Mozilla/5.0 (Macintosh; Intel Mac OS X 10_9_1) AppleWebKit/537.36 (KHTML, like Gecko) Chrome/32.0.1700.107 Safari/537.36"
108.15.20.23 - - [20/May/2015:04:05:23 +0000] "GET /images/jordan-80.png HTTP/1.1" 200 6146 "http://www.semicomplete.com/projects/xdotool/" "Mozilla/5.0 (Macintosh; Intel Mac OS X 10_9_1) AppleWebKit/537.36 (KHTML, like Gecko) Chrome/32.0.1700.107 Safari/537.36"
108.15.20.23 - - [20/May/2015:04:05:04 +0000] "GET /images/web/2009/banner.png HTTP/1.1" 200 52315 "http://www.semicomplete.com/projects/xdotool/" "Mozilla/5.0 (Macintosh; Intel Mac OS X 10_9_1) AppleWebKit/537.36 (KHTML, like Gecko) Chrome/32.0.1700.107 Safari/537.36"
108.15.20.23 - - [20/May/2015:04:05:10 +0000] "GET /favicon.ico HTTP/1.1" 200 3638 "-" "Mozilla/5.0 (Macintosh; Intel Mac OS X 10_9_1) AppleWebKit/537.36 (KHTML, like Gecko) Chrome/32.0.1700.107 Safari/537.36"
66.249.73.135 - - [20/May/2015:04:05:24 +0000] "GET /?flav=atom HTTP/1.1" 200 32352 "-" "Mozilla/5.0 (compatible; Googlebot/2.1; +http://www.google.com/bot.html)"
128.118.108.67 - - [20/May/2015:04:05:19 +0000] "GET /favicon.ico HTTP/1.0" 200 3638 "-" "Safari/9537.73.11 CFNetwork/673.0.3 Darwin/13.0.0 (x86_64) (MacBookPro8%2C1)"
74.125.176.146 - - [20/May/2015:04:05:46 +0000] "GET /?flav=rss20 HTTP/1.1" 200 29941 "-" "FeedBurner/1.0 (http://www.FeedBurner.com)"
209.85.238.199 - - [20/May/2015:04:05:37 +0000] "GET /blog/tags/firefox?flav=rss20 HTTP/1.1" 200 16021 "-" "Feedfetcher-Google; (+http://www.google.com/feedfetcher.html; 3 subscribers; feed-id=14171215010336145331)"
66.249.73.135 - - [20/May/2015:04:05:27 +0000] "GET /?flav=rss20 HTTP/1.1" 200 29941 "-" "Mozilla/5.0 (compatible; Googlebot/2.1; +http://www.google.com/bot.html)"
46.105.14.53 - - [20/May/2015:04:05:32 +0000] "GET /blog/tags/puppet?flav=rss20 HTTP/1.1" 200 14872 "-" "UniversalFeedParser/4.2-pre-314-svn +http://feedparser.org/"
66.249.73.135 - - [20/May/2015:04:05:57 +0000] "GET /projects/newpsm/patch-CURRENT-Apr.13.06.newmoused+newpsm HTTP/1.1" 304 - "-" "Mozilla/5.0 (iPhone; CPU iPhone OS 6_0 like Mac OS X) AppleWebKit/536.26 (KHTML, like Gecko) Version/6.0 Mobile/10A5376e Safari/8536.25 (compatible; Googlebot/2.1; +http://www.google.com/bot.html)"
108.61.140.67 - - [20/May/2015:04:05:17 +0000] "GET /images/googledotcom.png HTTP/1.1" 200 65748 "-" "Mozilla/4.0 (compatible; MSIE 6.0; Windows NT 5.2; SV1; .NET CLR 2.0.50727; InfoPath.1)"
83.61.80.53 - - [20/May/2015:04:05:15 +0000] "GET /projects/xdotool/ HTTP/1.1" 200 12292 "http://www.google.com/url?sa=t&rct=j&q=&esrc=s&source=web&cd=1&cad=rja&ved=0CCcQFjAA&url=http%3A%2F%2Fwww.semicomplete.com%2Fprojects%2Fxdotool%2F&ei=YCcCU-2XH4X70gWjhIH4Ag&usg=AFQjCNE3V_aCf3-gfNcbS924S6jZ6FqffA&bvm=bv.61535280,d.d2k" "Mozilla/5.0 (X11; Linux x86_64; rv:20.0) Gecko/20100101 Firefox/20.0 Iceweasel/20.0"
83.61.80.53 - - [20/May/2015:04:05:23 +0000] "GET /projects/xdotool/xdotool.xhtml HTTP/1.1" 200 50112 "http://www.google.com/url?sa=t&rct=j&q=&esrc=s&source=web&cd=2&ved=0CD8Q0gIoAjAB&url=http%3A%2F%2Fwww.semicomplete.com%2Fprojects%2Fxdotool%2Fxdotool.xhtml%23keyboard_commands&ei=YCcCU-2XH4X70gWjhIH4Ag&usg=AFQjCNFwZFAI0RQdN_N0kFH-oj8cLsJRNQ&bvm=bv.61535280,d.d2k" "Mozilla/5.0 (X11; Linux x86_64; rv:20.0) Gecko/20100101 Firefox/20.0 Iceweasel/20.0"
68.180.224.225 - - [20/May/2015:04:05:42 +0000] "GET /blog/geekery/adventures-in-rpc-land.html HTTP/1.1" 200 8917 "-" "Mozilla/5.0 (compatible; Yahoo! Slurp; http://help.yahoo.com/help/us/ysearch/slurp)"
83.61.80.53 - - [20/May/2015:04:05:30 +0000] "GET /files/xdotool/docs HTTP/1.1" 301 341 "http://www.semicomplete.com/projects/xdotool/" "Mozilla/5.0 (X11; Linux x86_64; rv:20.0) Gecko/20100101 Firefox/20.0 Iceweasel/20.0"
83.61.80.53 - - [20/May/2015:04:05:40 +0000] "GET /files/xdotool/docs/ HTTP/1.1" 200 1328 "http://www.semicomplete.com/projects/xdotool/" "Mozilla/5.0 (X11; Linux x86_64; rv:20.0) Gecko/20100101 Firefox/20.0 Iceweasel/20.0"
83.61.80.53 - - [20/May/2015:04:05:36 +0000] "GET /icons/blank.gif HTTP/1.1" 200 148 "http://www.semicomplete.com/files/xdotool/docs/" "Mozilla/5.0 (X11; Linux x86_64; rv:20.0) Gecko/20100101 Firefox/20.0 Iceweasel/20.0"
83.61.80.53 - - [20/May/2015:04:05:22 +0000] "GET /icons/back.gif HTTP/1.1" 200 216 "http://www.semicomplete.com/files/xdotool/docs/" "Mozilla/5.0 (X11; Linux x86_64; rv:20.0) Gecko/20100101 Firefox/20.0 Iceweasel/20.0"
83.61.80.53 - - [20/May/2015:04:05:59 +0000] "GET /icons/folder.gif HTTP/1.1" 200 225 "http://www.semicomplete.com/files/xdotool/docs/" "Mozilla/5.0 (X11; Linux x86_64; rv:20.0) Gecko/20100101 Firefox/20.0 Iceweasel/20.0"
50.16.19.13 - - [20/May/2015:04:05:58 +0000] "GET /blog/tags/puppet?flav=rss20 HTTP/1.1" 200 14872 "http://www.semicomplete.com/blog/tags/puppet?flav=rss20" "Tiny Tiny RSS/1.11 (http://tt-rss.org/)"
83.61.80.53 - - [20/May/2015:04:05:47 +0000] "GET /files/xdotool/docs/html/ HTTP/1.1" 200 3870 "http://www.semicomplete.com/files/xdotool/docs/" "Mozilla/5.0 (X11; Linux x86_64; rv:20.0) Gecko/20100101 Firefox/20.0 Iceweasel/20.0"
83.61.80.53 - - [20/May/2015:04:05:37 +0000] "GET /files/xdotool/docs/html/tabs.css HTTP/1.1" 200 1844 "http://www.semicomplete.com/files/xdotool/docs/html/" "Mozilla/5.0 (X11; Linux x86_64; rv:20.0) Gecko/20100101 Firefox/20.0 Iceweasel/20.0"
83.61.80.53 - - [20/May/2015:04:05:26 +0000] "GET /files/xdotool/docs/html/search/search.css HTTP/1.1" 200 3843 "http://www.semicomplete.com/files/xdotool/docs/html/" "Mozilla/5.0 (X11; Linux x86_64; rv:20.0) Gecko/20100101 Firefox/20.0 Iceweasel/20.0"
83.61.80.53 - - [20/May/2015:04:05:16 +0000] "GET /files/xdotool/docs/html/search/search.js HTTP/1.1" 200 21330 "http://www.semicomplete.com/files/xdotool/docs/html/" "Mozilla/5.0 (X11; Linux x86_64; rv:20.0) Gecko/20100101 Firefox/20.0 Iceweasel/20.0"
83.61.80.53 - - [20/May/2015:04:05:43 +0000] "GET /files/xdotool/docs/html/doxygen.css HTTP/1.1" 200 7911 "http://www.semicomplete.com/files/xdotool/docs/html/" "Mozilla/5.0 (X11; Linux x86_64; rv:20.0) Gecko/20100101 Firefox/20.0 Iceweasel/20.0"
83.61.80.53 - - [20/May/2015:04:05:15 +0000] "GET /files/xdotool/docs/html/search/search.png HTTP/1.1" 200 527 "http://www.semicomplete.com/files/xdotool/docs/html/" "Mozilla/5.0 (X11; Linux x86_64; rv:20.0) Gecko/20100101 Firefox/20.0 Iceweasel/20.0"
83.61.80.53 - - [20/May/2015:04:05:03 +0000] "GET /files/xdotool/docs/html/search/close.png HTTP/1.1" 200 273 "http://www.semicomplete.com/files/xdotool/docs/html/" "Mozilla/5.0 (X11; Linux x86_64; rv:20.0) Gecko/20100101 Firefox/20.0 Iceweasel/20.0"
83.61.80.53 - - [20/May/2015:04:05:29 +0000] "GET /files/xdotool/docs/html/doxygen.png HTTP/1.1" 200 1281 "http://www.semicomplete.com/files/xdotool/docs/html/" "Mozilla/5.0 (X11; Linux x86_64; rv:20.0) Gecko/20100101 Firefox/20.0 Iceweasel/20.0"
83.61.80.53 - - [20/May/2015:04:05:37 +0000] "GET /files/xdotool/docs/html/tab_b.gif HTTP/1.1" 200 35 "http://www.semicomplete.com/files/xdotool/docs/html/tabs.css" "Mozilla/5.0 (X11; Linux x86_64; rv:20.0) Gecko/20100101 Firefox/20.0 Iceweasel/20.0"
83.61.80.53 - - [20/May/2015:04:05:50 +0000] "GET /files/xdotool/docs/html/tab_r.gif HTTP/1.1" 200 2585 "http://www.semicomplete.com/files/xdotool/docs/html/tabs.css" "Mozilla/5.0 (X11; Linux x86_64; rv:20.0) Gecko/20100101 Firefox/20.0 Iceweasel/20.0"
83.61.80.53 - - [20/May/2015:04:05:09 +0000] "GET /files/xdotool/docs/html/tab_l.gif HTTP/1.1" 200 706 "http://www.semicomplete.com/files/xdotool/docs/html/tabs.css" "Mozilla/5.0 (X11; Linux x86_64; rv:20.0) Gecko/20100101 Firefox/20.0 Iceweasel/20.0"
83.61.80.53 - - [20/May/2015:04:05:04 +0000] "GET /files/xdotool/docs/html/xdo_8h.html HTTP/1.1" 200 145776 "http://www.semicomplete.com/files/xdotool/docs/html/" "Mozilla/5.0 (X11; Linux x86_64; rv:20.0) Gecko/20100101 Firefox/20.0 Iceweasel/20.0"
83.61.80.53 - - [20/May/2015:04:05:35 +0000] "GET /files/xdotool/docs/html/globals.html HTTP/1.1" 200 12273 "http://www.semicomplete.com/files/xdotool/docs/html/xdo_8h.html" "Mozilla/5.0 (X11; Linux x86_64; rv:20.0) Gecko/20100101 Firefox/20.0 Iceweasel/20.0"
23.94.36.245 - - [20/May/2015:04:05:52 +0000] "GET /misc/sample.log HTTP/1.0" 200 54306753 "http://www.semicomplete.com/" "Mozilla/5.0 (Macintosh; Intel Mac OS X 10.7; rv:22.0) Gecko/20100101 Firefox/22.0"
23.94.36.245 - - [20/May/2015:04:05:21 +0000] "GET /blog/geekery/mounting-partitions-within-a-disk-image-in-linux.html HTTP/1.0" 200 9699 "http://www.semicomplete.com/" "Mozilla/5.0 (Macintosh; Intel Mac OS X 10.7; rv:22.0) Gecko/20100101 Firefox/22.0"
66.249.73.135 - - [20/May/2015:04:05:50 +0000] "GET /presentations/unix-basics/images/metacity-gnome.png HTTP/1.1" 200 713096 "-" "Googlebot-Image/1.0"
46.105.14.53 - - [20/May/2015:04:05:36 +0000] "GET /blog/tags/puppet?flav=rss20 HTTP/1.1" 200 14872 "-" "UniversalFeedParser/4.2-pre-314-svn +http://feedparser.org/"
194.105.145.147 - - [20/May/2015:04:05:08 +0000] "GET /blog/geekery/puppet-exported-resource-expiration.html HTTP/1.1" 200 9804 "https://www.google.com.ua/" "Mozilla/5.0 (Windows NT 6.1; WOW64) AppleWebKit/537.36 (KHTML, like Gecko) Chrome/32.0.1700.102 Safari/537.36"
194.105.145.147 - - [20/May/2015:04:05:36 +0000] "GET /reset.css HTTP/1.1" 200 1015 "http://www.semicomplete.com/blog/geekery/puppet-exported-resource-expiration.html" "Mozilla/5.0 (Windows NT 6.1; WOW64) AppleWebKit/537.36 (KHTML, like Gecko) Chrome/32.0.1700.102 Safari/537.36"
194.105.145.147 - - [20/May/2015:04:05:28 +0000] "GET /style2.css HTTP/1.1" 200 4877 "http://www.semicomplete.com/blog/geekery/puppet-exported-resource-expiration.html" "Mozilla/5.0 (Windows NT 6.1; WOW64) AppleWebKit/537.36 (KHTML, like Gecko) Chrome/32.0.1700.102 Safari/537.36"
194.105.145.147 - - [20/May/2015:04:05:09 +0000] "GET /images/jordan-80.png HTTP/1.1" 200 6146 "http://www.semicomplete.com/blog/geekery/puppet-exported-resource-expiration.html" "Mozilla/5.0 (Windows NT 6.1; WOW64) AppleWebKit/537.36 (KHTML, like Gecko) Chrome/32.0.1700.102 Safari/537.36"
194.105.145.147 - - [20/May/2015:04:05:52 +0000] "GET /images/web/2009/banner.png HTTP/1.1" 200 52315 "http://www.semicomplete.com/blog/geekery/puppet-exported-resource-expiration.html" "Mozilla/5.0 (Windows NT 6.1; WOW64) AppleWebKit/537.36 (KHTML, like Gecko) Chrome/32.0.1700.102 Safari/537.36"
194.105.145.147 - - [20/May/2015:04:05:56 +0000] "GET /favicon.ico HTTP/1.1" 200 3638 "-" "Mozilla/5.0 (Windows NT 6.1; WOW64) AppleWebKit/537.36 (KHTML, like Gecko) Chrome/32.0.1700.102 Safari/537.36"
5.102.48.12 - - [20/May/2015:04:05:42 +0000] "GET /favicon.ico HTTP/1.1" 200 3638 "-" "Mozilla/5.0 (X11; Linux x86_64; rv:27.0) Gecko/20100101 Firefox/27.0 Iceweasel/27.0"
66.249.73.135 - - [20/May/2015:04:05:05 +0000] "GET /projects/pmbackup/ HTTP/1.1" 200 15945 "-" "Mozilla/5.0 (compatible; Googlebot/2.1; +http://www.google.com/bot.html)"
54.242.115.144 - - [20/May/2015:04:05:09 +0000] "GET /presentations/logstash-scale11x/ HTTP/1.1" 200 54239 "-" "Mozilla/5.0 (Macintosh; U; Intel Mac OS X 10.6; en-US; rv:1.9.2) Gecko/20100115 Firefox/3.6 (FlipboardProxy/1.1; +http://flipboard.com/browserproxy)"
66.249.85.135 - - [20/May/2015:04:05:27 +0000] "GET / HTTP/1.1" 200 37932 "-" "Mozilla/5.0 (Windows NT 6.1; rv:6.0) Gecko/20110814 Firefox/6.0 Google favicon"
66.249.85.135 - - [20/May/2015:04:05:46 +0000] "GET /favicon.ico HTTP/1.1" 200 3638 "-" "Mozilla/5.0 (Windows NT 6.1; rv:6.0) Gecko/20110814 Firefox/6.0 Google favicon"
94.228.34.233 - - [20/May/2015:04:05:02 +0000] "GET /resume.xml HTTP/1.1" 304 - "-" "magpie-crawler/1.1 (U; Linux amd64; en-GB; +http://www.brandwatch.net)"
183.83.4.248 - - [20/May/2015:04:05:27 +0000] "GET /favicon.ico HTTP/1.1" 200 3638 "-" "Mozilla/5.0 (Windows NT 6.1; WOW64; rv:27.0) Gecko/20100101 Firefox/27.0"
202.134.13.137 - - [20/May/2015:04:05:49 +0000] "GET /images/googledotcom.png HTTP/1.1" 200 65748 "-" "Dalvik/1.6.0 (Linux; U; Android 4.2.2; Symphony W68 Build/JDQ39)"
66.249.73.135 - - [20/May/2015:04:05:24 +0000] "GET /scripts/tune-ospf-metrics.rb HTTP/1.1" 304 - "-" "Mozilla/5.0 (iPhone; CPU iPhone OS 6_0 like Mac OS X) AppleWebKit/536.26 (KHTML, like Gecko) Version/6.0 Mobile/10A5376e Safari/8536.25 (compatible; Googlebot/2.1; +http://www.google.com/bot.html)"
178.213.66.2 - - [20/May/2015:04:05:57 +0000] "GET /blog/tags/jquery%20mobile HTTP/1.1" 200 9571 "http://www.google.fr/url?sa=t&rct=j&q=&esrc=s&source=web&cd=14&ved=0CMoBEBYwDQ&url=http%3A%2F%2Fwww.semicomplete.com%2Fblog%2Ftags%2Fjquery%2520mobile&ei=sCgCU5KrBsSe0QWHx4DAAg&usg=AFQjCNHmLYX9aoOZ44fBHqIez5bhZjlmiQ&sig2=0YkkjEfoHpB0dUXiYmJRJA" "Mozilla/5.0 (Windows NT 5.1; rv:26.0) Gecko/20100101 Firefox/26.0"
178.213.66.2 - - [20/May/2015:04:05:11 +0000] "GET /favicon.ico HTTP/1.1" 200 3638 "-" "Mozilla/5.0 (Windows NT 5.1; rv:26.0) Gecko/20100101 Firefox/26.0"
178.213.66.2 - - [20/May/2015:04:05:20 +0000] "GET /reset.css HTTP/1.1" 200 1015 "http://www.semicomplete.com/blog/tags/jquery%20mobile" "Mozilla/5.0 (Windows NT 5.1; rv:26.0) Gecko/20100101 Firefox/26.0"
178.213.66.2 - - [20/May/2015:04:05:18 +0000] "GET /style2.css HTTP/1.1" 200 4877 "http://www.semicomplete.com/blog/tags/jquery%20mobile" "Mozilla/5.0 (Windows NT 5.1; rv:26.0) Gecko/20100101 Firefox/26.0"
178.213.66.2 - - [20/May/2015:04:05:22 +0000] "GET /images/jordan-80.png HTTP/1.1" 200 6146 "http://www.semicomplete.com/blog/tags/jquery%20mobile" "Mozilla/5.0 (Windows NT 5.1; rv:26.0) Gecko/20100101 Firefox/26.0"
178.213.66.2 - - [20/May/2015:04:05:08 +0000] "GET /images/web/2009/banner.png HTTP/1.1" 200 52315 "http://www.semicomplete.com/style2.css" "Mozilla/5.0 (Windows NT 5.1; rv:26.0) Gecko/20100101 Firefox/26.0"
178.17.6.226 - - [20/May/2015:04:05:49 +0000] "GET /blog/geekery/ssl-latency.html HTTP/1.1" 200 17147 "https://www.google.cz/" "Mozilla/5.0 (X11; Linux x86_64) AppleWebKit/537.36 (KHTML, like Gecko) Chrome/32.0.1700.107 Safari/537.36"
178.17.6.226 - - [20/May/2015:04:05:34 +0000] "GET /reset.css HTTP/1.1" 200 1015 "http://www.semicomplete.com/blog/geekery/ssl-latency.html" "Mozilla/5.0 (X11; Linux x86_64) AppleWebKit/537.36 (KHTML, like Gecko) Chrome/32.0.1700.107 Safari/537.36"
178.17.6.226 - - [20/May/2015:04:05:59 +0000] "GET /style2.css HTTP/1.1" 200 4877 "http://www.semicomplete.com/blog/geekery/ssl-latency.html" "Mozilla/5.0 (X11; Linux x86_64) AppleWebKit/537.36 (KHTML, like Gecko) Chrome/32.0.1700.107 Safari/537.36"
178.17.6.226 - - [20/May/2015:04:05:15 +0000] "GET /images/jordan-80.png HTTP/1.1" 200 6146 "http://www.semicomplete.com/blog/geekery/ssl-latency.html" "Mozilla/5.0 (X11; Linux x86_64) AppleWebKit/537.36 (KHTML, like Gecko) Chrome/32.0.1700.107 Safari/537.36"
178.17.6.226 - - [20/May/2015:04:05:46 +0000] "GET /images/web/2009/banner.png HTTP/1.1" 200 52315 "http://www.semicomplete.com/blog/geekery/ssl-latency.html" "Mozilla/5.0 (X11; Linux x86_64) AppleWebKit/537.36 (KHTML, like Gecko) Chrome/32.0.1700.107 Safari/537.36"
24.5.221.92 - - [20/May/2015:04:05:41 +0000] "GET /blog/geekery/debugging-java-performance.html HTTP/1.1" 200 15796 "http://www.google.com/url?q=http%3A%2F%2Fwww.semicomplete.com%2Fblog%2Fgeekery%2Fdebugging-java-performance.html&sa=D&sntz=1&usg=AFQjCNFgR7aFxXcrj6-7fq5tHZbG_NNoKg" "Mozilla/5.0 (Macintosh; Intel Mac OS X 10_9_1) AppleWebKit/537.36 (KHTML, like Gecko) Chrome/32.0.1700.107 Safari/537.36"
24.5.221.92 - - [20/May/2015:04:05:21 +0000] "GET /reset.css HTTP/1.1" 200 1015 "http://www.semicomplete.com/blog/geekery/debugging-java-performance.html" "Mozilla/5.0 (Macintosh; Intel Mac OS X 10_9_1) AppleWebKit/537.36 (KHTML, like Gecko) Chrome/32.0.1700.107 Safari/537.36"
24.5.221.92 - - [20/May/2015:04:05:55 +0000] "GET /style2.css HTTP/1.1" 200 4877 "http://www.semicomplete.com/blog/geekery/debugging-java-performance.html" "Mozilla/5.0 (Macintosh; Intel Mac OS X 10_9_1) AppleWebKit/537.36 (KHTML, like Gecko) Chrome/32.0.1700.107 Safari/537.36"
24.5.221.92 - - [20/May/2015:04:05:17 +0000] "GET /images/jordan-80.png HTTP/1.1" 200 6146 "http://www.semicomplete.com/blog/geekery/debugging-java-performance.html" "Mozilla/5.0 (Macintosh; Intel Mac OS X 10_9_1) AppleWebKit/537.36 (KHTML, like Gecko) Chrome/32.0.1700.107 Safari/537.36"
24.5.221.92 - - [20/May/2015:04:05:52 +0000] "GET /images/web/2009/banner.png HTTP/1.1" 200 52315 "http://www.semicomplete.com/blog/geekery/debugging-java-performance.html" "Mozilla/5.0 (Macintosh; Intel Mac OS X 10_9_1) AppleWebKit/537.36 (KHTML, like Gecko) Chrome/32.0.1700.107 Safari/537.36"
178.17.6.226 - - [20/May/2015:04:05:42 +0000] "GET /favicon.ico HTTP/1.1" 200 3638 "-" "Mozilla/5.0 (X11; Linux x86_64) AppleWebKit/537.36 (KHTML, like Gecko) Chrome/32.0.1700.107 Safari/537.36"
212.33.34.196 - - [20/May/2015:04:05:02 +0000] "GET /projects/xdotool/ HTTP/1.1" 200 12292 "http://unix.stackexchange.com/questions/113901/control-keyboard-input-on-gui-over-ssh/113912?noredirect=1" "Mozilla/5.0 (Windows NT 6.1; WOW64; rv:27.0) Gecko/20100101 Firefox/27.0"
212.33.34.196 - - [20/May/2015:04:05:38 +0000] "GET /style2.css HTTP/1.1" 200 4877 "http://www.semicomplete.com/projects/xdotool/" "Mozilla/5.0 (Windows NT 6.1; WOW64; rv:27.0) Gecko/20100101 Firefox/27.0"
212.33.34.196 - - [20/May/2015:04:05:32 +0000] "GET /reset.css HTTP/1.1" 200 1015 "http://www.semicomplete.com/projects/xdotool/" "Mozilla/5.0 (Windows NT 6.1; WOW64; rv:27.0) Gecko/20100101 Firefox/27.0"
212.33.34.196 - - [20/May/2015:04:05:26 +0000] "GET /favicon.ico HTTP/1.1" 200 3638 "-" "Mozilla/5.0 (Windows NT 6.1; WOW64; rv:27.0) Gecko/20100101 Firefox/27.0"
212.33.34.196 - - [20/May/2015:04:05:21 +0000] "GET /images/jordan-80.png HTTP/1.1" 200 6146 "http://www.semicomplete.com/projects/xdotool/" "Mozilla/5.0 (Windows NT 6.1; WOW64; rv:27.0) Gecko/20100101 Firefox/27.0"
212.33.34.196 - - [20/May/2015:04:05:51 +0000] "GET /images/web/2009/banner.png HTTP/1.1" 200 52315 "http://www.semicomplete.com/style2.css" "Mozilla/5.0 (Windows NT 6.1; WOW64; rv:27.0) Gecko/20100101 Firefox/27.0"
46.105.14.53 - - [20/May/2015:04:05:34 +0000] "GET /blog/tags/puppet?flav=rss20 HTTP/1.1" 200 14872 "-" "UniversalFeedParser/4.2-pre-314-svn +http://feedparser.org/"
212.33.34.196 - - [20/May/2015:04:05:20 +0000] "GET /projects/xdotool/xdotool.xhtml HTTP/1.1" 200 50112 "http://www.semicomplete.com/projects/xdotool/" "Mozilla/5.0 (Windows NT 6.1; WOW64; rv:27.0) Gecko/20100101 Firefox/27.0"
208.91.156.11 - - [20/May/2015:04:05:43 +0000] "GET /files/logstash/logstash-1.3.2-monolithic.jar HTTP/1.1" 404 324 "-" "Chef Client/10.18.2 (ruby-1.9.3-p327; ohai-6.16.0; x86_64-linux; +http://opscode.com)"
147.210.12.12 - - [20/May/2015:04:05:50 +0000] "GET /presentations/logstash-puppetconf-2012/images/xkcd-perl.png HTTP/1.1" 200 80663 "-" "Mozilla/5.0 (X11; Linux x86_64; rv:27.0) Gecko/20100101 Firefox/27.0"
128.118.108.67 - - [20/May/2015:05:05:11 +0000] "GET /favicon.ico HTTP/1.0" 200 3638 "-" "Safari/9537.73.11 CFNetwork/673.0.3 Darwin/13.0.0 (x86_64) (MacBookPro8%2C1)"
209.85.238.199 - - [20/May/2015:05:05:22 +0000] "GET /?flav=rss20 HTTP/1.1" 200 29941 "-" "Feedfetcher-Google; (+http://www.google.com/feedfetcher.html; 22 subscribers; feed-id=8321906634162087507)"
79.176.36.151 - - [20/May/2015:05:05:29 +0000] "GET /articles/dynamic-dns-with-dhcp/ HTTP/1.1" 200 18848 "https://www.google.co.il/" "Mozilla/5.0 (Windows NT 6.1) AppleWebKit/537.36 (KHTML, like Gecko) Chrome/32.0.1700.107 Safari/537.36"
79.176.36.151 - - [20/May/2015:05:05:47 +0000] "GET /reset.css HTTP/1.1" 200 1015 "http://www.semicomplete.com/articles/dynamic-dns-with-dhcp/" "Mozilla/5.0 (Windows NT 6.1) AppleWebKit/537.36 (KHTML, like Gecko) Chrome/32.0.1700.107 Safari/537.36"
79.176.36.151 - - [20/May/2015:05:05:02 +0000] "GET /style2.css HTTP/1.1" 200 4877 "http://www.semicomplete.com/articles/dynamic-dns-with-dhcp/" "Mozilla/5.0 (Windows NT 6.1) AppleWebKit/537.36 (KHTML, like Gecko) Chrome/32.0.1700.107 Safari/537.36"
79.176.36.151 - - [20/May/2015:05:05:35 +0000] "GET /images/jordan-80.png HTTP/1.1" 200 6146 "http://www.semicomplete.com/articles/dynamic-dns-with-dhcp/" "Mozilla/5.0 (Windows NT 6.1) AppleWebKit/537.36 (KHTML, like Gecko) Chrome/32.0.1700.107 Safari/537.36"
79.176.36.151 - - [20/May/2015:05:05:47 +0000] "GET /images/web/2009/banner.png HTTP/1.1" 200 52315 "http://www.semicomplete.com/articles/dynamic-dns-with-dhcp/" "Mozilla/5.0 (Windows NT 6.1) AppleWebKit/537.36 (KHTML, like Gecko) Chrome/32.0.1700.107 Safari/537.36"
91.236.75.25 - - [20/May/2015:05:05:08 +0000] "HEAD /blog/geekery/ec2-reserved-vs-ondemand.html/fckeditor/editor/fckeditor.html HTTP/1.1" 404 - "-" "-"
91.236.75.25 - - [20/May/2015:05:05:51 +0000] "HEAD /blog/geekery/ec2-reserved-vs-ondemand.html/include/fckeditor/editor/fckeditor.html HTTP/1.1" 404 - "-" "-"
91.236.75.25 - - [20/May/2015:05:05:23 +0000] "HEAD /blog/geekery/ec2-reserved-vs-ondemand.html/js/fckeditor/editor/fckeditor.html HTTP/1.1" 404 - "-" "-"
91.236.75.25 - - [20/May/2015:05:05:45 +0000] "HEAD /blog/geekery/ec2-reserved-vs-ondemand.html/admin/FCKeditor/editor/fckeditor.html HTTP/1.1" 404 - "-" "-"
91.236.75.25 - - [20/May/2015:05:05:40 +0000] "HEAD /blog/geekery/ec2-reserved-vs-ondemand.html/include/fckeditor/editor/filemanager/connectors/test.html HTTP/1.1" 404 - "-" "-"
91.236.75.25 - - [20/May/2015:05:05:51 +0000] "HEAD /blog/geekery/ec2-reserved-vs-ondemand.html/js/fckeditor/_samples/default.html HTTP/1.1" 404 - "-" "-"
91.236.75.25 - - [20/May/2015:05:05:26 +0000] "HEAD /blog/geekery/ec2-reserved-vs-ondemand.html/admin/FCKeditor/_samples/default.html HTTP/1.1" 404 - "-" "-"
91.236.75.25 - - [20/May/2015:05:05:03 +0000] "HEAD /blog/geekery/ec2-reserved-vs-ondemand.html/fckeditor/_samples/default.html HTTP/1.1" 404 - "-" "-"
198.208.159.20 - - [20/May/2015:05:05:34 +0000] "GET /files/logstash/logstash-1.0.17-monolithic.jar HTTP/1.1" 200 35554730 "http://logstash.net/docs/1.0.17/getting-started-simple" "Mozilla/5.0 (Windows NT 6.1) AppleWebKit/537.36 (KHTML, like Gecko) Chrome/32.0.1700.107 Safari/537.36"
74.125.19.83 - - [20/May/2015:05:05:06 +0000] "GET /?flav=rss20 HTTP/1.1" 200 29941 "-" "FeedBurner/1.0 (http://www.FeedBurner.com)"
68.180.224.225 - - [20/May/2015:05:05:11 +0000] "GET /scripts/netcat HTTP/1.1" 200 126 "-" "Mozilla/5.0 (compatible; Yahoo! Slurp; http://help.yahoo.com/help/us/ysearch/slurp)"
79.176.36.151 - - [20/May/2015:05:05:04 +0000] "GET /favicon.ico HTTP/1.1" 200 3638 "-" "Mozilla/5.0 (Windows NT 6.1) AppleWebKit/537.36 (KHTML, like Gecko) Chrome/32.0.1700.107 Safari/537.36"
46.105.14.53 - - [20/May/2015:05:05:27 +0000] "GET /blog/tags/puppet?flav=rss20 HTTP/1.1" 200 14872 "-" "UniversalFeedParser/4.2-pre-314-svn +http://feedparser.org/"
79.176.36.151 - - [20/May/2015:05:05:12 +0000] "GET /files/dynamic-dns-with-dhcp/dhcpd.conf HTTP/1.1" 200 2269 "http://www.semicomplete.com/articles/dynamic-dns-with-dhcp/" "Mozilla/5.0 (Windows NT 6.1) AppleWebKit/537.36 (KHTML, like Gecko) Chrome/32.0.1700.107 Safari/537.36"
209.85.238.199 - - [20/May/2015:05:05:51 +0000] "GET /test.xml HTTP/1.1" 200 1370 "-" "Feedfetcher-Google; (+http://www.google.com/feedfetcher.html; 1 subscribers; feed-id=11390274670024826467)"
170.148.69.141 - - [20/May/2015:05:05:47 +0000] "GET /articles/dynamic-dns-with-dhcp/ HTTP/1.1" 200 18848 "http://www.google.com/url?sa=t&rct=j&q=&esrc=s&frm=1&source=web&cd=5&ved=0CD8QFjAE&url=http%3A%2F%2Fwww.semicomplete.com%2Farticles%2Fdynamic-dns-with-dhcp%2F&ei=NSoCU4mwEMbKlAXc6oCQBg&usg=AFQjCNEF1X4Rs52UYQyLiySTQxa97ozM4g&bvm=bv.61535280,d.dGI" "Mozilla/4.0 (compatible; MSIE 8.0; Windows NT 6.1; WOW64; Trident/4.0; SLCC2; .NET CLR 2.0.50727; .NET CLR 3.5.30729; .NET CLR 3.0.30729; InfoPath.2; .NET4.0C; .NET4.0E)"
170.148.69.141 - - [20/May/2015:05:05:18 +0000] "GET /reset.css HTTP/1.1" 200 1015 "-" "Mozilla/4.0 (compatible;)"
170.148.69.141 - - [20/May/2015:05:05:54 +0000] "GET /favicon.ico HTTP/1.1" 200 3638 "-" "Mozilla/4.0 (compatible;)"
170.148.69.141 - - [20/May/2015:05:05:52 +0000] "GET /style2.css HTTP/1.1" 200 4877 "-" "Mozilla/4.0 (compatible;)"
170.148.69.141 - - [20/May/2015:05:05:10 +0000] "GET /reset.css HTTP/1.1" 304 - "http://www.semicomplete.com/articles/dynamic-dns-with-dhcp/" "Mozilla/4.0 (compatible; MSIE 8.0; Windows NT 6.1; WOW64; Trident/4.0; SLCC2; .NET CLR 2.0.50727; .NET CLR 3.5.30729; .NET CLR 3.0.30729; InfoPath.2; .NET4.0C; .NET4.0E)"
170.148.69.141 - - [20/May/2015:05:05:41 +0000] "GET /style2.css HTTP/1.1" 304 - "http://www.semicomplete.com/articles/dynamic-dns-with-dhcp/" "Mozilla/4.0 (compatible; MSIE 8.0; Windows NT 6.1; WOW64; Trident/4.0; SLCC2; .NET CLR 2.0.50727; .NET CLR 3.5.30729; .NET CLR 3.0.30729; InfoPath.2; .NET4.0C; .NET4.0E)"
170.148.69.141 - - [20/May/2015:05:05:12 +0000] "GET /images/jordan-80.png HTTP/1.1" 304 - "http://www.semicomplete.com/articles/dynamic-dns-with-dhcp/" "Mozilla/4.0 (compatible; MSIE 8.0; Windows NT 6.1; WOW64; Trident/4.0; SLCC2; .NET CLR 2.0.50727; .NET CLR 3.5.30729; .NET CLR 3.0.30729; InfoPath.2; .NET4.0C; .NET4.0E)"
170.148.69.141 - - [20/May/2015:05:05:46 +0000] "GET /images/web/2009/banner.png HTTP/1.1" 200 52315 "http://www.semicomplete.com/articles/dynamic-dns-with-dhcp/" "Mozilla/4.0 (compatible; MSIE 8.0; Windows NT 6.1; WOW64; Trident/4.0; SLCC2; .NET CLR 2.0.50727; .NET CLR 3.5.30729; .NET CLR 3.0.30729; InfoPath.2; .NET4.0C; .NET4.0E)"
108.174.55.234 - - [20/May/2015:05:05:22 +0000] "GET /?flav=rss20 HTTP/1.1" 200 29941 "-" "-"
101.226.33.222 - - [20/May/2015:05:05:13 +0000] "GET /articles/dynamic-dns-with-dhcp HTTP/1.1" 301 353 "-" "Mozilla/4.0"
101.226.33.222 - - [20/May/2015:05:05:17 +0000] "GET /articles/dynamic-dns-with-dhcp/ HTTP/1.1" 200 18848 "-" "Mozilla/4.0"
99.6.61.4 - - [20/May/2015:05:05:37 +0000] "GET /blog/geekery/python-dict-merging.html HTTP/1.1" 200 8439 "https://duckduckgo.com/" "Mozilla/5.0 (Macintosh; Intel Mac OS X 10_9_1) AppleWebKit/537.36 (KHTML, like Gecko) Chrome/32.0.1700.107 Safari/537.36"
99.6.61.4 - - [20/May/2015:05:05:12 +0000] "GET /reset.css HTTP/1.1" 200 1015 "http://www.semicomplete.com/blog/geekery/python-dict-merging.html" "Mozilla/5.0 (Macintosh; Intel Mac OS X 10_9_1) AppleWebKit/537.36 (KHTML, like Gecko) Chrome/32.0.1700.107 Safari/537.36"
99.6.61.4 - - [20/May/2015:05:05:47 +0000] "GET /style2.css HTTP/1.1" 200 4877 "http://www.semicomplete.com/blog/geekery/python-dict-merging.html" "Mozilla/5.0 (Macintosh; Intel Mac OS X 10_9_1) AppleWebKit/537.36 (KHTML, like Gecko) Chrome/32.0.1700.107 Safari/537.36"
99.6.61.4 - - [20/May/2015:05:05:24 +0000] "GET /images/jordan-80.png HTTP/1.1" 200 6146 "http://www.semicomplete.com/blog/geekery/python-dict-merging.html" "Mozilla/5.0 (Macintosh; Intel Mac OS X 10_9_1) AppleWebKit/537.36 (KHTML, like Gecko) Chrome/32.0.1700.107 Safari/537.36"
99.6.61.4 - - [20/May/2015:05:05:01 +0000] "GET /images/web/2009/banner.png HTTP/1.1" 200 52315 "http://www.semicomplete.com/blog/geekery/python-dict-merging.html" "Mozilla/5.0 (Macintosh; Intel Mac OS X 10_9_1) AppleWebKit/537.36 (KHTML, like Gecko) Chrome/32.0.1700.107 Safari/537.36"
99.6.61.4 - - [20/May/2015:05:05:57 +0000] "GET /favicon.ico HTTP/1.1" 200 3638 "-" "Mozilla/5.0 (Macintosh; Intel Mac OS X 10_9_1) AppleWebKit/537.36 (KHTML, like Gecko) Chrome/32.0.1700.107 Safari/537.36"
50.16.19.13 - - [20/May/2015:05:05:17 +0000] "GET /blog/tags/puppet?flav=rss20 HTTP/1.1" 200 14872 "http://www.semicomplete.com/blog/tags/puppet?flav=rss20" "Tiny Tiny RSS/1.11 (http://tt-rss.org/)"
130.226.230.7 - - [20/May/2015:05:05:22 +0000] "GET /projects/xdotool/ HTTP/1.1" 200 12292 "http://www.google.com/url?sa=t&rct=j&q=&esrc=s&source=web&cd=17&ved=0CGEQFjAGOAo&url=http%3A%2F%2Fwww.semicomplete.com%2Fprojects%2Fxdotool%2F&ei=HCsCU8rNDaHnygOZooGIDA&usg=AFQjCNE3V_aCf3-gfNcbS924S6jZ6FqffA&sig2=exxCuAEjVne6DZj4nGnjRQ" "Mozilla/5.0 (X11; Linux x86_64; rv:26.0) Gecko/20100101 Firefox/26.0"
130.226.230.7 - - [20/May/2015:05:05:41 +0000] "GET /reset.css HTTP/1.1" 200 1015 "http://www.semicomplete.com/projects/xdotool/" "Mozilla/5.0 (X11; Linux x86_64; rv:26.0) Gecko/20100101 Firefox/26.0"
130.226.230.7 - - [20/May/2015:05:05:34 +0000] "GET /style2.css HTTP/1.1" 200 4877 "http://www.semicomplete.com/projects/xdotool/" "Mozilla/5.0 (X11; Linux x86_64; rv:26.0) Gecko/20100101 Firefox/26.0"
130.226.230.7 - - [20/May/2015:05:05:56 +0000] "GET /favicon.ico HTTP/1.1" 200 3638 "-" "Mozilla/5.0 (X11; Linux x86_64; rv:26.0) Gecko/20100101 Firefox/26.0"
130.226.230.7 - - [20/May/2015:05:05:55 +0000] "GET /images/jordan-80.png HTTP/1.1" 200 6146 "http://www.semicomplete.com/projects/xdotool/" "Mozilla/5.0 (X11; Linux x86_64; rv:26.0) Gecko/20100101 Firefox/26.0"
130.226.230.7 - - [20/May/2015:05:05:18 +0000] "GET /images/web/2009/banner.png HTTP/1.1" 200 52315 "http://www.semicomplete.com/style2.css" "Mozilla/5.0 (X11; Linux x86_64; rv:26.0) Gecko/20100101 Firefox/26.0"
78.49.133.207 - - [20/May/2015:05:05:43 +0000] "GET /projects/xdotool/ HTTP/1.1" 200 12292 "http://stackoverflow.com/questions/14181488/simulating-key-press-using-bash" "Mozilla/5.0 (X11; Linux x86_64) AppleWebKit/537.36 (KHTML, like Gecko) Chrome/27.0.1453.93 Safari/537.36"
78.49.133.207 - - [20/May/2015:05:05:14 +0000] "GET /reset.css HTTP/1.1" 200 1015 "http://www.semicomplete.com/projects/xdotool/" "Mozilla/5.0 (X11; Linux x86_64) AppleWebKit/537.36 (KHTML, like Gecko) Chrome/27.0.1453.93 Safari/537.36"
78.49.133.207 - - [20/May/2015:05:05:59 +0000] "GET /style2.css HTTP/1.1" 200 4877 "http://www.semicomplete.com/projects/xdotool/" "Mozilla/5.0 (X11; Linux x86_64) AppleWebKit/537.36 (KHTML, like Gecko) Chrome/27.0.1453.93 Safari/537.36"
78.49.133.207 - - [20/May/2015:05:05:29 +0000] "GET /images/jordan-80.png HTTP/1.1" 200 6146 "http://www.semicomplete.com/projects/xdotool/" "Mozilla/5.0 (X11; Linux x86_64) AppleWebKit/537.36 (KHTML, like Gecko) Chrome/27.0.1453.93 Safari/537.36"
78.49.133.207 - - [20/May/2015:05:05:37 +0000] "GET /images/web/2009/banner.png HTTP/1.1" 200 52315 "http://www.semicomplete.com/projects/xdotool/" "Mozilla/5.0 (X11; Linux x86_64) AppleWebKit/537.36 (KHTML, like Gecko) Chrome/27.0.1453.93 Safari/537.36"
78.49.133.207 - - [20/May/2015:05:05:27 +0000] "GET /favicon.ico HTTP/1.1" 200 3638 "-" "Mozilla/5.0 (X11; Linux x86_64) AppleWebKit/537.36 (KHTML, like Gecko) Chrome/27.0.1453.93 Safari/537.36"
198.50.227.136 - - [20/May/2015:05:05:11 +0000] "GET /blog/rants/forbes-dot-com-sucks.html HTTP/1.1" 200 9482 "http://www.semicomplete.com/" "Mozilla/5.0 (Macintosh; Intel Mac OS X 10.7; rv:22.0) Gecko/20100101 Firefox/22.0"
198.50.227.136 - - [20/May/2015:05:05:05 +0000] "GET /blog/rants/forbes-dot-com-sucks.html HTTP/1.1" 200 9482 "http://www.semicomplete.com/" "Mozilla/5.0 (Macintosh; Intel Mac OS X 10.7; rv:22.0) Gecko/20100101 Firefox/22.0"
66.249.73.135 - - [20/May/2015:05:05:49 +0000] "GET /presentations/vim/ HTTP/1.1" 304 - "-" "Mozilla/5.0 (iPhone; CPU iPhone OS 6_0 like Mac OS X) AppleWebKit/536.26 (KHTML, like Gecko) Version/6.0 Mobile/10A5376e Safari/8536.25 (compatible; Googlebot/2.1; +http://www.google.com/bot.html)"
46.105.14.53 - - [20/May/2015:05:05:06 +0000] "GET /blog/tags/puppet?flav=rss20 HTTP/1.1" 200 14872 "-" "UniversalFeedParser/4.2-pre-314-svn +http://feedparser.org/"
151.225.218.180 - - [20/May/2015:05:05:11 +0000] "GET /presentations/logstash-scale11x/images/ahhh___rage_face_by_samusmmx-d5g5zap.png HTTP/1.1" 200 175208 "-" "Mozilla/5.0 (Windows NT 6.1; WOW64) AppleWebKit/537.36 (KHTML, like Gecko) Chrome/32.0.1700.76 Safari/537.36"
209.85.238.199 - - [20/May/2015:05:05:08 +0000] "GET /?flav=atom HTTP/1.1" 200 32352 "-" "Feedfetcher-Google; (+http://www.google.com/feedfetcher.html; 16 subscribers; feed-id=3389821348893992437)"
107.170.40.204 - - [20/May/2015:05:05:52 +0000] "GET /?flav=atom HTTP/1.1" 200 32352 "-" "Feedbin - 1 subscribers"
68.180.224.225 - - [20/May/2015:05:05:14 +0000] "GET /blog/geekery/freebsd-sparc64-desktop.html HTTP/1.1" 200 10099 "-" "Mozilla/5.0 (compatible; Yahoo! Slurp; http://help.yahoo.com/help/us/ysearch/slurp)"
161.72.16.78 - - [20/May/2015:05:05:58 +0000] "GET /articles/dynamic-dns-with-dhcp/ HTTP/1.1" 200 18848 "-" "Mozilla/5.0 (X11; Linux i686) AppleWebKit/537.36 (KHTML, like Gecko) Chrome/34.0.1838.2 Safari/537.36"
54.241.62.89 - - [20/May/2015:05:05:01 +0000] "GET /?flav=atom HTTP/1.1" 200 32352 "-" "Digg Feed Fetcher 1.0 (Mozilla/5.0 (Macintosh; Intel Mac OS X 10_7_1) AppleWebKit/534.48.3 (KHTML, like Gecko) Version/5.1 Safari/534.48.3)"
213.252.7.178 - - [20/May/2015:05:05:13 +0000] "GET /blog/tags/deb HTTP/1.1" 200 11275 "https://www.google.de/" "Mozilla/5.0 (Macintosh; Intel Mac OS X 10_9_1) AppleWebKit/537.36 (KHTML, like Gecko) Chrome/32.0.1700.107 Safari/537.36"
194.250.79.71 - - [20/May/2015:05:05:01 +0000] "GET /blog/geekery/tracking-ssh-bots.html HTTP/1.1" 200 11350 "https://www.google.fr/" "Mozilla/5.0 (Windows NT 6.1; WOW64) AppleWebKit/537.36 (KHTML, like Gecko) Chrome/32.0.1700.107 Safari/537.36"
194.250.79.71 - - [20/May/2015:05:05:10 +0000] "GET /reset.css HTTP/1.1" 200 1015 "http://www.semicomplete.com/blog/geekery/tracking-ssh-bots.html" "Mozilla/5.0 (Windows NT 6.1; WOW64) AppleWebKit/537.36 (KHTML, like Gecko) Chrome/32.0.1700.107 Safari/537.36"
