78.49.133.207 - - [20/May/2015:05:05:00 +0000] "GET /projects/xdotool/xdotool.xhtml HTTP/1.1" 200 50112 "http://www.semicomplete.com/projects/xdotool/" "Mozilla/5.0 (X11; Linux x86_64) AppleWebKit/537.36 (KHTML, like Gecko) Chrome/27.0.1453.93 Safari/537.36"
194.250.79.71 - - [20/May/2015:05:05:34 +0000] "GET /style2.css HTTP/1.1" 200 4877 "http://www.semicomplete.com/blog/geekery/tracking-ssh-bots.html" "Mozilla/5.0 (Windows NT 6.1; WOW64) AppleWebKit/537.36 (KHTML, like Gecko) Chrome/32.0.1700.107 Safari/537.36"
194.250.79.71 - - [20/May/2015:05:05:00 +0000] "GET /images/jordan-80.png HTTP/1.1" 200 6146 "http://www.semicomplete.com/blog/geekery/tracking-ssh-bots.html" "Mozilla/5.0 (Windows NT 6.1; WOW64) AppleWebKit/537.36 (KHTML, like Gecko) Chrome/32.0.1700.107 Safari/537.36"
194.250.79.71 - - [20/May/2015:05:05:59 +0000] "GET /images/web/2009/banner.png HTTP/1.1" 200 52315 "http://www.semicomplete.com/blog/geekery/tracking-ssh-bots.html" "Mozilla/5.0 (Windows NT 6.1; WOW64) AppleWebKit/537.36 (KHTML, like Gecko) Chrome/32.0.1700.107 Safari/537.36"
180.76.6.28 - - [20/May/2015:05:05:15 +0000] "GET /files/pp/original.pp.pdf HTTP/1.1" 200 51341 "-" "Mozilla/5.0 (Windows NT 5.1; rv:6.0.2) Gecko/20100101 Firefox/6.0.2"
81.157.147.252 - - [20/May/2015:05:05:52 +0000] "GET /articles/dynamic-dns-with-dhcp/ HTTP/1.1" 200 18848 "http://www.google.co.uk/url?sa=t&rct=j&q=&esrc=s&source=web&cd=1&ved=0CCoQFjAA&url=http%3A%2F%2Fwww.semicomplete.com%2Farticles%2Fdynamic-dns-with-dhcp%2F&ei=tywCU76CG7Gc0wWS7YCwCg&usg=AFQjCNEF1X4Rs52UYQyLiySTQxa97ozM4g&bvm=bv.61535280,d.bGQ" "Mozilla/5.0 (Windows NT 6.0; rv:27.0) Gecko/20100101 Firefox/27.0"
81.157.147.252 - - [20/May/2015:05:05:23 +0000] "GET /style2.css HTTP/1.1" 200 4877 "http://www.semicomplete.com/articles/dynamic-dns-with-dhcp/" "Mozilla/5.0 (Windows NT 6.0; rv:27.0) Gecko/20100101 Firefox/27.0"
81.157.147.252 - - [20/May/2015:05:05:24 +0000] "GET /reset.css HTTP/1.1" 200 1015 "http://www.semicomplete.com/articles/dynamic-dns-with-dhcp/" "Mozilla/5.0 (Windows NT 6.0; rv:27.0) Gecko/20100101 Firefox/27.0"
81.157.147.252 - - [20/May/2015:05:05:59 +0000] "GET /favicon.ico HTTP/1.1" 200 3638 "-" "Mozilla/5.0 (Windows NT 6.0; rv:27.0) Gecko/20100101 Firefox/27.0"
81.157.147.252 - - [20/May/2015:05:05:41 +0000] "GET /images/jordan-80.png HTTP/1.1" 200 6146 "http://www.semicomplete.com/articles/dynamic-dns-with-dhcp/" "Mozilla/5.0 (Windows NT 6.0; rv:27.0) Gecko/20100101 Firefox/27.0"
81.157.147.252 - - [20/May/2015:05:05:47 +0000] "GET /images/web/2009/banner.png HTTP/1.1" 200 52315 "http://www.semicomplete.com/style2.css" "Mozilla/5.0 (Windows NT 6.0; rv:27.0) Gecko/20100101 Firefox/27.0"
194.250.79.71 - - [20/May/2015:05:05:25 +0000] "GET /favicon.ico HTTP/1.1" 200 3638 "-" "Mozilla/5.0 (Windows NT 6.1; WOW64) AppleWebKit/537.36 (KHTML, like Gecko) Chrome/32.0.1700.107 Safari/537.36"
108.29.33.122 - - [20/May/2015:05:05:29 +0000] "GET /articles/dynamic-dns-with-dhcp/ HTTP/1.0" 200 18848 "https://www.google.com/" "Mozilla/5.0 (X11; Linux x86_64) AppleWebKit/537.22 (KHTML, like Gecko) Chrome/25.0.1364.172 Safari/537.22"
108.29.33.122 - - [20/May/2015:05:05:34 +0000] "GET /images/jordan-80.png HTTP/1.0" 200 6146 "http://www.semicomplete.com/articles/dynamic-dns-with-dhcp/" "Mozilla/5.0 (X11; Linux x86_64) AppleWebKit/537.22 (KHTML, like Gecko) Chrome/25.0.1364.172 Safari/537.22"
108.29.33.122 - - [20/May/2015:05:05:43 +0000] "GET /reset.css HTTP/1.0" 200 1015 "http://www.semicomplete.com/articles/dynamic-dns-with-dhcp/" "Mozilla/5.0 (X11; Linux x86_64) AppleWebKit/537.22 (KHTML, like Gecko) Chrome/25.0.1364.172 Safari/537.22"
108.29.33.122 - - [20/May/2015:05:05:45 +0000] "GET /style2.css HTTP/1.0" 200 4877 "http://www.semicomplete.com/articles/dynamic-dns-with-dhcp/" "Mozilla/5.0 (X11; Linux x86_64) AppleWebKit/537.22 (KHTML, like Gecko) Chrome/25.0.1364.172 Safari/537.22"
108.29.33.122 - - [20/May/2015:05:05:56 +0000] "GET /images/web/2009/banner.png HTTP/1.0" 200 52315 "http://www.semicomplete.com/articles/dynamic-dns-with-dhcp/" "Mozilla/5.0 (X11; Linux x86_64) AppleWebKit/537.22 (KHTML, like Gecko) Chrome/25.0.1364.172 Safari/537.22"
108.29.33.122 - - [20/May/2015:05:05:07 +0000] "GET /favicon.ico HTTP/1.0" 200 3638 "-" "Mozilla/5.0 (X11; Linux x86_64) AppleWebKit/537.22 (KHTML, like Gecko) Chrome/25.0.1364.172 Safari/537.22"
173.213.97.176 - - [20/May/2015:05:05:34 +0000] "GET /articles/dynamic-dns-with-dhcp/ HTTP/1.0" 200 18848 "http://semicomplete.com/" "Mozilla/5.0 (Macintosh; Intel Mac OS X 10.7; rv:22.0) Gecko/20100101 Firefox/22.0"
184.154.149.126 - - [20/May/2015:05:05:20 +0000] "GET /misc/sample.log HTTP/1.0" 200 54306753 "http://www.semicomplete.com/" "Mozilla/5.0 (Macintosh; Intel Mac OS X 10.7; rv:22.0) Gecko/20100101 Firefox/22.0"
208.115.113.88 - - [20/May/2015:05:05:01 +0000] "GET /blog/geekery/jquery-i**terface-puffer.html HTTP/1.1" 404 7861 "-" "Mozilla/5.0 (compatible; Ezooms/1.0; help@moz.com)"
46.105.14.53 - - [20/May/2015:05:05:49 +0000] "GET /blog/tags/puppet?flav=rss20 HTTP/1.1" 200 14872 "-" "UniversalFeedParser/4.2-pre-314-svn +http://feedparser.org/"
173.213.97.176 - - [20/May/2015:05:05:24 +0000] "GET /articles/ssh-security/ HTTP/1.0" 200 16543 "http://semicomplete.com/" "Mozilla/5.0 (Macintosh; Intel Mac OS X 10.7; rv:22.0) Gecko/20100101 Firefox/22.0"
180.76.5.214 - - [20/May/2015:05:05:44 +0000] "GET /presentations/logstash-scale11x/logstash-scale11x.pdf HTTP/1.1" 304 - "-" "Mozilla/5.0 (Windows NT 5.1; rv:6.0.2) Gecko/20100101 Firefox/6.0.2"
68.180.224.225 - - [20/May/2015:05:05:00 +0000] "GET /blog/geekery/ssl-latency.html HTTP/1.1" 200 17147 "-" "Mozilla/5.0 (compatible; Yahoo! Slurp; http://help.yahoo.com/help/us/ysearch/slurp)"
130.226.230.7 - - [20/May/2015:05:05:50 +0000] "GET /projects/xdotool/ HTTP/1.1" 200 12292 "http://stackoverflow.com/questions/8979332/how-to-keyboard-type-a-variable-using-xdotool" "Mozilla/5.0 (X11; Linux x86_64; rv:26.0) Gecko/20100101 Firefox/26.0"
128.118.108.67 - - [20/May/2015:05:05:07 +0000] "GET /favicon.ico HTTP/1.0" 200 3638 "-" "Safari/9537.73.11 CFNetwork/673.0.3 Darwin/13.0.0 (x86_64) (MacBookPro8%2C1)"
200.85.183.174 - - [20/May/2015:05:05:29 +0000] "GET /blog/tags/jquery%20mobile HTTP/1.1" 200 9571 "https://www.google.com.ar/" "Mozilla/5.0 (Windows NT 6.1) AppleWebKit/537.36 (KHTML, like Gecko) Chrome/32.0.1700.107 Safari/537.36"
200.85.183.174 - - [20/May/2015:05:05:05 +0000] "GET /reset.css HTTP/1.1" 200 1015 "http://www.semicomplete.com/blog/tags/jquery%20mobile" "Mozilla/5.0 (Windows NT 6.1) AppleWebKit/537.36 (KHTML, like Gecko) Chrome/32.0.1700.107 Safari/537.36"
200.85.183.174 - - [20/May/2015:05:05:40 +0000] "GET /style2.css HTTP/1.1" 200 4877 "http://www.semicomplete.com/blog/tags/jquery%20mobile" "Mozilla/5.0 (Windows NT 6.1) AppleWebKit/537.36 (KHTML, like Gecko) Chrome/32.0.1700.107 Safari/537.36"
200.85.183.174 - - [20/May/2015:05:05:03 +0000] "GET /images/jordan-80.png HTTP/1.1" 200 6146 "http://www.semicomplete.com/blog/tags/jquery%20mobile" "Mozilla/5.0 (Windows NT 6.1) AppleWebKit/537.36 (KHTML, like Gecko) Chrome/32.0.1700.107 Safari/537.36"
200.85.183.174 - - [20/May/2015:05:05:45 +0000] "GET /images/web/2009/banner.png HTTP/1.1" 200 52315 "http://www.semicomplete.com/blog/tags/jquery%20mobile" "Mozilla/5.0 (Windows NT 6.1) AppleWebKit/537.36 (KHTML, like Gecko) Chrome/32.0.1700.107 Safari/537.36"
200.85.183.174 - - [20/May/2015:05:05:05 +0000] "GET /favicon.ico HTTP/1.1" 200 3638 "-" "Mozilla/5.0 (Windows NT 6.1) AppleWebKit/537.36 (KHTML, like Gecko) Chrome/32.0.1700.107 Safari/537.36"
183.37.131.40 - - [20/May/2015:05:05:18 +0000] "GET /projects/keynav/ HTTP/1.1" 200 18985 "http://blog.youxu.info/category/keyboard/" "Mozilla/5.0 (Windows NT 5.1) AppleWebKit/537.31 (KHTML, like Gecko) Chrome/26.0.1410.64 Safari/537.31"
183.37.131.40 - - [20/May/2015:05:05:34 +0000] "GET /reset.css HTTP/1.1" 200 1015 "http://www.semicomplete.com/projects/keynav/" "Mozilla/5.0 (Windows NT 5.1) AppleWebKit/537.31 (KHTML, like Gecko) Chrome/26.0.1410.64 Safari/537.31"
183.37.131.40 - - [20/May/2015:05:05:20 +0000] "GET /style2.css HTTP/1.1" 200 4877 "http://www.semicomplete.com/projects/keynav/" "Mozilla/5.0 (Windows NT 5.1) AppleWebKit/537.31 (KHTML, like Gecko) Chrome/26.0.1410.64 Safari/537.31"
183.37.131.40 - - [20/May/2015:05:05:27 +0000] "GET /images/jordan-80.png HTTP/1.1" 200 6146 "http://www.semicomplete.com/projects/keynav/" "Mozilla/5.0 (Windows NT 5.1) AppleWebKit/537.31 (KHTML, like Gecko) Chrome/26.0.1410.64 Safari/537.31"
183.37.131.40 - - [20/May/2015:05:05:39 +0000] "GET /projects/keynav/demo-thumb.png HTTP/1.1" 200 15141 "http://www.semicomplete.com/projects/keynav/" "Mozilla/5.0 (Windows NT 5.1) AppleWebKit/537.31 (KHTML, like Gecko) Chrome/26.0.1410.64 Safari/537.31"
183.37.131.40 - - [20/May/2015:05:05:59 +0000] "GET /images/web/2009/banner.png HTTP/1.1" 200 52315 "http://www.semicomplete.com/projects/keynav/" "Mozilla/5.0 (Windows NT 5.1) AppleWebKit/537.31 (KHTML, like Gecko) Chrome/26.0.1410.64 Safari/537.31"
183.37.131.40 - - [20/May/2015:05:05:09 +0000] "GET /favicon.ico HTTP/1.1" 200 3638 "-" "Mozilla/5.0 (Windows NT 5.1) AppleWebKit/537.31 (KHTML, like Gecko) Chrome/26.0.1410.64 Safari/537.31"
119.147.146.189 - - [20/May/2015:05:05:37 +0000] "GET /projects/keynav/ HTTP/1.1" 200 18985 "-" "Mozilla/4.0 (compatible; MSIE 6.0; Windows NT 5.1; SV1; .NET CLR 2.0.50727; MAXTHON 2.0)"
97.82.80.65 - - [20/May/2015:05:05:07 +0000] "GET /articles/dynamic-dns-with-dhcp/ HTTP/1.1" 200 18848 "https://www.google.com/" "Mozilla/5.0 (Windows NT 6.3; WOW64) AppleWebKit/537.36 (KHTML, like Gecko) Chrome/32.0.1700.107 Safari/537.36"
97.82.80.65 - - [20/May/2015:05:05:39 +0000] "GET /reset.css HTTP/1.1" 200 1015 "http://www.semicomplete.com/articles/dynamic-dns-with-dhcp/" "Mozilla/5.0 (Windows NT 6.3; WOW64) AppleWebKit/537.36 (KHTML, like Gecko) Chrome/32.0.1700.107 Safari/537.36"
97.82.80.65 - - [20/May/2015:05:05:23 +0000] "GET /style2.css HTTP/1.1" 200 4877 "http://www.semicomplete.com/articles/dynamic-dns-with-dhcp/" "Mozilla/5.0 (Windows NT 6.3; WOW64) AppleWebKit/537.36 (KHTML, like Gecko) Chrome/32.0.1700.107 Safari/537.36"
97.82.80.65 - - [20/May/2015:05:05:03 +0000] "GET /favicon.ico HTTP/1.1" 200 3638 "http://www.semicomplete.com/articles/dynamic-dns-with-dhcp/" "Mozilla/5.0 (Windows NT 6.3; WOW64) AppleWebKit/537.36 (KHTML, like Gecko) Chrome/32.0.1700.107 Safari/537.36"
97.82.80.65 - - [20/May/2015:05:05:22 +0000] "GET /images/jordan-80.png HTTP/1.1" 200 6146 "http://www.semicomplete.com/articles/dynamic-dns-with-dhcp/" "Mozilla/5.0 (Windows NT 6.3; WOW64) AppleWebKit/537.36 (KHTML, like Gecko) Chrome/32.0.1700.107 Safari/537.36"
97.82.80.65 - - [20/May/2015:05:05:59 +0000] "GET /reset.css HTTP/1.1" 200 1015 "http://www.semicomplete.com/articles/dynamic-dns-with-dhcp/" "Mozilla/5.0 (Windows NT 6.3; WOW64) AppleWebKit/537.36 (KHTML, like Gecko) Chrome/32.0.1700.107 Safari/537.36"
97.82.80.65 - - [20/May/2015:05:05:51 +0000] "GET /style2.css HTTP/1.1" 200 4877 "http://www.semicomplete.com/articles/dynamic-dns-with-dhcp/" "Mozilla/5.0 (Windows NT 6.3; WOW64) AppleWebKit/537.36 (KHTML, like Gecko) Chrome/32.0.1700.107 Safari/537.36"
97.82.80.65 - - [20/May/2015:05:05:12 +0000] "GET /images/web/2009/banner.png HTTP/1.1" 200 52315 "http://www.semicomplete.com/articles/dynamic-dns-with-dhcp/" "Mozilla/5.0 (Windows NT 6.3; WOW64) AppleWebKit/537.36 (KHTML, like Gecko) Chrome/32.0.1700.107 Safari/537.36"
97.82.80.65 - - [20/May/2015:05:05:19 +0000] "GET /favicon.ico HTTP/1.1" 200 3638 "-" "Mozilla/5.0 (Windows NT 6.3; WOW64) AppleWebKit/537.36 (KHTML, like Gecko) Chrome/32.0.1700.107 Safari/537.36"
62.77.171.249 - - [20/May/2015:05:05:15 +0000] "GET /projects/xdotool/ HTTP/1.1" 200 12292 "-" "Mozilla/5.0 (Windows NT 6.1; WOW64) AppleWebKit/537.36 (KHTML, like Gecko) Chrome/32.0.1700.107 Safari/537.36 OPR/19.0.1326.63"
62.77.171.249 - - [20/May/2015:05:05:19 +0000] "GET /reset.css HTTP/1.1" 200 1015 "http://www.semicomplete.com/projects/xdotool/" "Mozilla/5.0 (Windows NT 6.1; WOW64) AppleWebKit/537.36 (KHTML, like Gecko) Chrome/32.0.1700.107 Safari/537.36 OPR/19.0.1326.63"
62.77.171.249 - - [20/May/2015:05:05:45 +0000] "GET /style2.css HTTP/1.1" 200 4877 "http://www.semicomplete.com/projects/xdotool/" "Mozilla/5.0 (Windows NT 6.1; WOW64) AppleWebKit/537.36 (KHTML, like Gecko) Chrome/32.0.1700.107 Safari/537.36 OPR/19.0.1326.63"
62.77.171.249 - - [20/May/2015:05:05:19 +0000] "GET /images/jordan-80.png HTTP/1.1" 200 6146 "http://www.semicomplete.com/projects/xdotool/" "Mozilla/5.0 (Windows NT 6.1; WOW64) AppleWebKit/537.36 (KHTML, like Gecko) Chrome/32.0.1700.107 Safari/537.36 OPR/19.0.1326.63"
62.77.171.249 - - [20/May/2015:05:05:13 +0000] "GET /images/web/2009/banner.png HTTP/1.1" 200 52315 "http://www.semicomplete.com/projects/xdotool/" "Mozilla/5.0 (Windows NT 6.1; WOW64) AppleWebKit/537.36 (KHTML, like Gecko) Chrome/32.0.1700.107 Safari/537.36 OPR/19.0.1326.63"
62.77.171.249 - - [20/May/2015:05:05:47 +0000] "GET /favicon.ico HTTP/1.1" 200 3638 "-" "Mozilla/5.0 (Windows NT 6.1; WOW64) AppleWebKit/537.36 (KHTML, like Gecko) Chrome/32.0.1700.107 Safari/537.36 OPR/19.0.1326.63"
62.77.171.249 - - [20/May/2015:05:05:27 +0000] "GET /projects/xdotool/xdotool.xhtml HTTP/1.1" 200 50112 "http://www.semicomplete.com/projects/xdotool/" "Mozilla/5.0 (Windows NT 6.1; WOW64) AppleWebKit/537.36 (KHTML, like Gecko) Chrome/32.0.1700.107 Safari/537.36 OPR/19.0.1326.63"
200.89.129.197 - - [20/May/2015:05:05:38 +0000] "GET /files/blogposts/20101209/fullheight.html HTTP/1.1" 200 2501 "http://www.semicomplete.com/blog/tags/jquery%20mobile" "Mozilla/5.0 (Windows NT 6.1) AppleWebKit/537.36 (KHTML, like Gecko) Chrome/32.0.1700.107 Safari/537.36"
200.89.129.197 - - [20/May/2015:05:05:54 +0000] "GET /favicon.ico HTTP/1.1" 200 3638 "-" "Mozilla/5.0 (Windows NT 6.1) AppleWebKit/537.36 (KHTML, like Gecko) Chrome/32.0.1700.107 Safari/537.36"
46.105.14.53 - - [20/May/2015:06:05:09 +0000] "GET /blog/tags/puppet?flav=rss20 HTTP/1.1" 200 14872 "-" "UniversalFeedParser/4.2-pre-314-svn +http://feedparser.org/"
50.59.104.212 - - [20/May/2015:06:05:38 +0000] "GET /articles/dynamic-dns-with-dhcp/ HTTP/1.1" 200 18848 "-" "Mozilla/5.0 (Windows NT 6.1; WOW64) AppleWebKit/537.36 (KHTML, like Gecko) Chrome/32.0.1700.107 Safari/537.36"
50.59.104.212 - - [20/May/2015:06:05:12 +0000] "GET /reset.css HTTP/1.1" 200 1015 "http://www.semicomplete.com/articles/dynamic-dns-with-dhcp/" "Mozilla/5.0 (Windows NT 6.1; WOW64) AppleWebKit/537.36 (KHTML, like Gecko) Chrome/32.0.1700.107 Safari/537.36"
50.59.104.212 - - [20/May/2015:06:05:00 +0000] "GET /style2.css HTTP/1.1" 200 4877 "http://www.semicomplete.com/articles/dynamic-dns-with-dhcp/" "Mozilla/5.0 (Windows NT 6.1; WOW64) AppleWebKit/537.36 (KHTML, like Gecko) Chrome/32.0.1700.107 Safari/537.36"
50.59.104.212 - - [20/May/2015:06:05:51 +0000] "GET /images/jordan-80.png HTTP/1.1" 200 6146 "http://www.semicomplete.com/articles/dynamic-dns-with-dhcp/" "Mozilla/5.0 (Windows NT 6.1; WOW64) AppleWebKit/537.36 (KHTML, like Gecko) Chrome/32.0.1700.107 Safari/537.36"
50.59.104.212 - - [20/May/2015:06:05:21 +0000] "GET /images/web/2009/banner.png HTTP/1.1" 200 52315 "http://www.semicomplete.com/articles/dynamic-dns-with-dhcp/" "Mozilla/5.0 (Windows NT 6.1; WOW64) AppleWebKit/537.36 (KHTML, like Gecko) Chrome/32.0.1700.107 Safari/537.36"
50.59.104.212 - - [20/May/2015:06:05:17 +0000] "GET /favicon.ico HTTP/1.1" 200 3638 "-" "Mozilla/5.0 (Windows NT 6.1; WOW64) AppleWebKit/537.36 (KHTML, like Gecko) Chrome/32.0.1700.107 Safari/537.36"
212.48.66.64 - - [20/May/2015:06:05:21 +0000] "HEAD / HTTP/1.0" 200 - "-" "Opera/9.64(Windows NT 5.1; U; en) Presto/2.1.1"
209.17.114.78 - - [20/May/2015:06:05:26 +0000] "GET /presentations/logstash-intro/file/intro-logging-problems/apache-response-codes.png HTTP/1.1" 200 52878 "-" "Mozilla/4.0 (compatible; MSIE 6.0; Windows NT 5.2; SV1; .NET CLR 2.0.50727; InfoPath.1)"
195.56.119.209 - - [20/May/2015:06:05:04 +0000] "GET /articles/dynamic-dns-with-dhcp/ HTTP/1.1" 200 18848 "https://www.google.hu/" "Mozilla/5.0 (Windows NT 6.1; WOW64) AppleWebKit/537.36 (KHTML, like Gecko) Chrome/32.0.1700.102 Safari/537.36"
195.56.119.209 - - [20/May/2015:06:05:53 +0000] "GET /reset.css HTTP/1.1" 200 1015 "http://www.semicomplete.com/articles/dynamic-dns-with-dhcp/" "Mozilla/5.0 (Windows NT 6.1; WOW64) AppleWebKit/537.36 (KHTML, like Gecko) Chrome/32.0.1700.102 Safari/537.36"
195.56.119.209 - - [20/May/2015:06:05:42 +0000] "GET /style2.css HTTP/1.1" 200 4877 "http://www.semicomplete.com/articles/dynamic-dns-with-dhcp/" "Mozilla/5.0 (Windows NT 6.1; WOW64) AppleWebKit/537.36 (KHTML, like Gecko) Chrome/32.0.1700.102 Safari/537.36"
195.56.119.209 - - [20/May/2015:06:05:49 +0000] "GET /images/jordan-80.png HTTP/1.1" 200 6146 "http://www.semicomplete.com/articles/dynamic-dns-with-dhcp/" "Mozilla/5.0 (Windows NT 6.1; WOW64) AppleWebKit/537.36 (KHTML, like Gecko) Chrome/32.0.1700.102 Safari/537.36"
195.56.119.209 - - [20/May/2015:06:05:13 +0000] "GET /images/web/2009/banner.png HTTP/1.1" 200 52315 "http://www.semicomplete.com/articles/dynamic-dns-with-dhcp/" "Mozilla/5.0 (Windows NT 6.1; WOW64) AppleWebKit/537.36 (KHTML, like Gecko) Chrome/32.0.1700.102 Safari/537.36"
195.56.119.209 - - [20/May/2015:06:05:38 +0000] "GET /favicon.ico HTTP/1.1" 200 3638 "-" "Mozilla/5.0 (Windows NT 6.1; WOW64) AppleWebKit/537.36 (KHTML, like Gecko) Chrome/32.0.1700.102 Safari/537.36"
68.40.205.212 - - [20/May/2015:06:05:18 +0000] "GET /favicon.ico HTTP/1.1" 200 3638 "-" "Mozilla/5.0 (Macintosh; Intel Mac OS X 10.9; rv:27.0) Gecko/20100101 Firefox/27.0"
74.125.19.80 - - [20/May/2015:06:05:31 +0000] "GET /?flav=rss20 HTTP/1.1" 200 29941 "-" "FeedBurner/1.0 (http://www.FeedBurner.com)"
198.46.149.143 - - [20/May/2015:06:05:13 +0000] "GET /blog/geekery/disabling-battery-in-ubuntu-vms.html?utm_source=feedburner&utm_medium=feed&utm_campaign=Feed%3A+semicomplete%2Fmain+%28semicomplete.com+-+Jordan+Sissel%29 HTTP/1.1" 200 9316 "-" "Tiny Tiny RSS/1.11 (http://tt-rss.org/)"
198.46.149.143 - - [20/May/2015:06:05:55 +0000] "GET /blog/geekery/solving-good-or-bad-problems.html?utm_source=feedburner&utm_medium=feed&utm_campaign=Feed%3A+semicomplete%2Fmain+%28semicomplete.com+-+Jordan+Sissel%29 HTTP/1.1" 200 10756 "-" "Tiny Tiny RSS/1.11 (http://tt-rss.org/)"
50.16.19.13 - - [20/May/2015:06:05:02 +0000] "GET /blog/tags/puppet?flav=rss20 HTTP/1.1" 200 14872 "http://www.semicomplete.com/blog/tags/puppet?flav=rss20" "Tiny Tiny RSS/1.11 (http://tt-rss.org/)"
180.76.5.98 - - [20/May/2015:06:05:40 +0000] "GET /robots.txt HTTP/1.1" 200 - "-" "Mozilla/5.0 (Windows NT 5.1; rv:6.0.2) Gecko/20100101 Firefox/6.0.2"
46.105.14.53 - - [20/May/2015:06:05:08 +0000] "GET /blog/tags/puppet?flav=rss20 HTTP/1.1" 200 14872 "-" "UniversalFeedParser/4.2-pre-314-svn +http://feedparser.org/"
14.18.25.243 - - [20/May/2015:06:05:12 +0000] "GET /blog/geekery/debugging-java-performance.html HTTP/1.1" 200 15796 "http://logstash.net/docs/1.3.3/life-of-an-event" "Mozilla/5.0 (Windows NT 6.2; WOW64) AppleWebKit/537.36 (KHTML, like Gecko) Chrome/30.0.1599.69 Safari/537.36"
14.18.25.243 - - [20/May/2015:06:05:31 +0000] "GET /reset.css HTTP/1.1" 200 1015 "http://www.semicomplete.com/blog/geekery/debugging-java-performance.html" "Mozilla/5.0 (Windows NT 6.2; WOW64) AppleWebKit/537.36 (KHTML, like Gecko) Chrome/30.0.1599.69 Safari/537.36"
14.18.25.243 - - [20/May/2015:06:05:28 +0000] "GET /style2.css HTTP/1.1" 200 4877 "http://www.semicomplete.com/blog/geekery/debugging-java-performance.html" "Mozilla/5.0 (Windows NT 6.2; WOW64) AppleWebKit/537.36 (KHTML, like Gecko) Chrome/30.0.1599.69 Safari/537.36"
14.18.25.243 - - [20/May/2015:06:05:46 +0000] "GET /images/jordan-80.png HTTP/1.1" 200 6146 "http://www.semicomplete.com/blog/geekery/debugging-java-performance.html" "Mozilla/5.0 (Windows NT 6.2; WOW64) AppleWebKit/537.36 (KHTML, like Gecko) Chrome/30.0.1599.69 Safari/537.36"
14.18.25.243 - - [20/May/2015:06:05:21 +0000] "GET /images/web/2009/banner.png HTTP/1.1" 200 52315 "http://www.semicomplete.com/blog/geekery/debugging-java-performance.html" "Mozilla/5.0 (Windows NT 6.2; WOW64) AppleWebKit/537.36 (KHTML, like Gecko) Chrome/30.0.1599.69 Safari/537.36"
14.18.25.243 - - [20/May/2015:06:05:11 +0000] "GET /favicon.ico HTTP/1.1" 200 3638 "-" "Mozilla/5.0 (Windows NT 6.2; WOW64) AppleWebKit/537.36 (KHTML, like Gecko) Chrome/30.0.1599.69 Safari/537.36"
66.249.73.135 - - [20/May/2015:06:05:46 +0000] "GET /blog/tags/firefox?flav=rss20 HTTP/1.1" 200 16021 "-" "Mozilla/5.0 (compatible; Googlebot/2.1; +http://www.google.com/bot.html)"
209.17.114.78 - - [20/May/2015:06:05:28 +0000] "GET /presentations/logstash-intro/file/about-me/tequila-face.jpg HTTP/1.1" 200 196054 "-" "Mozilla/4.0 (compatible; MSIE 6.0; Windows NT 5.2; SV1; .NET CLR 2.0.50727; InfoPath.1)"
209.17.114.78 - - [20/May/2015:06:05:46 +0000] "GET /presentations/logstash-puppetconf-2012/images/kibana-logstash-downloads.png HTTP/1.1" 200 95058 "-" "Mozilla/4.0 (compatible; MSIE 6.0; Windows NT 5.2; SV1; .NET CLR 2.0.50727; InfoPath.1)"
209.17.114.78 - - [20/May/2015:06:05:23 +0000] "GET /presentations/logstash-1/file/logstash-roadmap/elasticsearch-logstash-piesnacking.png HTTP/1.1" 200 21820 "-" "Mozilla/4.0 (compatible; MSIE 6.0; Windows NT 5.2; SV1; .NET CLR 2.0.50727; InfoPath.1)"
209.17.114.78 - - [20/May/2015:06:05:05 +0000] "GET /presentations/logstash-puppetconf-2012/images/nagios-sms1.png HTTP/1.1" 200 55478 "-" "Mozilla/4.0 (compatible; MSIE 6.0; Windows NT 5.2; SV1; .NET CLR 2.0.50727; InfoPath.1)"
178.255.215.71 - - [20/May/2015:06:05:11 +0000] "GET /articles/openldap-with-saslauthd/ HTTP/1.1" 200 12700 "-" "Mozilla/5.0 (compatible; Exabot/3.0; +http://www.exabot.com/go/robot)"
109.109.46.88 - - [20/May/2015:06:05:26 +0000] "GET /images/googledotcom.png HTTP/1.1" 200 65748 "-" "Mozilla/5.0 (Linux; U; Android 4.2.2; fa-ir; SM-T311 Build/JDQ39) AppleWebKit/534.30 (KHTML, like Gecko) Version/4.0 Safari/534.30"
157.55.33.19 - - [20/May/2015:06:05:37 +0000] "GET /robots.txt HTTP/1.1" 200 - "-" "Mozilla/5.0 (compatible; bingbot/2.0; +http://www.bing.com/bingbot.htm)"
192.254.138.148 - - [20/May/2015:06:05:20 +0000] "GET /presentations/logstash-hmmm/images/logstash-and-metrics.png HTTP/1.1" 200 149691 "-" "Mozilla/4.0 (compatible; MSIE 6.0; Windows NT 5.2; SV1; .NET CLR 2.0.50727; InfoPath.1)"
46.105.14.53 - - [20/May/2015:06:05:10 +0000] "GET /blog/tags/puppet?flav=rss20 HTTP/1.1" 200 14872 "-" "UniversalFeedParser/4.2-pre-314-svn +http://feedparser.org/"
79.35.84.239 - - [20/May/2015:06:05:32 +0000] "GET /projects/xdotool/ HTTP/1.1" 200 12292 "-" "Mozilla/5.0 (X11; Ubuntu; Linux x86_64; rv:27.0) Gecko/20100101 Firefox/27.0"
79.35.84.239 - - [20/May/2015:06:05:56 +0000] "GET /reset.css HTTP/1.1" 200 1015 "http://www.semicomplete.com/projects/xdotool/" "Mozilla/5.0 (X11; Ubuntu; Linux x86_64; rv:27.0) Gecko/20100101 Firefox/27.0"
79.35.84.239 - - [20/May/2015:06:05:31 +0000] "GET /style2.css HTTP/1.1" 200 4877 "http://www.semicomplete.com/projects/xdotool/" "Mozilla/5.0 (X11; Ubuntu; Linux x86_64; rv:27.0) Gecko/20100101 Firefox/27.0"
79.35.84.239 - - [20/May/2015:06:05:55 +0000] "GET /images/jordan-80.png HTTP/1.1" 200 6146 "http://www.semicomplete.com/projects/xdotool/" "Mozilla/5.0 (X11; Ubuntu; Linux x86_64; rv:27.0) Gecko/20100101 Firefox/27.0"
79.35.84.239 - - [20/May/2015:06:05:05 +0000] "GET /images/web/2009/banner.png HTTP/1.1" 200 52315 "http://www.semicomplete.com/style2.css" "Mozilla/5.0 (X11; Ubuntu; Linux x86_64; rv:27.0) Gecko/20100101 Firefox/27.0"
79.35.84.239 - - [20/May/2015:06:05:47 +0000] "GET /favicon.ico HTTP/1.1" 200 3638 "-" "Mozilla/5.0 (X11; Ubuntu; Linux x86_64; rv:27.0) Gecko/20100101 Firefox/27.0"
208.91.156.11 - - [20/May/2015:06:05:37 +0000] "GET /files/logstash/logstash-1.3.2-monolithic.jar HTTP/1.1" 404 324 "-" "Chef Client/10.18.2 (ruby-1.9.3-p327; ohai-6.16.0; x86_64-linux; +http://opscode.com)"
69.85.215.56 - - [20/May/2015:06:05:24 +0000] "GET /articles/dynamic-dns-with-dhcp/ HTTP/1.1" 200 18848 "https://www.google.com/" "Mozilla/5.0 (Windows NT 6.2; WOW64) AppleWebKit/537.36 (KHTML, like Gecko) Chrome/32.0.1700.107 Safari/537.36"
69.85.215.56 - - [20/May/2015:06:05:01 +0000] "GET /reset.css HTTP/1.1" 200 1015 "http://www.semicomplete.com/articles/dynamic-dns-with-dhcp/" "Mozilla/5.0 (Windows NT 6.2; WOW64) AppleWebKit/537.36 (KHTML, like Gecko) Chrome/32.0.1700.107 Safari/537.36"
69.85.215.56 - - [20/May/2015:06:05:42 +0000] "GET /style2.css HTTP/1.1" 200 4877 "http://www.semicomplete.com/articles/dynamic-dns-with-dhcp/" "Mozilla/5.0 (Windows NT 6.2; WOW64) AppleWebKit/537.36 (KHTML, like Gecko) Chrome/32.0.1700.107 Safari/537.36"
69.85.215.56 - - [20/May/2015:06:05:51 +0000] "GET /images/jordan-80.png HTTP/1.1" 200 6146 "http://www.semicomplete.com/articles/dynamic-dns-with-dhcp/" "Mozilla/5.0 (Windows NT 6.2; WOW64) AppleWebKit/537.36 (KHTML, like Gecko) Chrome/32.0.1700.107 Safari/537.36"
69.85.215.56 - - [20/May/2015:06:05:22 +0000] "GET /images/web/2009/banner.png HTTP/1.1" 200 52315 "http://www.semicomplete.com/articles/dynamic-dns-with-dhcp/" "Mozilla/5.0 (Windows NT 6.2; WOW64) AppleWebKit/537.36 (KHTML, like Gecko) Chrome/32.0.1700.107 Safari/537.36"
69.85.215.56 - - [20/May/2015:06:05:01 +0000] "GET /favicon.ico HTTP/1.1" 200 3638 "-" "Mozilla/5.0 (Windows NT 6.2; WOW64) AppleWebKit/537.36 (KHTML, like Gecko) Chrome/32.0.1700.107 Safari/537.36"
89.121.200.106 - - [20/May/2015:06:05:31 +0000] "GET /projects/xdotool/ HTTP/1.1" 200 12292 "http://www.linuxquestions.org/questions/programming-9/simulating-a-mouse-click-594576/" "Mozilla/5.0 (X11; Ubuntu; Linux i686; rv:27.0) Gecko/20100101 Firefox/27.0"
89.121.200.106 - - [20/May/2015:06:05:39 +0000] "GET /style2.css HTTP/1.1" 200 4877 "http://www.semicomplete.com/projects/xdotool/" "Mozilla/5.0 (X11; Ubuntu; Linux i686; rv:27.0) Gecko/20100101 Firefox/27.0"
89.121.200.106 - - [20/May/2015:06:05:51 +0000] "GET /reset.css HTTP/1.1" 200 1015 "http://www.semicomplete.com/projects/xdotool/" "Mozilla/5.0 (X11; Ubuntu; Linux i686; rv:27.0) Gecko/20100101 Firefox/27.0"
89.121.200.106 - - [20/May/2015:06:05:18 +0000] "GET /favicon.ico HTTP/1.1" 200 3638 "-" "Mozilla/5.0 (X11; Ubuntu; Linux i686; rv:27.0) Gecko/20100101 Firefox/27.0"
89.121.200.106 - - [20/May/2015:06:05:16 +0000] "GET /images/jordan-80.png HTTP/1.1" 200 6146 "http://www.semicomplete.com/projects/xdotool/" "Mozilla/5.0 (X11; Ubuntu; Linux i686; rv:27.0) Gecko/20100101 Firefox/27.0"
89.121.200.106 - - [20/May/2015:06:05:55 +0000] "GET /images/web/2009/banner.png HTTP/1.1" 200 52315 "http://www.semicomplete.com/style2.css" "Mozilla/5.0 (X11; Ubuntu; Linux i686; rv:27.0) Gecko/20100101 Firefox/27.0"
157.55.33.19 - - [20/May/2015:06:05:09 +0000] "GET /misc/rcfiles/vimrc HTTP/1.1" 200 8363 "-" "Mozilla/5.0 (compatible; bingbot/2.0; +http://www.bing.com/bingbot.htm)"
128.118.108.67 - - [20/May/2015:06:05:08 +0000] "GET /favicon.ico HTTP/1.0" 200 3638 "-" "Safari/9537.73.11 CFNetwork/673.0.3 Darwin/13.0.0 (x86_64) (MacBookPro8%2C1)"
83.69.235.12 - - [20/May/2015:06:05:33 +0000] "GET /blog/tags/haml HTTP/1.1" 200 9780 "https://www.google.ru/" "Mozilla/5.0 (X11; Linux x86_64) AppleWebKit/537.36 (KHTML, like Gecko) Chrome/29.0.1547.76 Safari/537.36"
83.69.235.12 - - [20/May/2015:06:05:25 +0000] "GET /reset.css HTTP/1.1" 200 1015 "http://www.semicomplete.com/blog/tags/haml" "Mozilla/5.0 (X11; Linux x86_64) AppleWebKit/537.36 (KHTML, like Gecko) Chrome/29.0.1547.76 Safari/537.36"
83.69.235.12 - - [20/May/2015:06:05:53 +0000] "GET /style2.css HTTP/1.1" 200 4877 "http://www.semicomplete.com/blog/tags/haml" "Mozilla/5.0 (X11; Linux x86_64) AppleWebKit/537.36 (KHTML, like Gecko) Chrome/29.0.1547.76 Safari/537.36"
83.69.235.12 - - [20/May/2015:06:05:47 +0000] "GET /images/jordan-80.png HTTP/1.1" 200 6146 "http://www.semicomplete.com/blog/tags/haml" "Mozilla/5.0 (X11; Linux x86_64) AppleWebKit/537.36 (KHTML, like Gecko) Chrome/29.0.1547.76 Safari/537.36"
83.69.235.12 - - [20/May/2015:06:05:30 +0000] "GET /images/web/2009/banner.png HTTP/1.1" 200 52315 "http://www.semicomplete.com/blog/tags/haml" "Mozilla/5.0 (X11; Linux x86_64) AppleWebKit/537.36 (KHTML, like Gecko) Chrome/29.0.1547.76 Safari/537.36"
83.69.235.12 - - [20/May/2015:06:05:36 +0000] "GET /favicon.ico HTTP/1.1" 200 3638 "-" "Mozilla/5.0 (X11; Linux x86_64) AppleWebKit/537.36 (KHTML, like Gecko) Chrome/29.0.1547.76 Safari/537.36"
24.8.92.137 - - [20/May/2015:06:05:48 +0000] "GET /?flav=rss20 HTTP/1.1" 200 29941 "-" "Mozilla/5.0 (Linux; Android 4.4.2; Nexus 5 Build/KOT49H) AppleWebKit/537.36 (KHTML, like Gecko) Version/4.0 Chrome/30.0.0.0 Mobile Safari/537.36"
96.63.29.108 - - [20/May/2015:06:05:43 +0000] "GET /projects/xdotool/ HTTP/1.1" 200 12292 "http://stackoverflow.com/questions/14181488/simulating-key-press-using-bash" "Mozilla/5.0 (Windows NT 6.2; WOW64; rv:27.0) Gecko/20100101 Firefox/27.0"
96.63.29.108 - - [20/May/2015:06:05:42 +0000] "GET /reset.css HTTP/1.1" 200 1015 "http://www.semicomplete.com/projects/xdotool/" "Mozilla/5.0 (Windows NT 6.2; WOW64; rv:27.0) Gecko/20100101 Firefox/27.0"
96.63.29.108 - - [20/May/2015:06:05:32 +0000] "GET /style2.css HTTP/1.1" 200 4877 "http://www.semicomplete.com/projects/xdotool/" "Mozilla/5.0 (Windows NT 6.2; WOW64; rv:27.0) Gecko/20100101 Firefox/27.0"
96.63.29.108 - - [20/May/2015:06:05:38 +0000] "GET /favicon.ico HTTP/1.1" 200 3638 "http://www.semicomplete.com/projects/xdotool/" "Mozilla/5.0 (Windows NT 6.2; WOW64; rv:27.0) Gecko/20100101 Firefox/27.0"
96.63.29.108 - - [20/May/2015:06:05:10 +0000] "GET /images/jordan-80.png HTTP/1.1" 200 6146 "http://www.semicomplete.com/projects/xdotool/" "Mozilla/5.0 (Windows NT 6.2; WOW64; rv:27.0) Gecko/20100101 Firefox/27.0"
96.63.29.108 - - [20/May/2015:06:05:13 +0000] "GET /images/web/2009/banner.png HTTP/1.1" 200 52315 "http://www.semicomplete.com/style2.css" "Mozilla/5.0 (Windows NT 6.2; WOW64; rv:27.0) Gecko/20100101 Firefox/27.0"
195.37.190.67 - - [20/May/2015:06:05:51 +0000] "GET /blog/geekery/xvfb-firefox.html HTTP/1.1" 200 10975 "-" "Mozilla/5.0 (Windows; U; Windows NT 6.1; en-US) AppleWebKit/532.2 (KHTML, like Gecko) Chrome/4.0.222.12 Safari/532.2"
92.96.157.230 - - [20/May/2015:06:05:35 +0000] "GET /images/googledotcom.png HTTP/1.1" 200 65748 "-" "Mozilla/5.0 (Windows NT 6.1) AppleWebKit/537.36 (KHTML, like Gecko) Chrome/32.0.1700.107 Safari/537.36"
180.76.5.21 - - [20/May/2015:06:05:31 +0000] "GET /robots.txt HTTP/1.1" 200 - "-" "Mozilla/5.0 (Windows NT 5.1; rv:6.0.2) Gecko/20100101 Firefox/6.0.2"
167.220.26.44 - - [20/May/2015:06:05:49 +0000] "GET /blog/geekery/puppet-nodeless-configuration.html HTTP/1.1" 200 10301 "-" "Mozilla/5.0 (Windows NT 6.1; WOW64) AppleWebKit/537.36 (KHTML, like Gecko) Chrome/32.0.1700.107 Safari/537.36"
46.105.14.53 - - [20/May/2015:06:05:45 +0000] "GET /blog/tags/puppet?flav=rss20 HTTP/1.1" 200 14872 "-" "UniversalFeedParser/4.2-pre-314-svn +http://feedparser.org/"
162.213.42.132 - - [20/May/2015:06:05:14 +0000] "GET /robots.txt HTTP/1.1" 200 - "-" "python-requests/1.2.0 CPython/2.7.4 Linux/3.8.0-33-generic"
162.213.42.132 - - [20/May/2015:06:05:30 +0000] "GET /blog/geekery/ssl-latency.html HTTP/1.1" 200 17147 "-" "Robosourcer/1.0"
209.17.114.78 - - [20/May/2015:06:05:59 +0000] "GET /presentations/logstash-1/file/logstash-roadmap/elasticsearch-logstash-piesnacking.png HTTP/1.1" 200 21820 "-" "Mozilla/4.0 (compatible; MSIE 6.0; Windows NT 5.2; SV1; .NET CLR 2.0.50727; InfoPath.1)"
37.11.0.8 - - [20/May/2015:06:05:42 +0000] "GET /projects/xdotool/ HTTP/1.1" 200 12292 "https://www.google.es/" "Mozilla/5.0 (Windows NT 6.1; WOW64) AppleWebKit/537.36 (KHTML, like Gecko) Chrome/32.0.1700.107 Safari/537.36"
37.11.0.8 - - [20/May/2015:06:05:29 +0000] "GET /reset.css HTTP/1.1" 200 1015 "http://www.semicomplete.com/projects/xdotool/" "Mozilla/5.0 (Windows NT 6.1; WOW64) AppleWebKit/537.36 (KHTML, like Gecko) Chrome/32.0.1700.107 Safari/537.36"
37.11.0.8 - - [20/May/2015:06:05:21 +0000] "GET /style2.css HTTP/1.1" 200 4877 "http://www.semicomplete.com/projects/xdotool/" "Mozilla/5.0 (Windows NT 6.1; WOW64) AppleWebKit/537.36 (KHTML, like Gecko) Chrome/32.0.1700.107 Safari/537.36"
37.11.0.8 - - [20/May/2015:06:05:47 +0000] "GET /images/jordan-80.png HTTP/1.1" 200 6146 "http://www.semicomplete.com/projects/xdotool/" "Mozilla/5.0 (Windows NT 6.1; WOW64) AppleWebKit/537.36 (KHTML, like Gecko) Chrome/32.0.1700.107 Safari/537.36"
37.11.0.8 - - [20/May/2015:06:05:23 +0000] "GET /images/web/2009/banner.png HTTP/1.1" 200 52315 "http://www.semicomplete.com/projects/xdotool/" "Mozilla/5.0 (Windows NT 6.1; WOW64) AppleWebKit/537.36 (KHTML, like Gecko) Chrome/32.0.1700.107 Safari/537.36"
37.11.0.8 - - [20/May/2015:06:05:33 +0000] "GET /favicon.ico HTTP/1.1" 200 3638 "-" "Mozilla/5.0 (Windows NT 6.1; WOW64) AppleWebKit/537.36 (KHTML, like Gecko) Chrome/32.0.1700.107 Safari/537.36"
68.180.224.225 - - [20/May/2015:06:05:38 +0000] "GET /files/lumberjack/lumberjack_0.1.1_amd64.deb HTTP/1.1" 200 1199558 "-" "Mozilla/5.0 (compatible; Yahoo! Slurp; http://help.yahoo.com/help/us/ysearch/slurp)"
184.154.100.130 - - [20/May/2015:06:05:34 +0000] "GET / HTTP/1.0" 200 37932 "http://semicomplete.com/" "Mozilla/5.0 (Macintosh; Intel Mac OS X 10.7; rv:22.0) Gecko/20100101 Firefox/22.0"
184.154.100.130 - - [20/May/2015:06:05:09 +0000] "GET /articles/ssh-security/ HTTP/1.0" 200 16543 "http://semicomplete.com/" "Mozilla/5.0 (Macintosh; Intel Mac OS X 10.7; rv:22.0) Gecko/20100101 Firefox/22.0"
131.107.160.94 - - [20/May/2015:06:05:30 +0000] "GET /browserconfig.xml HTTP/1.1" 404 301 "-" "Mozilla/5.0 (Windows NT 6.3; Win64; x64; Trident/7.0; rv:11.0) like Gecko"
37.252.127.97 - - [20/May/2015:06:05:31 +0000] "GET /?flav=rss20 HTTP/1.1" 200 29941 "http://www.semicomplete.com/?flav=rss20" "SimplePie/1.3.1 (Feed Parser; http://simplepie.org; Allow like Gecko) Build/20140115031959"
68.180.224.225 - - [20/May/2015:06:05:54 +0000] "GET /blog/tags/rvg HTTP/1.1" 200 10420 "-" "Mozilla/5.0 (compatible; Yahoo! Slurp; http://help.yahoo.com/help/us/ysearch/slurp)"
209.85.238.199 - - [20/May/2015:06:05:30 +0000] "GET /blog/tags/firefox?flav=rss20 HTTP/1.1" 200 16021 "-" "Feedfetcher-Google; (+http://www.google.com/feedfetcher.html; 3 subscribers; feed-id=14171215010336145331)"
213.181.52.10 - - [20/May/2015:06:05:19 +0000] "GET /blog/tags/deb HTTP/1.1" 200 11275 "https://encrypted.google.com/url?sa=t&rct=j&q=fpm+packager&source=web&cd=3&ved=0CEMQFjAC&url=http%3A%2F%2Fwww.semicomplete.com%2Fblog%2Ftags%2Fdeb&ei=zzICU5v5I6HhywOlmYEY&usg=AFQjCNHupsJ49QDhyWDEfoWvxMYKgXNwZg&sig2=_WsnCxn6HziBdCEjYaxfjQ" "Mozilla/5.0 (X11; Linux x86_64) AppleWebKit/537.36 (KHTML, like Gecko) Chrome/31.0.1650.63 Safari/537.36"
213.181.52.10 - - [20/May/2015:06:05:34 +0000] "GET /reset.css HTTP/1.1" 200 1015 "-" "Mozilla/4.0 (compatible;)"
213.181.52.10 - - [20/May/2015:06:05:56 +0000] "GET /style2.css HTTP/1.1" 200 4877 "-" "Mozilla/4.0 (compatible;)"
213.181.52.10 - - [20/May/2015:06:05:41 +0000] "GET /favicon.ico HTTP/1.1" 200 3638 "-" "Mozilla/4.0 (compatible;)"
213.181.52.10 - - [20/May/2015:06:05:18 +0000] "GET /images/jordan-80.png HTTP/1.1" 200 6146 "-" "Mozilla/4.0 (compatible;)"
74.125.176.149 - - [20/May/2015:06:05:27 +0000] "GET /?flav=rss20 HTTP/1.1" 200 29941 "-" "FeedBurner/1.0 (http://www.FeedBurner.com)"
213.181.52.10 - - [20/May/2015:06:05:38 +0000] "GET /images/web/2009/banner.png HTTP/1.1" 200 52315 "http://www.semicomplete.com/blog/tags/deb" "Mozilla/5.0 (X11; Linux x86_64) AppleWebKit/537.36 (KHTML, like Gecko) Chrome/31.0.1650.63 Safari/537.36"
93.129.45.32 - - [20/May/2015:06:05:56 +0000] "GET /projects/xdotool/xdotool.xhtml HTTP/1.1" 200 50112 "http://www.google.de/url?sa=t&rct=j&q=&esrc=s&source=web&cd=1&cad=rja&ved=0CC8QFjAA&url=http%3A%2F%2Fwww.semicomplete.com%2Fprojects%2Fxdotool%2Fxdotool.xhtml&ei=tykCU8yGDMjUtQbbxoDwCw&usg=AFQjCNFwZFAI0RQdN_N0kFH-oj8cLsJRNQ&bvm=bv.61535280,d.Yms" "Mozilla/5.0 (X11; Linux i686; rv:24.0) Gecko/20140207 Firefox/24.0 Iceweasel/24.3.0"
93.129.45.32 - - [20/May/2015:06:05:57 +0000] "GET /favicon.ico HTTP/1.1" 200 3638 "-" "Mozilla/5.0 (X11; Linux i686; rv:24.0) Gecko/20140207 Firefox/24.0 Iceweasel/24.3.0"
46.105.14.53 - - [20/May/2015:06:05:04 +0000] "GET /blog/tags/puppet?flav=rss20 HTTP/1.1" 200 14872 "-" "UniversalFeedParser/4.2-pre-314-svn +http://feedparser.org/"
50.16.19.13 - - [20/May/2015:06:05:52 +0000] "GET /blog/tags/puppet?flav=rss20 HTTP/1.1" 200 14872 "http://www.semicomplete.com/blog/tags/puppet?flav=rss20" "Tiny Tiny RSS/1.11 (http://tt-rss.org/)"
116.75.148.149 - - [20/May/2015:06:05:39 +0000] "GET /blog/geekery/xsendevent-xdotool-and-ld_preload.html HTTP/1.1" 200 10049 "http://stackoverflow.com/questions/14656615/xlib-xsendevent-click-event-do-not-work-inside-of-some-windows-on-ubuntu-12-04" "Mozilla/5.0 (Windows NT 6.1; WOW64) AppleWebKit/537.36 (KHTML, like Gecko) Chrome/31.0.1650.63 Safari/537.36"
116.75.148.149 - - [20/May/2015:06:05:08 +0000] "GET /reset.css HTTP/1.1" 200 1015 "http://www.semicomplete.com/blog/geekery/xsendevent-xdotool-and-ld_preload.html" "Mozilla/5.0 (Windows NT 6.1; WOW64) AppleWebKit/537.36 (KHTML, like Gecko) Chrome/31.0.1650.63 Safari/537.36"
116.75.148.149 - - [20/May/2015:06:05:07 +0000] "GET /style2.css HTTP/1.1" 200 4877 "http://www.semicomplete.com/blog/geekery/xsendevent-xdotool-and-ld_preload.html" "Mozilla/5.0 (Windows NT 6.1; WOW64) AppleWebKit/537.36 (KHTML, like Gecko) Chrome/31.0.1650.63 Safari/537.36"
116.75.148.149 - - [20/May/2015:06:05:41 +0000] "GET /images/jordan-80.png HTTP/1.1" 200 6146 "http://www.semicomplete.com/blog/geekery/xsendevent-xdotool-and-ld_preload.html" "Mozilla/5.0 (Windows NT 6.1; WOW64) AppleWebKit/537.36 (KHTML, like Gecko) Chrome/31.0.1650.63 Safari/537.36"
116.75.148.149 - - [20/May/2015:06:05:09 +0000] "GET /images/web/2009/banner.png HTTP/1.1" 200 52315 "http://www.semicomplete.com/blog/geekery/xsendevent-xdotool-and-ld_preload.html" "Mozilla/5.0 (Windows NT 6.1; WOW64) AppleWebKit/537.36 (KHTML, like Gecko) Chrome/31.0.1650.63 Safari/537.36"
116.75.148.149 - - [20/May/2015:06:05:37 +0000] "GET /favicon.ico HTTP/1.1" 200 3638 "-" "Mozilla/5.0 (Windows NT 6.1; WOW64) AppleWebKit/537.36 (KHTML, like Gecko) Chrome/31.0.1650.63 Safari/537.36"
192.44.32.8 - - [20/May/2015:06:05:32 +0000] "GET /blog/geekery/xvfb-firefox.html HTTP/1.1" 200 10975 "http://en.wikipedia.org/wiki/Xvfb" "Mozilla/5.0 (Windows NT 6.1; WOW64) AppleWebKit/537.36 (KHTML, like Gecko) Chrome/34.0.1838.2 Safari/537.36"
192.44.32.8 - - [20/May/2015:06:05:27 +0000] "GET /reset.css HTTP/1.1" 200 1015 "http://semicomplete.com/blog/geekery/xvfb-firefox.html" "Mozilla/5.0 (Windows NT 6.1; WOW64) AppleWebKit/537.36 (KHTML, like Gecko) Chrome/34.0.1838.2 Safari/537.36"
192.44.32.8 - - [20/May/2015:06:05:46 +0000] "GET /style2.css HTTP/1.1" 200 4877 "http://semicomplete.com/blog/geekery/xvfb-firefox.html" "Mozilla/5.0 (Windows NT 6.1; WOW64) AppleWebKit/537.36 (KHTML, like Gecko) Chrome/34.0.1838.2 Safari/537.36"
192.44.32.8 - - [20/May/2015:06:05:23 +0000] "GET /images/web/2009/banner.png HTTP/1.1" 200 52315 "http://semicomplete.com/blog/geekery/xvfb-firefox.html" "Mozilla/5.0 (Windows NT 6.1; WOW64) AppleWebKit/537.36 (KHTML, like Gecko) Chrome/34.0.1838.2 Safari/537.36"
192.44.32.8 - - [20/May/2015:06:05:51 +0000] "GET /images/jordan-80.png HTTP/1.1" 200 6146 "http://semicomplete.com/blog/geekery/xvfb-firefox.html" "Mozilla/5.0 (Windows NT 6.1; WOW64) AppleWebKit/537.36 (KHTML, like Gecko) Chrome/34.0.1838.2 Safari/537.36"
192.44.32.8 - - [20/May/2015:07:05:04 +0000] "GET /favicon.ico HTTP/1.1" 200 3638 "-" "Mozilla/5.0 (Windows NT 6.1; WOW64) AppleWebKit/537.36 (KHTML, like Gecko) Chrome/34.0.1838.2 Safari/537.36"
131.114.11.55 - - [20/May/2015:07:05:36 +0000] "GET /favicon.ico HTTP/1.1" 200 3638 "-" "Mozilla/5.0 (X11; Linux i686; rv:27.0) Gecko/20100101 Firefox/27.0"
192.44.32.8 - - [20/May/2015:07:05:56 +0000] "GET /images/googledotcom.png HTTP/1.1" 200 65748 "http://semicomplete.com/blog/geekery/xvfb-firefox.html" "Mozilla/5.0 (Windows NT 6.1; WOW64) AppleWebKit/537.36 (KHTML, like Gecko) Chrome/34.0.1838.2 Safari/537.36"
192.44.32.8 - - [20/May/2015:07:05:49 +0000] "GET /favicon.ico HTTP/1.1" 200 3638 "-" "Mozilla/5.0 (Windows NT 6.1; WOW64) AppleWebKit/537.36 (KHTML, like Gecko) Chrome/34.0.1838.2 Safari/537.36"
66.249.73.135 - - [20/May/2015:07:05:09 +0000] "GET /?flav=rss20 HTTP/1.1" 200 29941 "-" "Mozilla/5.0 (compatible; Googlebot/2.1; +http://www.google.com/bot.html)"
68.180.224.225 - - [20/May/2015:07:05:56 +0000] "GET /files/lumberjack/lumberjack_0.0.1_amd64.deb HTTP/1.1" 200 1450198 "-" "Mozilla/5.0 (compatible; Yahoo! Slurp; http://help.yahoo.com/help/us/ysearch/slurp)"
194.153.130.2 - - [20/May/2015:07:05:53 +0000] "GET /presentations/logstash-scale11x/images/logstash.png HTTP/1.1" 200 47731 "http://kufli.blogspot.de/2013/07/log-analysis-using-logstash.html" "Mozilla/5.0 (Macintosh; Intel Mac OS X 10.9; rv:27.0) Gecko/20100101 Firefox/27.0"
86.101.235.77 - - [20/May/2015:07:05:10 +0000] "GET /presentations/logstash-scale11x/images/logstash.png HTTP/1.1" 200 47731 "http://kufli.blogspot.hu/2013/07/log-analysis-using-logstash.html" "Mozilla/5.0 (Windows NT 6.3; WOW64) AppleWebKit/537.36 (KHTML, like Gecko) Chrome/32.0.1700.107 Safari/537.36"
66.249.73.135 - - [20/May/2015:07:05:37 +0000] "GET /blog/geekery/vmware-cpu-performance.html HTTP/1.1" 200 12908 "-" "Mozilla/5.0 (compatible; Googlebot/2.1; +http://www.google.com/bot.html)"
66.249.73.135 - - [20/May/2015:07:05:13 +0000] "GET /?flav=atom HTTP/1.1" 200 32352 "-" "Mozilla/5.0 (compatible; Googlebot/2.1; +http://www.google.com/bot.html)"
163.157.254.25 - - [20/May/2015:07:05:31 +0000] "GET /blog/tags/smart HTTP/1.1" 200 10068 "https://www.google.de/" "Mozilla/5.0 (Windows NT 6.1; WOW64) AppleWebKit/537.36 (KHTML, like Gecko) Chrome/32.0.1700.107 Safari/537.36"
163.157.254.25 - - [20/May/2015:07:05:34 +0000] "GET /favicon.ico HTTP/1.1" 200 3638 "http://www.semicomplete.com/blog/tags/smart" "Mozilla/5.0 (Windows NT 6.1; WOW64) AppleWebKit/537.36 (KHTML, like Gecko) Chrome/32.0.1700.107 Safari/537.36"
163.157.254.25 - - [20/May/2015:07:05:56 +0000] "GET /style2.css HTTP/1.1" 200 4877 "http://www.semicomplete.com/blog/tags/smart" "Mozilla/5.0 (Windows NT 6.1; WOW64) AppleWebKit/537.36 (KHTML, like Gecko) Chrome/32.0.1700.107 Safari/537.36"
163.157.254.25 - - [20/May/2015:07:05:26 +0000] "GET /images/jordan-80.png HTTP/1.1" 200 6146 "http://www.semicomplete.com/blog/tags/smart" "Mozilla/5.0 (Windows NT 6.1; WOW64) AppleWebKit/537.36 (KHTML, like Gecko) Chrome/32.0.1700.107 Safari/537.36"
163.157.254.25 - - [20/May/2015:07:05:10 +0000] "GET /reset.css HTTP/1.1" 200 1015 "http://www.semicomplete.com/blog/tags/smart" "Mozilla/5.0 (Windows NT 6.1; WOW64) AppleWebKit/537.36 (KHTML, like Gecko) Chrome/32.0.1700.107 Safari/537.36"
163.157.254.25 - - [20/May/2015:07:05:26 +0000] "GET /images/web/2009/banner.png HTTP/1.1" 200 52315 "http://www.semicomplete.com/blog/tags/smart" "Mozilla/5.0 (Windows NT 6.1; WOW64) AppleWebKit/537.36 (KHTML, like Gecko) Chrome/32.0.1700.107 Safari/537.36"
66.249.73.135 - - [20/May/2015:07:05:41 +0000] "GET /misc/job_description_is_clearly_not_an_oracle_dba.html HTTP/1.1" 200 2596 "-" "Mozilla/5.0 (compatible; Googlebot/2.1; +http://www.google.com/bot.html)"
116.75.148.149 - - [20/May/2015:07:05:08 +0000] "GET /articles/efficiency/ HTTP/1.1" 200 36398 "http://www.semicomplete.com/blog/geekery/xsendevent-xdotool-and-ld_preload.html" "Mozilla/5.0 (Windows NT 6.1; WOW64) AppleWebKit/537.36 (KHTML, like Gecko) Chrome/31.0.1650.63 Safari/537.36"
54.215.118.244 - - [20/May/2015:07:05:41 +0000] "GET /?flav=rss20 HTTP/1.1" 200 29941 "-" "Digg Feed Fetcher 1.0 (Mozilla/5.0 (Macintosh; Intel Mac OS X 10_7_1) AppleWebKit/534.48.3 (KHTML, like Gecko) Version/5.1 Safari/534.48.3)"
199.15.233.140 - - [20/May/2015:07:05:37 +0000] "GET /projects/xdotool/xdotool.xhtml HTTP/1.0" 200 50112 "http://www.semicomplete.com/projects/xdotool/xdotool.xhtml" "Mozilla/5.0 (Windows; U; Windows NT 6.1; en-US) AppleWebKit/533.4 (KHTML, like Gecko) Iron/5.0.381.0 Chrome/5.0.381 Safari/533.4"
92.237.208.151 - - [20/May/2015:07:05:50 +0000] "GET /projects/xdotool/xdotool.xhtml HTTP/1.1" 200 50112 "-" "Mozilla/5.0 (X11; Linux x86_64; rv:26.0) Gecko/20100101 Firefox/26.0"
92.237.208.151 - - [20/May/2015:07:05:59 +0000] "GET /favicon.ico HTTP/1.1" 200 3638 "-" "Mozilla/5.0 (X11; Linux x86_64; rv:26.0) Gecko/20100101 Firefox/26.0"
46.105.14.53 - - [20/May/2015:07:05:09 +0000] "GET /blog/tags/puppet?flav=rss20 HTTP/1.1" 200 14872 "-" "UniversalFeedParser/4.2-pre-314-svn +http://feedparser.org/"
128.118.108.67 - - [20/May/2015:07:05:37 +0000] "GET /favicon.ico HTTP/1.0" 200 3638 "-" "Safari/9537.73.11 CFNetwork/673.0.3 Darwin/13.0.0 (x86_64) (MacBookPro8%2C1)"
68.180.224.225 - - [20/May/2015:07:05:20 +0000] "GET /blog/geekery/gdb-eval-libc-trickery.html HTTP/1.1" 200 8986 "-" "Mozilla/5.0 (compatible; Yahoo! Slurp; http://help.yahoo.com/help/us/ysearch/slurp)"
86.9.201.133 - - [20/May/2015:07:05:30 +0000] "GET /blog/geekery/jps-shows-nothing-useful.html HTTP/1.1" 200 10976 "http://stackoverflow.com/questions/6287926/jps-not-showing-tomcat-process" "Mozilla/5.0 (X11; Linux x86_64) AppleWebKit/537.36 (KHTML, like Gecko) Chrome/32.0.1700.107 Safari/537.36"
86.9.201.133 - - [20/May/2015:07:05:19 +0000] "GET /favicon.ico HTTP/1.1" 200 3638 "-" "Mozilla/5.0 (X11; Linux x86_64) AppleWebKit/537.36 (KHTML, like Gecko) Chrome/32.0.1700.107 Safari/537.36"
46.105.14.53 - - [20/May/2015:07:05:06 +0000] "GET /blog/tags/puppet?flav=rss20 HTTP/1.1" 200 14872 "-" "UniversalFeedParser/4.2-pre-314-svn +http://feedparser.org/"
107.170.41.69 - - [20/May/2015:07:05:50 +0000] "GET /?flav=atom HTTP/1.1" 200 32352 "-" "Feedbin - 1 subscribers"
12.165.188.130 - - [20/May/2015:07:05:19 +0000] "GET /files/logstash/logstash-1.1.1-monolithic.jar HTTP/1.1" 304 - "-" "Mozilla/4.0 (compatible;)"
97.74.24.113 - - [20/May/2015:07:05:59 +0000] "GET /presentations/logstash-scale11x/images/logstash-dreamhost-day.png HTTP/1.1" 200 34213 "-" "Mozilla/4.0 (compatible; MSIE 6.0; Windows NT 5.2; SV1; .NET CLR 2.0.50727; InfoPath.1)"
209.17.114.78 - - [20/May/2015:07:05:13 +0000] "GET /presentations/logstash-intro/file/about-me/tequila-face.jpg HTTP/1.1" 200 196054 "-" "Mozilla/4.0 (compatible; MSIE 6.0; Windows NT 5.2; SV1; .NET CLR 2.0.50727; InfoPath.1)"
209.17.114.78 - - [20/May/2015:07:05:59 +0000] "GET /presentations/logstash-1/file/logstash-roadmap/elasticsearch-logstash-piesnacking.png HTTP/1.1" 200 21820 "-" "Mozilla/4.0 (compatible; MSIE 6.0; Windows NT 5.2; SV1; .NET CLR 2.0.50727; InfoPath.1)"
209.17.114.78 - - [20/May/2015:07:05:54 +0000] "GET /presentations/logstash-puppetconf-2012/images/kibana-logstash-downloads.png HTTP/1.1" 200 95058 "-" "Mozilla/4.0 (compatible; MSIE 6.0; Windows NT 5.2; SV1; .NET CLR 2.0.50727; InfoPath.1)"
209.17.114.78 - - [20/May/2015:07:05:36 +0000] "GET /presentations/logstash-puppetconf-2012/images/nagios-sms1.png HTTP/1.1" 200 55478 "-" "Mozilla/4.0 (compatible; MSIE 6.0; Windows NT 5.2; SV1; .NET CLR 2.0.50727; InfoPath.1)"
50.157.244.41 - - [20/May/2015:07:05:23 +0000] "GET /favicon.ico HTTP/1.1" 200 3638 "http://semicomplete.com/presentations/puppet-at-loggly/puppet-at-loggly.pdf.html" "Mozilla/5.0 (Macintosh; Intel Mac OS X 10_7_5) AppleWebKit/537.73.11 (KHTML, like Gecko) Version/6.1.1 Safari/537.73.11"
70.177.214.34 - - [20/May/2015:07:05:20 +0000] "GET /presentations/logstash-scale11x/images/ahhh___rage_face_by_samusmmx-d5g5zap.png HTTP/1.1" 200 175208 "-" "Mozilla/5.0 (Windows NT 6.3; WOW64) AppleWebKit/537.36 (KHTML, like Gecko) Chrome/32.0.1700.107 Safari/537.36"
50.157.244.41 - - [20/May/2015:07:05:52 +0000] "GET /blog/geekery/puppet-nodeless-configuration HTTP/1.1" 200 10301 "http://www.google.com/url?sa=t&rct=j&q=&esrc=s&source=web&cd=2&sqi=2&ved=0CDAQFjAB&url=http%3A%2F%2Fwww.semicomplete.com%2Fblog%2Fgeekery%2Fpuppet-nodeless-configuration&ei=CgChUpMp44XJAerUgLgC&usg=AFQjCNGmY7lnNqIHN3ONNtDz7ZsxwHFiAA&bvm=bv.57155469,d.aWc&cad=rja" "Mozilla/5.0 (Macintosh; Intel Mac OS X 10_7_5) AppleWebKit/537.73.11 (KHTML, like Gecko) Version/6.1.1 Safari/537.73.11"
50.157.244.41 - - [20/May/2015:07:05:01 +0000] "GET /images/jordan-80.png HTTP/1.1" 200 6146 "http://www.semicomplete.com/blog/geekery/puppet-nodeless-configuration" "Mozilla/5.0 (Macintosh; Intel Mac OS X 10_7_5) AppleWebKit/537.73.11 (KHTML, like Gecko) Version/6.1.1 Safari/537.73.11"
50.157.244.41 - - [20/May/2015:07:05:30 +0000] "GET /favicon.ico HTTP/1.1" 200 3638 "http://www.semicomplete.com/blog/geekery/puppet-nodeless-configuration" "Mozilla/5.0 (Macintosh; Intel Mac OS X 10_7_5) AppleWebKit/537.73.11 (KHTML, like Gecko) Version/6.1.1 Safari/537.73.11"
2.241.35.167 - - [20/May/2015:07:05:18 +0000] "GET /files/xdotool/docs/html/tabs.css HTTP/1.1" 200 1844 "http://www.semicomplete.com/files/xdotool/docs/html/xdo_8h.html" "Mozilla/5.0 (X11; Ubuntu; Linux x86_64; rv:27.0) Gecko/20100101 Firefox/27.0"
2.241.35.167 - - [20/May/2015:07:05:26 +0000] "GET /files/xdotool/docs/html/search/search.css HTTP/1.1" 200 3843 "http://www.semicomplete.com/files/xdotool/docs/html/xdo_8h.html" "Mozilla/5.0 (X11; Ubuntu; Linux x86_64; rv:27.0) Gecko/20100101 Firefox/27.0"
2.241.35.167 - - [20/May/2015:07:05:00 +0000] "GET /files/xdotool/docs/html/search/search.js HTTP/1.1" 200 21330 "http://www.semicomplete.com/files/xdotool/docs/html/xdo_8h.html" "Mozilla/5.0 (X11; Ubuntu; Linux x86_64; rv:27.0) Gecko/20100101 Firefox/27.0"
2.241.35.167 - - [20/May/2015:07:05:28 +0000] "GET /files/xdotool/docs/html/doxygen.css HTTP/1.1" 200 7911 "http://www.semicomplete.com/files/xdotool/docs/html/xdo_8h.html" "Mozilla/5.0 (X11; Ubuntu; Linux x86_64; rv:27.0) Gecko/20100101 Firefox/27.0"
2.241.35.167 - - [20/May/2015:07:05:27 +0000] "GET /files/xdotool/docs/html/search/search.png HTTP/1.1" 200 527 "http://www.semicomplete.com/files/xdotool/docs/html/xdo_8h.html" "Mozilla/5.0 (X11; Ubuntu; Linux x86_64; rv:27.0) Gecko/20100101 Firefox/27.0"
