85.170.84.143 - - [17/May/2015:12:05:42 +0000] "GET /images/web/2009/banner.png HTTP/1.1" 200 52315 "http://www.semicomplete.com/blog/geekery/xsendevent-xdotool-and-ld_preload.html" "Mozilla/5.0 (X11; Linux x86_64) AppleWebKit/537.36 (KHTML, like Gecko) Chrome/32.0.1700.107 Safari/537.36"
46.105.14.53 - - [17/May/2015:12:05:26 +0000] "GET /blog/tags/puppet?flav=rss20 HTTP/1.1" 200 14872 "-" "UniversalFeedParser/4.2-pre-314-svn +http://feedparser.org/"
100.43.83.137 - - [17/May/2015:12:05:42 +0000] "GET /images/webhits-2.png HTTP/1.1" 304 - "-" "Mozilla/5.0 (compatible; YandexImages/3.0; +http://yandex.com/bots)"
50.131.51.216 - - [17/May/2015:12:05:37 +0000] "GET /blog/geekery/xvfb-firefox.html HTTP/1.1" 200 10975 "http://en.wikipedia.org/wiki/Xvfb" "Mozilla/5.0 (Linux; U; en-us; KFAPWI Build/JDQ39) AppleWebKit/535.19 (KHTML, like Gecko) Silk/3.13 Safari/535.19 Silk-Accelerated=true"
50.131.51.216 - - [17/May/2015:12:05:18 +0000] "GET /reset.css HTTP/1.1" 200 1015 "http://semicomplete.com/blog/geekery/xvfb-firefox.html" "Mozilla/5.0 (Linux; U; en-us; KFAPWI Build/JDQ39) AppleWebKit/535.19 (KHTML, like Gecko) Silk/3.13 Safari/535.19 Silk-Accelerated=true"
50.131.51.216 - - [17/May/2015:12:05:44 +0000] "GET /style2.css HTTP/1.1" 200 4877 "http://semicomplete.com/blog/geekery/xvfb-firefox.html" "Mozilla/5.0 (Linux; U; en-us; KFAPWI Build/JDQ39) AppleWebKit/535.19 (KHTML, like Gecko) Silk/3.13 Safari/535.19 Silk-Accelerated=true"
50.131.51.216 - - [17/May/2015:12:05:36 +0000] "GET /images/jordan-80.png HTTP/1.1" 200 6146 "http://semicomplete.com/blog/geekery/xvfb-firefox.html" "Mozilla/5.0 (Linux; U; en-us; KFAPWI Build/JDQ39) AppleWebKit/535.19 (KHTML, like Gecko) Silk/3.13 Safari/535.19 Silk-Accelerated=true"
50.131.51.216 - - [17/May/2015:12:05:28 +0000] "GET /images/web/2009/banner.png HTTP/1.1" 200 52315 "http://semicomplete.com/blog/geekery/xvfb-firefox.html" "Mozilla/5.0 (Linux; U; en-us; KFAPWI Build/JDQ39) AppleWebKit/535.19 (KHTML, like Gecko) Silk/3.13 Safari/535.19 Silk-Accelerated=true"
50.131.51.216 - - [17/May/2015:12:05:01 +0000] "GET /favicon.ico HTTP/1.1" 200 3638 "-" "Mozilla/5.0 (Linux; U; en-us; KFAPWI Build/JDQ39) AppleWebKit/535.19 (KHTML, like Gecko) Silk/3.13 Safari/535.19 Silk-Accelerated=true"
209.85.238.199 - - [17/May/2015:12:05:48 +0000] "GET /?flav=rss20 HTTP/1.1" 200 29941 "-" "Feedfetcher-Google; (+http://www.google.com/feedfetcher.html; 22 subscribers; feed-id=8321906634162087507)"
212.197.170.45 - - [17/May/2015:12:05:03 +0000] "GET /favicon.ico HTTP/1.1" 200 3638 "-" "Mozilla/5.0 (Windows NT 6.1; WOW64; rv:27.0) Gecko/20100101 Firefox/27.0"
212.197.170.45 - - [17/May/2015:12:05:59 +0000] "GET /favicon.ico HTTP/1.1" 200 3638 "-" "Mozilla/5.0 (Windows NT 6.1; WOW64; rv:27.0) Gecko/20100101 Firefox/27.0"
112.110.247.238 - - [17/May/2015:12:05:27 +0000] "GET /images/googledotcom.png HTTP/1.1" 304 - "-" "Maui Browser"
108.32.74.68 - - [17/May/2015:12:05:16 +0000] "GET /projects/xdotool/ HTTP/1.1" 200 12292 "https://www.google.com/" "Mozilla/5.0 (X11; Linux x86_64) AppleWebKit/537.36 (KHTML, like Gecko) Ubuntu Chromium/32.0.1700.102 Chrome/32.0.1700.102 Safari/537.36"
108.32.74.68 - - [17/May/2015:12:05:40 +0000] "GET /style2.css HTTP/1.1" 200 4877 "http://www.semicomplete.com/projects/xdotool/" "Mozilla/5.0 (X11; Linux x86_64) AppleWebKit/537.36 (KHTML, like Gecko) Ubuntu Chromium/32.0.1700.102 Chrome/32.0.1700.102 Safari/537.36"
108.32.74.68 - - [17/May/2015:12:05:02 +0000] "GET /reset.css HTTP/1.1" 200 1015 "http://www.semicomplete.com/projects/xdotool/" "Mozilla/5.0 (X11; Linux x86_64) AppleWebKit/537.36 (KHTML, like Gecko) Ubuntu Chromium/32.0.1700.102 Chrome/32.0.1700.102 Safari/537.36"
108.32.74.68 - - [17/May/2015:12:05:16 +0000] "GET /images/jordan-80.png HTTP/1.1" 200 6146 "http://www.semicomplete.com/projects/xdotool/" "Mozilla/5.0 (X11; Linux x86_64) AppleWebKit/537.36 (KHTML, like Gecko) Ubuntu Chromium/32.0.1700.102 Chrome/32.0.1700.102 Safari/537.36"
108.32.74.68 - - [17/May/2015:12:05:21 +0000] "GET /images/web/2009/banner.png HTTP/1.1" 200 52315 "http://www.semicomplete.com/projects/xdotool/" "Mozilla/5.0 (X11; Linux x86_64) AppleWebKit/537.36 (KHTML, like Gecko) Ubuntu Chromium/32.0.1700.102 Chrome/32.0.1700.102 Safari/537.36"
108.32.74.68 - - [17/May/2015:12:05:15 +0000] "GET /favicon.ico HTTP/1.1" 200 3638 "-" "Mozilla/5.0 (X11; Linux x86_64) AppleWebKit/537.36 (KHTML, like Gecko) Ubuntu Chromium/32.0.1700.102 Chrome/32.0.1700.102 Safari/537.36"
203.118.242.184 - - [17/May/2015:12:05:58 +0000] "GET /images/googledotcom.png HTTP/1.1" 200 65748 "http://www.google.com.kh/search?q=www.google.com&client=ms-android-samsung&hl=en-GB&source=android-search-app&v=133247963&source=lnms&tbm=isch&sa=X&ei=J9gAU7nQO4eOlQXyhIHgBw&ved=0CAkQ_AUoAA" "Mozilla/5.0 (Linux; U; Android 2.3.5; en-gb; GT-I9100 Build/GINGERBREAD) AppleWebKit/533.1 (KHTML, like Gecko) Version/4.0 Mobile Safari/533.1"
212.242.185.85 - - [17/May/2015:12:05:05 +0000] "GET /projects/xdotool/ HTTP/1.1" 200 12292 "http://www.google.dk/url?sa=t&rct=j&q=&esrc=s&source=web&cd=1&ved=0CC4QFjAA&url=http%3A%2F%2Fwww.semicomplete.com%2Fprojects%2Fxdotool%2F&ei=rNgAU_6xDIOn4gS7yIGQBg&usg=AFQjCNE3V_aCf3-gfNcbS924S6jZ6FqffA&sig2=87asLx5_FCyjuIIp39K-SA&bvm=bv.61535280,d.bGE" "Mozilla/5.0 (Windows NT 6.1; WOW64; rv:27.0) Gecko/20100101 Firefox/27.0"
212.242.185.85 - - [17/May/2015:12:05:21 +0000] "GET /reset.css HTTP/1.1" 200 1015 "http://www.semicomplete.com/projects/xdotool/" "Mozilla/5.0 (Windows NT 6.1; WOW64; rv:27.0) Gecko/20100101 Firefox/27.0"
212.242.185.85 - - [17/May/2015:12:05:23 +0000] "GET /style2.css HTTP/1.1" 200 4877 "http://www.semicomplete.com/projects/xdotool/" "Mozilla/5.0 (Windows NT 6.1; WOW64; rv:27.0) Gecko/20100101 Firefox/27.0"
212.242.185.85 - - [17/May/2015:12:05:01 +0000] "GET /favicon.ico HTTP/1.1" 200 3638 "-" "Mozilla/5.0 (Windows NT 6.1; WOW64; rv:27.0) Gecko/20100101 Firefox/27.0"
212.242.185.85 - - [17/May/2015:12:05:17 +0000] "GET /images/jordan-80.png HTTP/1.1" 200 6146 "http://www.semicomplete.com/projects/xdotool/" "Mozilla/5.0 (Windows NT 6.1; WOW64; rv:27.0) Gecko/20100101 Firefox/27.0"
212.242.185.85 - - [17/May/2015:12:05:34 +0000] "GET /images/web/2009/banner.png HTTP/1.1" 200 52315 "http://www.semicomplete.com/style2.css" "Mozilla/5.0 (Windows NT 6.1; WOW64; rv:27.0) Gecko/20100101 Firefox/27.0"
68.180.224.225 - - [17/May/2015:12:05:26 +0000] "GET /blog/geekery/60.html HTTP/1.1" 200 9364 "-" "Mozilla/5.0 (compatible; Yahoo! Slurp; http://help.yahoo.com/help/us/ysearch/slurp)"
50.131.51.216 - - [17/May/2015:12:05:23 +0000] "GET /blog/geekery/headless-wrapper-for-ephemeral-xservers.html HTTP/1.1" 200 11902 "http://semicomplete.com/blog/geekery/xvfb-firefox.html" "Mozilla/5.0 (Linux; U; en-us; KFAPWI Build/JDQ39) AppleWebKit/535.19 (KHTML, like Gecko) Silk/3.13 Safari/535.19 Silk-Accelerated=true"
223.81.196.65 - - [17/May/2015:12:05:14 +0000] "GET /images/googledotcom.png HTTP/1.1" 200 65748 "http://www.google.com.hk/blank.html" "Mozilla/5.0 (compatible; MSIE 9.0; Windows NT 6.1; Trident/5.0; 2345Explorer 3.2.0.12012)"
66.249.73.135 - - [17/May/2015:12:05:29 +0000] "GET /blog/geekery/sparsa2006.html HTTP/1.1" 200 25306 "-" "Mozilla/5.0 (iPhone; CPU iPhone OS 6_0 like Mac OS X) AppleWebKit/536.26 (KHTML, like Gecko) Version/6.0 Mobile/10A5376e Safari/8536.25 (compatible; Googlebot/2.1; +http://www.google.com/bot.html)"
46.105.14.53 - - [17/May/2015:12:05:59 +0000] "GET /blog/tags/puppet?flav=rss20 HTTP/1.1" 200 14872 "-" "UniversalFeedParser/4.2-pre-314-svn +http://feedparser.org/"
178.191.44.227 - - [17/May/2015:12:05:05 +0000] "GET /projects/xdotool/xdotool.xhtml HTTP/1.1" 200 50112 "https://www.google.at/" "Mozilla/5.0 (X11; Linux x86_64) AppleWebKit/537.36 (KHTML, like Gecko) Chrome/31.0.1650.63 Safari/537.36"
178.191.44.227 - - [17/May/2015:12:05:54 +0000] "GET /favicon.ico HTTP/1.1" 200 3638 "-" "Mozilla/5.0 (X11; Linux x86_64) AppleWebKit/537.36 (KHTML, like Gecko) Chrome/31.0.1650.63 Safari/537.36"
94.228.34.233 - - [17/May/2015:12:05:23 +0000] "GET /resume.xml HTTP/1.1" 304 - "-" "magpie-crawler/1.1 (U; Linux amd64; en-GB; +http://www.brandwatch.net)"
88.112.19.251 - - [17/May/2015:12:05:06 +0000] "GET /articles/dynamic-dns-with-dhcp/ HTTP/1.1" 200 18848 "http://www.google.fi/url?sa=t&rct=j&q=&esrc=s&source=web&cd=4&ved=0CDkQFjAD&url=http%3A%2F%2Fwww.semicomplete.com%2Farticles%2Fdynamic-dns-with-dhcp%2F&ei=iNkAU7LRAsbhywOt2YGICw&usg=AFQjCNEF1X4Rs52UYQyLiySTQxa97ozM4g&bvm=bv.61535280,d.bGQ" "Mozilla/5.0 (X11; Linux x86_64; rv:26.0) Gecko/20100101 Firefox/26.0"
88.112.19.251 - - [17/May/2015:12:05:13 +0000] "GET /reset.css HTTP/1.1" 200 1015 "http://www.semicomplete.com/articles/dynamic-dns-with-dhcp/" "Mozilla/5.0 (X11; Linux x86_64; rv:26.0) Gecko/20100101 Firefox/26.0"
88.112.19.251 - - [17/May/2015:12:05:01 +0000] "GET /favicon.ico HTTP/1.1" 200 3638 "-" "Mozilla/5.0 (X11; Linux x86_64; rv:26.0) Gecko/20100101 Firefox/26.0"
88.112.19.251 - - [17/May/2015:12:05:48 +0000] "GET /style2.css HTTP/1.1" 200 4877 "http://www.semicomplete.com/articles/dynamic-dns-with-dhcp/" "Mozilla/5.0 (X11; Linux x86_64; rv:26.0) Gecko/20100101 Firefox/26.0"
88.112.19.251 - - [17/May/2015:12:05:06 +0000] "GET /images/jordan-80.png HTTP/1.1" 200 6146 "http://www.semicomplete.com/articles/dynamic-dns-with-dhcp/" "Mozilla/5.0 (X11; Linux x86_64; rv:26.0) Gecko/20100101 Firefox/26.0"
88.112.19.251 - - [17/May/2015:12:05:07 +0000] "GET /images/web/2009/banner.png HTTP/1.1" 200 52315 "http://www.semicomplete.com/style2.css" "Mozilla/5.0 (X11; Linux x86_64; rv:26.0) Gecko/20100101 Firefox/26.0"
79.185.184.23 - - [17/May/2015:12:05:18 +0000] "GET /projects/xdotool/ HTTP/1.1" 200 12292 "-" "Mozilla/5.0 (X11; Linux i686; rv:27.0) Gecko/20100101 Firefox/27.0"
79.185.184.23 - - [17/May/2015:12:05:07 +0000] "GET /style2.css HTTP/1.1" 200 4877 "-" "Mozilla/5.0 (X11; Linux i686; rv:27.0) Gecko/20100101 Firefox/27.0"
79.185.184.23 - - [17/May/2015:12:05:31 +0000] "GET /reset.css HTTP/1.1" 200 1015 "-" "Mozilla/5.0 (X11; Linux i686; rv:27.0) Gecko/20100101 Firefox/27.0"
79.185.184.23 - - [17/May/2015:12:05:34 +0000] "GET /favicon.ico HTTP/1.1" 200 3638 "-" "Mozilla/5.0 (X11; Linux i686; rv:27.0) Gecko/20100101 Firefox/27.0"
79.185.184.23 - - [17/May/2015:12:05:01 +0000] "GET /images/jordan-80.png HTTP/1.1" 200 6146 "-" "Mozilla/5.0 (X11; Linux i686; rv:27.0) Gecko/20100101 Firefox/27.0"
79.185.184.23 - - [17/May/2015:12:05:22 +0000] "GET /images/web/2009/banner.png HTTP/1.1" 200 52315 "-" "Mozilla/5.0 (X11; Linux i686; rv:27.0) Gecko/20100101 Firefox/27.0"
207.241.237.102 - - [17/May/2015:12:05:07 +0000] "GET /blog/tags/regexp HTTP/1.0" 200 20513 "http://www.semicomplete.com/blog/tags/C" "Mozilla/5.0 (compatible; archive.org_bot +http://www.archive.org/details/archive.org_bot)"
100.43.83.137 - - [17/May/2015:12:05:05 +0000] "GET /images/proofsocietyisdoomed.png HTTP/1.1" 304 - "-" "Mozilla/5.0 (compatible; YandexImages/3.0; +http://yandex.com/bots)"
66.168.50.129 - - [17/May/2015:12:05:38 +0000] "GET /presentations/logstash-puppetconf-2012/ HTTP/1.1" 200 37269 "http://semicomplete.com/" "Mozilla/5.0 (Macintosh; Intel Mac OS X 10.7; rv:21.0) Gecko/20100101 Firefox/21.0"
82.247.137.135 - - [17/May/2015:12:05:29 +0000] "GET / HTTP/1.1" 200 37932 "https://www.google.fr/" "Mozilla/5.0 (X11; Linux x86_64) AppleWebKit/537.36 (KHTML, like Gecko) Chrome/32.0.1700.107 Safari/537.36"
82.247.137.135 - - [17/May/2015:12:05:32 +0000] "GET /reset.css HTTP/1.1" 200 1015 "http://www.semicomplete.com/" "Mozilla/5.0 (X11; Linux x86_64) AppleWebKit/537.36 (KHTML, like Gecko) Chrome/32.0.1700.107 Safari/537.36"
82.247.137.135 - - [17/May/2015:12:05:06 +0000] "GET /style2.css HTTP/1.1" 200 4877 "http://www.semicomplete.com/" "Mozilla/5.0 (X11; Linux x86_64) AppleWebKit/537.36 (KHTML, like Gecko) Chrome/32.0.1700.107 Safari/537.36"
82.247.137.135 - - [17/May/2015:12:05:38 +0000] "GET /images/jordan-80.png HTTP/1.1" 200 6146 "http://www.semicomplete.com/" "Mozilla/5.0 (X11; Linux x86_64) AppleWebKit/537.36 (KHTML, like Gecko) Chrome/32.0.1700.107 Safari/537.36"
82.247.137.135 - - [17/May/2015:12:05:14 +0000] "GET /images/web/2009/banner.png HTTP/1.1" 200 52315 "http://www.semicomplete.com/" "Mozilla/5.0 (X11; Linux x86_64) AppleWebKit/537.36 (KHTML, like Gecko) Chrome/32.0.1700.107 Safari/537.36"
82.247.137.135 - - [17/May/2015:12:05:51 +0000] "GET /favicon.ico HTTP/1.1" 200 3638 "-" "Mozilla/5.0 (X11; Linux x86_64) AppleWebKit/537.36 (KHTML, like Gecko) Chrome/32.0.1700.107 Safari/537.36"
66.249.73.135 - - [17/May/2015:12:05:25 +0000] "GET /blog/tags/C HTTP/1.1" 200 37991 "-" "Mozilla/5.0 (iPhone; CPU iPhone OS 6_0 like Mac OS X) AppleWebKit/536.26 (KHTML, like Gecko) Version/6.0 Mobile/10A5376e Safari/8536.25 (compatible; Googlebot/2.1; +http://www.google.com/bot.html)"
74.125.40.16 - - [17/May/2015:12:05:20 +0000] "GET /?flav=rss20 HTTP/1.1" 200 29941 "-" "FeedBurner/1.0 (http://www.FeedBurner.com)"
86.182.52.145 - - [17/May/2015:12:05:44 +0000] "GET /articles/dynamic-dns-with-dhcp/ HTTP/1.1" 200 18848 "https://www.google.co.uk/" "Mozilla/5.0 (Windows NT 6.3; WOW64) AppleWebKit/537.36 (KHTML, like Gecko) Chrome/32.0.1700.107 Safari/537.36"
86.182.52.145 - - [17/May/2015:12:05:36 +0000] "GET /reset.css HTTP/1.1" 200 1015 "http://www.semicomplete.com/articles/dynamic-dns-with-dhcp/" "Mozilla/5.0 (Windows NT 6.3; WOW64) AppleWebKit/537.36 (KHTML, like Gecko) Chrome/32.0.1700.107 Safari/537.36"
86.182.52.145 - - [17/May/2015:12:05:51 +0000] "GET /style2.css HTTP/1.1" 200 4877 "http://www.semicomplete.com/articles/dynamic-dns-with-dhcp/" "Mozilla/5.0 (Windows NT 6.3; WOW64) AppleWebKit/537.36 (KHTML, like Gecko) Chrome/32.0.1700.107 Safari/537.36"
86.182.52.145 - - [17/May/2015:12:05:10 +0000] "GET /images/jordan-80.png HTTP/1.1" 200 6146 "http://www.semicomplete.com/articles/dynamic-dns-with-dhcp/" "Mozilla/5.0 (Windows NT 6.3; WOW64) AppleWebKit/537.36 (KHTML, like Gecko) Chrome/32.0.1700.107 Safari/537.36"
46.105.14.53 - - [17/May/2015:12:05:43 +0000] "GET /blog/tags/puppet?flav=rss20 HTTP/1.1" 200 14872 "-" "UniversalFeedParser/4.2-pre-314-svn +http://feedparser.org/"
86.182.52.145 - - [17/May/2015:12:05:08 +0000] "GET /images/web/2009/banner.png HTTP/1.1" 200 52315 "http://www.semicomplete.com/articles/dynamic-dns-with-dhcp/" "Mozilla/5.0 (Windows NT 6.3; WOW64) AppleWebKit/537.36 (KHTML, like Gecko) Chrome/32.0.1700.107 Safari/537.36"
86.182.52.145 - - [17/May/2015:12:05:34 +0000] "GET /favicon.ico HTTP/1.1" 200 3638 "-" "Mozilla/5.0 (Windows NT 6.3; WOW64) AppleWebKit/537.36 (KHTML, like Gecko) Chrome/32.0.1700.107 Safari/537.36"
108.32.74.68 - - [17/May/2015:12:05:42 +0000] "GET /files/xdotool/docs HTTP/1.1" 301 341 "http://www.semicomplete.com/projects/xdotool/" "Mozilla/5.0 (X11; Linux x86_64) AppleWebKit/537.36 (KHTML, like Gecko) Ubuntu Chromium/32.0.1700.102 Chrome/32.0.1700.102 Safari/537.36"
108.32.74.68 - - [17/May/2015:12:05:08 +0000] "GET /files/xdotool/docs/ HTTP/1.1" 200 1328 "http://www.semicomplete.com/projects/xdotool/" "Mozilla/5.0 (X11; Linux x86_64) AppleWebKit/537.36 (KHTML, like Gecko) Ubuntu Chromium/32.0.1700.102 Chrome/32.0.1700.102 Safari/537.36"
108.32.74.68 - - [17/May/2015:12:05:04 +0000] "GET /icons/blank.gif HTTP/1.1" 200 148 "http://www.semicomplete.com/files/xdotool/docs/" "Mozilla/5.0 (X11; Linux x86_64) AppleWebKit/537.36 (KHTML, like Gecko) Ubuntu Chromium/32.0.1700.102 Chrome/32.0.1700.102 Safari/537.36"
108.32.74.68 - - [17/May/2015:12:05:50 +0000] "GET /icons/back.gif HTTP/1.1" 200 216 "http://www.semicomplete.com/files/xdotool/docs/" "Mozilla/5.0 (X11; Linux x86_64) AppleWebKit/537.36 (KHTML, like Gecko) Ubuntu Chromium/32.0.1700.102 Chrome/32.0.1700.102 Safari/537.36"
108.32.74.68 - - [17/May/2015:12:05:14 +0000] "GET /icons/folder.gif HTTP/1.1" 200 225 "http://www.semicomplete.com/files/xdotool/docs/" "Mozilla/5.0 (X11; Linux x86_64) AppleWebKit/537.36 (KHTML, like Gecko) Ubuntu Chromium/32.0.1700.102 Chrome/32.0.1700.102 Safari/537.36"
108.32.74.68 - - [17/May/2015:12:05:37 +0000] "GET /files/xdotool/docs HTTP/1.1" 301 341 "http://www.semicomplete.com/projects/xdotool/" "Mozilla/5.0 (X11; Linux x86_64) AppleWebKit/537.36 (KHTML, like Gecko) Ubuntu Chromium/32.0.1700.102 Chrome/32.0.1700.102 Safari/537.36"
108.32.74.68 - - [17/May/2015:12:05:26 +0000] "GET /files/xdotool/docs/ HTTP/1.1" 200 1328 "http://www.semicomplete.com/projects/xdotool/" "Mozilla/5.0 (X11; Linux x86_64) AppleWebKit/537.36 (KHTML, like Gecko) Ubuntu Chromium/32.0.1700.102 Chrome/32.0.1700.102 Safari/537.36"
108.32.74.68 - - [17/May/2015:12:05:58 +0000] "GET /projects/xdotool/xdotool.xhtml HTTP/1.1" 200 50112 "http://www.semicomplete.com/projects/xdotool/" "Mozilla/5.0 (X11; Linux x86_64) AppleWebKit/537.36 (KHTML, like Gecko) Ubuntu Chromium/32.0.1700.102 Chrome/32.0.1700.102 Safari/537.36"
92.239.20.53 - - [17/May/2015:12:05:59 +0000] "GET /presentations/puppet-at-loggly/puppet-at-loggly.pdf.html HTTP/1.1" 200 24747 "-" "Mozilla/5.0 (Macintosh; Intel Mac OS X 10.8; rv:27.0) Gecko/20100101 Firefox/27.0"
92.239.20.53 - - [17/May/2015:12:05:22 +0000] "GET /favicon.ico HTTP/1.1" 200 3638 "-" "Mozilla/5.0 (Macintosh; Intel Mac OS X 10.8; rv:27.0) Gecko/20100101 Firefox/27.0"
180.76.5.27 - - [17/May/2015:12:05:09 +0000] "GET /misc/rcfiles/ion3/look_simpleblue.lua HTTP/1.1" 200 3179 "-" "Mozilla/5.0 (compatible; Baiduspider/2.0; +http://www.baidu.com/search/spider.html)"
173.192.238.41 - - [17/May/2015:12:05:44 +0000] "GET /blog HTTP/1.1" 200 37936 "-" "Mozilla/5.0 (X11; U; Linux x86_64; en-US; rv:1.9.0.19; aggregator:Spinn3r (Spinn3r 3.1); http://spinn3r.com/robot) Gecko/2010040121 Firefox/3.0.19"
93.164.60.142 - - [17/May/2015:12:05:31 +0000] "GET /presentations/logstash-scale11x/images/ahhh___rage_face_by_samusmmx-d5g5zap.png HTTP/1.1" 200 175208 "-" "Mozilla/5.0 (Windows NT 6.2; WOW64) AppleWebKit/537.36 (KHTML, like Gecko) Chrome/32.0.1700.107 Safari/537.36"
107.170.41.69 - - [17/May/2015:12:05:49 +0000] "GET /?flav=atom HTTP/1.1" 200 32352 "-" "Feedbin - 1 subscribers"
50.16.19.13 - - [17/May/2015:12:05:18 +0000] "GET /blog/tags/puppet?flav=rss20 HTTP/1.1" 200 14872 "http://www.semicomplete.com/blog/tags/puppet?flav=rss20" "Tiny Tiny RSS/1.11 (http://tt-rss.org/)"
108.178.4.100 - - [17/May/2015:12:05:27 +0000] "GET /presentations/logstash-metrics-sf-2012.10/ HTTP/1.0" 200 18729 "http://semicomplete.com/" "Mozilla/5.0 (Macintosh; Intel Mac OS X 10.7; rv:21.0) Gecko/20100101 Firefox/21.0"
108.178.4.100 - - [17/May/2015:12:05:21 +0000] "GET /presentations/logstash-metrics-sf-2012.10/ HTTP/1.0" 200 18729 "http://semicomplete.com/" "Mozilla/5.0 (Macintosh; Intel Mac OS X 10.7; rv:21.0) Gecko/20100101 Firefox/21.0"
111.199.235.239 - - [17/May/2015:12:05:35 +0000] "GET /presentations/logstash-puppetconf-2012/ HTTP/1.1" 200 37269 "http://www.logstash.net/docs/1.3.3/learn" "Mozilla/5.0 (Macintosh; Intel Mac OS X 10_8_5) AppleWebKit/536.30.1 (KHTML, like Gecko) Version/6.0.5 Safari/536.30.1"
111.199.235.239 - - [17/May/2015:13:05:15 +0000] "GET /presentations/logstash-puppetconf-2012/css/reset.css HTTP/1.1" 200 1382 "http://semicomplete.com/presentations/logstash-puppetconf-2012/" "Mozilla/5.0 (Macintosh; Intel Mac OS X 10_8_5) AppleWebKit/536.30.1 (KHTML, like Gecko) Version/6.0.5 Safari/536.30.1"
111.199.235.239 - - [17/May/2015:13:05:51 +0000] "GET /presentations/logstash-puppetconf-2012/css/main.css HTTP/1.1" 200 26498 "http://semicomplete.com/presentations/logstash-puppetconf-2012/" "Mozilla/5.0 (Macintosh; Intel Mac OS X 10_8_5) AppleWebKit/536.30.1 (KHTML, like Gecko) Version/6.0.5 Safari/536.30.1"
111.199.235.239 - - [17/May/2015:13:05:41 +0000] "GET /presentations/logstash-puppetconf-2012/css/preso.css HTTP/1.1" 200 659 "http://semicomplete.com/presentations/logstash-puppetconf-2012/" "Mozilla/5.0 (Macintosh; Intel Mac OS X 10_8_5) AppleWebKit/536.30.1 (KHTML, like Gecko) Version/6.0.5 Safari/536.30.1"
111.199.235.239 - - [17/May/2015:13:05:31 +0000] "GET /presentations/logstash-puppetconf-2012/lib/css/zenburn.css HTTP/1.1" 200 1791 "http://semicomplete.com/presentations/logstash-puppetconf-2012/" "Mozilla/5.0 (Macintosh; Intel Mac OS X 10_8_5) AppleWebKit/536.30.1 (KHTML, like Gecko) Version/6.0.5 Safari/536.30.1"
111.199.235.239 - - [17/May/2015:13:05:23 +0000] "GET /presentations/logstash-puppetconf-2012/images/logstash.png HTTP/1.1" 200 47731 "http://semicomplete.com/presentations/logstash-puppetconf-2012/" "Mozilla/5.0 (Macintosh; Intel Mac OS X 10_8_5) AppleWebKit/536.30.1 (KHTML, like Gecko) Version/6.0.5 Safari/536.30.1"
111.199.235.239 - - [17/May/2015:13:05:29 +0000] "GET /presentations/logstash-puppetconf-2012/images/nagios-sms1.png HTTP/1.1" 200 55478 "http://semicomplete.com/presentations/logstash-puppetconf-2012/" "Mozilla/5.0 (Macintosh; Intel Mac OS X 10_8_5) AppleWebKit/536.30.1 (KHTML, like Gecko) Version/6.0.5 Safari/536.30.1"
111.199.235.239 - - [17/May/2015:13:05:42 +0000] "GET /presentations/logstash-puppetconf-2012/images/nagios-sms3.png HTTP/1.1" 200 65917 "http://semicomplete.com/presentations/logstash-puppetconf-2012/" "Mozilla/5.0 (Macintosh; Intel Mac OS X 10_8_5) AppleWebKit/536.30.1 (KHTML, like Gecko) Version/6.0.5 Safari/536.30.1"
111.199.235.239 - - [17/May/2015:13:05:22 +0000] "GET /presentations/logstash-puppetconf-2012/images/sysadvent.png HTTP/1.1" 200 108497 "http://semicomplete.com/presentations/logstash-puppetconf-2012/" "Mozilla/5.0 (Macintosh; Intel Mac OS X 10_8_5) AppleWebKit/536.30.1 (KHTML, like Gecko) Version/6.0.5 Safari/536.30.1"
111.199.235.239 - - [17/May/2015:13:05:13 +0000] "GET /presentations/logstash-puppetconf-2012/images/nagios-sms4.png HTTP/1.1" 200 72949 "http://semicomplete.com/presentations/logstash-puppetconf-2012/" "Mozilla/5.0 (Macintosh; Intel Mac OS X 10_8_5) AppleWebKit/536.30.1 (KHTML, like Gecko) Version/6.0.5 Safari/536.30.1"
111.199.235.239 - - [17/May/2015:13:05:20 +0000] "GET /presentations/logstash-puppetconf-2012/images/nagios-sms2.png HTTP/1.1" 200 60656 "http://semicomplete.com/presentations/logstash-puppetconf-2012/" "Mozilla/5.0 (Macintosh; Intel Mac OS X 10_8_5) AppleWebKit/536.30.1 (KHTML, like Gecko) Version/6.0.5 Safari/536.30.1"
111.199.235.239 - - [17/May/2015:13:05:42 +0000] "GET /presentations/logstash-puppetconf-2012/images/nagios-sms5.png HTTP/1.1" 200 78075 "http://semicomplete.com/presentations/logstash-puppetconf-2012/" "Mozilla/5.0 (Macintosh; Intel Mac OS X 10_8_5) AppleWebKit/536.30.1 (KHTML, like Gecko) Version/6.0.5 Safari/536.30.1"
111.199.235.239 - - [17/May/2015:13:05:35 +0000] "GET /presentations/logstash-puppetconf-2012/images/nagios-sms6.png HTTP/1.1" 200 82859 "http://semicomplete.com/presentations/logstash-puppetconf-2012/" "Mozilla/5.0 (Macintosh; Intel Mac OS X 10_8_5) AppleWebKit/536.30.1 (KHTML, like Gecko) Version/6.0.5 Safari/536.30.1"
66.249.73.135 - - [17/May/2015:13:05:53 +0000] "GET /blog/tags/xpathtool HTTP/1.1" 200 12150 "-" "Mozilla/5.0 (iPhone; CPU iPhone OS 6_0 like Mac OS X) AppleWebKit/536.26 (KHTML, like Gecko) Version/6.0 Mobile/10A5376e Safari/8536.25 (compatible; Googlebot/2.1; +http://www.google.com/bot.html)"
111.199.235.239 - - [17/May/2015:13:05:02 +0000] "GET /presentations/logstash-puppetconf-2012/images/pc-load-letter.jpg HTTP/1.1" 200 71808 "http://semicomplete.com/presentations/logstash-puppetconf-2012/" "Mozilla/5.0 (Macintosh; Intel Mac OS X 10_8_5) AppleWebKit/536.30.1 (KHTML, like Gecko) Version/6.0.5 Safari/536.30.1"
111.199.235.239 - - [17/May/2015:13:05:29 +0000] "GET /presentations/logstash-puppetconf-2012/images/frontend-response-codes.png HTTP/1.1" 200 52878 "http://semicomplete.com/presentations/logstash-puppetconf-2012/" "Mozilla/5.0 (Macintosh; Intel Mac OS X 10_8_5) AppleWebKit/536.30.1 (KHTML, like Gecko) Version/6.0.5 Safari/536.30.1"
111.199.235.239 - - [17/May/2015:13:05:25 +0000] "GET /presentations/logstash-puppetconf-2012/images/office-space-printer-beat-down-gif.gif HTTP/1.1" 404 364 "http://semicomplete.com/presentations/logstash-puppetconf-2012/" "Mozilla/5.0 (Macintosh; Intel Mac OS X 10_8_5) AppleWebKit/536.30.1 (KHTML, like Gecko) Version/6.0.5 Safari/536.30.1"
111.199.235.239 - - [17/May/2015:13:05:09 +0000] "GET /presentations/logstash-puppetconf-2012/images/xkcd-perl.png HTTP/1.1" 200 80663 "http://semicomplete.com/presentations/logstash-puppetconf-2012/" "Mozilla/5.0 (Macintosh; Intel Mac OS X 10_8_5) AppleWebKit/536.30.1 (KHTML, like Gecko) Version/6.0.5 Safari/536.30.1"
111.199.235.239 - - [17/May/2015:13:05:01 +0000] "GET /presentations/logstash-puppetconf-2012/images/xkcd-perlswing-many.png HTTP/1.1" 200 100207 "http://semicomplete.com/presentations/logstash-puppetconf-2012/" "Mozilla/5.0 (Macintosh; Intel Mac OS X 10_8_5) AppleWebKit/536.30.1 (KHTML, like Gecko) Version/6.0.5 Safari/536.30.1"
111.199.235.239 - - [17/May/2015:13:05:36 +0000] "GET /presentations/logstash-puppetconf-2012/images/lifecycle.png HTTP/1.1" 200 9618 "http://semicomplete.com/presentations/logstash-puppetconf-2012/" "Mozilla/5.0 (Macintosh; Intel Mac OS X 10_8_5) AppleWebKit/536.30.1 (KHTML, like Gecko) Version/6.0.5 Safari/536.30.1"
111.199.235.239 - - [17/May/2015:13:05:55 +0000] "GET /presentations/logstash-puppetconf-2012/images/kibana-chef-agent.png HTTP/1.1" 200 73187 "http://semicomplete.com/presentations/logstash-puppetconf-2012/" "Mozilla/5.0 (Macintosh; Intel Mac OS X 10_8_5) AppleWebKit/536.30.1 (KHTML, like Gecko) Version/6.0.5 Safari/536.30.1"
111.199.235.239 - - [17/May/2015:13:05:59 +0000] "GET /presentations/logstash-puppetconf-2012/images/kibana-logstash-downloads.png HTTP/1.1" 200 95058 "http://semicomplete.com/presentations/logstash-puppetconf-2012/" "Mozilla/5.0 (Macintosh; Intel Mac OS X 10_8_5) AppleWebKit/536.30.1 (KHTML, like Gecko) Version/6.0.5 Safari/536.30.1"
111.199.235.239 - - [17/May/2015:13:05:40 +0000] "GET /presentations/logstash-puppetconf-2012/images/trollface.png HTTP/1.1" 200 58123 "http://semicomplete.com/presentations/logstash-puppetconf-2012/" "Mozilla/5.0 (Macintosh; Intel Mac OS X 10_8_5) AppleWebKit/536.30.1 (KHTML, like Gecko) Version/6.0.5 Safari/536.30.1"
111.199.235.239 - - [17/May/2015:13:05:14 +0000] "GET /presentations/logstash-puppetconf-2012/images/computer-keyboard-jacket.jpg HTTP/1.1" 200 176805 "http://semicomplete.com/presentations/logstash-puppetconf-2012/" "Mozilla/5.0 (Macintosh; Intel Mac OS X 10_8_5) AppleWebKit/536.30.1 (KHTML, like Gecko) Version/6.0.5 Safari/536.30.1"
111.199.235.239 - - [17/May/2015:13:05:04 +0000] "GET /presentations/logstash-puppetconf-2012/images/psychoaxe.jpg HTTP/1.1" 200 29179 "http://semicomplete.com/presentations/logstash-puppetconf-2012/" "Mozilla/5.0 (Macintosh; Intel Mac OS X 10_8_5) AppleWebKit/536.30.1 (KHTML, like Gecko) Version/6.0.5 Safari/536.30.1"
111.199.235.239 - - [17/May/2015:13:05:16 +0000] "GET /presentations/logstash-puppetconf-2012/images/stats-negative-min.png HTTP/1.1" 200 46139 "http://semicomplete.com/presentations/logstash-puppetconf-2012/" "Mozilla/5.0 (Macintosh; Intel Mac OS X 10_8_5) AppleWebKit/536.30.1 (KHTML, like Gecko) Version/6.0.5 Safari/536.30.1"
111.199.235.239 - - [17/May/2015:13:05:23 +0000] "GET /presentations/logstash-puppetconf-2012/lib/js/head.min.js HTTP/1.1" 200 3170 "http://semicomplete.com/presentations/logstash-puppetconf-2012/" "Mozilla/5.0 (Macintosh; Intel Mac OS X 10_8_5) AppleWebKit/536.30.1 (KHTML, like Gecko) Version/6.0.5 Safari/536.30.1"
111.199.235.239 - - [17/May/2015:13:05:15 +0000] "GET /presentations/logstash-puppetconf-2012/images/apache-negative-duration.png HTTP/1.1" 200 97173 "http://semicomplete.com/presentations/logstash-puppetconf-2012/" "Mozilla/5.0 (Macintosh; Intel Mac OS X 10_8_5) AppleWebKit/536.30.1 (KHTML, like Gecko) Version/6.0.5 Safari/536.30.1"
111.199.235.239 - - [17/May/2015:13:05:06 +0000] "GET /presentations/logstash-puppetconf-2012/images/kibana-chef-hits-6min-each.png HTTP/1.1" 200 80555 "http://semicomplete.com/presentations/logstash-puppetconf-2012/" "Mozilla/5.0 (Macintosh; Intel Mac OS X 10_8_5) AppleWebKit/536.30.1 (KHTML, like Gecko) Version/6.0.5 Safari/536.30.1"
111.199.235.239 - - [17/May/2015:13:05:07 +0000] "GET /presentations/logstash-puppetconf-2012/js/reveal.js HTTP/1.1" 200 29108 "http://semicomplete.com/presentations/logstash-puppetconf-2012/" "Mozilla/5.0 (Macintosh; Intel Mac OS X 10_8_5) AppleWebKit/536.30.1 (KHTML, like Gecko) Version/6.0.5 Safari/536.30.1"
111.199.235.239 - - [17/May/2015:13:05:24 +0000] "GET /presentations/logstash-puppetconf-2012/lib/font/league_gothic-webfont.ttf HTTP/1.1" 200 42324 "http://semicomplete.com/presentations/logstash-puppetconf-2012/" "Mozilla/5.0 (Macintosh; Intel Mac OS X 10_8_5) AppleWebKit/536.30.1 (KHTML, like Gecko) Version/6.0.5 Safari/536.30.1"
111.199.235.239 - - [17/May/2015:13:05:25 +0000] "GET /presentations/logstash-puppetconf-2012/css/print.css HTTP/1.1" 200 3995 "http://semicomplete.com/presentations/logstash-puppetconf-2012/" "Mozilla/5.0 (Macintosh; Intel Mac OS X 10_8_5) AppleWebKit/536.30.1 (KHTML, like Gecko) Version/6.0.5 Safari/536.30.1"
111.199.235.239 - - [17/May/2015:13:05:14 +0000] "GET /presentations/logstash-puppetconf-2012/images/logs.jpg HTTP/1.1" 200 663847 "http://semicomplete.com/presentations/logstash-puppetconf-2012/" "Mozilla/5.0 (Macintosh; Intel Mac OS X 10_8_5) AppleWebKit/536.30.1 (KHTML, like Gecko) Version/6.0.5 Safari/536.30.1"
111.199.235.239 - - [17/May/2015:13:05:23 +0000] "GET /presentations/logstash-puppetconf-2012/ HTTP/1.1" 200 37269 "http://www.logstash.net/docs/1.3.3/learn" "Mozilla/5.0 (Macintosh; Intel Mac OS X 10_8_5) AppleWebKit/536.30.1 (KHTML, like Gecko) Version/6.0.5 Safari/536.30.1"
111.199.235.239 - - [17/May/2015:13:05:32 +0000] "GET /presentations/logstash-puppetconf-2012/images/office-space-printer-beat-down-gif.gif HTTP/1.1" 404 364 "http://semicomplete.com/presentations/logstash-puppetconf-2012/" "Mozilla/5.0 (Macintosh; Intel Mac OS X 10_8_5) AppleWebKit/536.30.1 (KHTML, like Gecko) Version/6.0.5 Safari/536.30.1"
111.199.235.239 - - [17/May/2015:13:05:53 +0000] "GET /presentations/logstash-puppetconf-2012/images/stats-negative-min.png HTTP/1.1" 200 46139 "http://semicomplete.com/presentations/logstash-puppetconf-2012/" "Mozilla/5.0 (Macintosh; Intel Mac OS X 10_8_5) AppleWebKit/536.30.1 (KHTML, like Gecko) Version/6.0.5 Safari/536.30.1"
111.199.235.239 - - [17/May/2015:13:05:55 +0000] "GET /presentations/logstash-puppetconf-2012/images/logs.jpg HTTP/1.1" 200 663847 "http://semicomplete.com/presentations/logstash-puppetconf-2012/" "Mozilla/5.0 (Macintosh; Intel Mac OS X 10_8_5) AppleWebKit/536.30.1 (KHTML, like Gecko) Version/6.0.5 Safari/536.30.1"
46.105.14.53 - - [17/May/2015:13:05:52 +0000] "GET /blog/tags/puppet?flav=rss20 HTTP/1.1" 200 14872 "-" "UniversalFeedParser/4.2-pre-314-svn +http://feedparser.org/"
68.180.224.225 - - [17/May/2015:13:05:02 +0000] "GET /scripts/noise HTTP/1.1" 200 792 "-" "Mozilla/5.0 (compatible; Yahoo! Slurp; http://help.yahoo.com/help/us/ysearch/slurp)"
100.43.83.137 - - [17/May/2015:13:05:48 +0000] "GET /files/blogposts/20090105/ff3linux.png HTTP/1.1" 304 - "-" "Mozilla/5.0 (compatible; YandexImages/3.0; +http://yandex.com/bots)"
108.171.116.194 - - [17/May/2015:13:05:03 +0000] "GET /blog/geekery/disabling-battery-in-ubuntu-vms.html?utm_source=feedburner&utm_medium=feed&utm_campaign=Feed:+semicomplete/main+(semicomplete.com+-+Jordan+Sissel) HTTP/1.1" 200 9316 "-" "Mozilla/5.0 (Windows; U; Windows NT 5.2; en-US; rv:1.8.1.4) Gecko/20070515 Firefox/2.0.0.4"
108.171.116.194 - - [17/May/2015:13:05:53 +0000] "GET /blog/geekery/tf2-wine-linux-performance-tuning.html?utm_source=feedburner&utm_medium=feed&utm_campaign=Feed:+semicomplete/main+(semicomplete.com+-+Jordan+Sissel) HTTP/1.1" 200 10021 "-" "Mozilla/5.0 (Windows; U; Windows NT 5.2; en-US; rv:1.8.1.4) Gecko/20070515 Firefox/2.0.0.4"
108.171.116.194 - - [17/May/2015:13:05:43 +0000] "GET /blog/geekery/CEE-logging-for-profit.html?utm_source=feedburner&utm_medium=feed&utm_campaign=Feed:+semicomplete/main+(semicomplete.com+-+Jordan+Sissel) HTTP/1.1" 200 13358 "-" "Mozilla/5.0 (Windows; U; Windows NT 5.2; en-US; rv:1.8.1.4) Gecko/20070515 Firefox/2.0.0.4"
108.171.116.194 - - [17/May/2015:13:05:19 +0000] "GET /blog/growing-logstash-value.html?utm_source=feedburner&utm_medium=feed&utm_campaign=Feed:+semicomplete/main+(semicomplete.com+-+Jordan+Sissel) HTTP/1.1" 200 11113 "-" "Mozilla/5.0 (Windows; U; Windows NT 5.2; en-US; rv:1.8.1.4) Gecko/20070515 Firefox/2.0.0.4"
108.171.116.194 - - [17/May/2015:13:05:35 +0000] "GET /blog/geekery/installing-windows-8-consumer-preview.html?utm_source=feedburner&utm_medium=feed&utm_campaign=Feed:+semicomplete/main+(semicomplete.com+-+Jordan+Sissel) HTTP/1.1" 200 8948 "-" "Mozilla/5.0 (Windows; U; Windows NT 5.2; en-US; rv:1.8.1.4) Gecko/20070515 Firefox/2.0.0.4"
108.171.116.194 - - [17/May/2015:13:05:49 +0000] "GET /blog/geekery/solving-good-or-bad-problems.html?utm_source=feedburner&utm_medium=feed&utm_campaign=Feed:+semicomplete/main+(semicomplete.com+-+Jordan+Sissel) HTTP/1.1" 200 10756 "-" "Mozilla/5.0 (Windows; U; Windows NT 5.2; en-US; rv:1.8.1.4) Gecko/20070515 Firefox/2.0.0.4"
108.171.116.194 - - [17/May/2015:13:05:31 +0000] "GET /blog/geekery/year-in-review-2011.html?utm_source=feedburner&utm_medium=feed&utm_campaign=Feed:+semicomplete/main+(semicomplete.com+-+Jordan+Sissel) HTTP/1.1" 200 11118 "-" "Mozilla/5.0 (Windows; U; Windows NT 5.2; en-US; rv:1.8.1.4) Gecko/20070515 Firefox/2.0.0.4"
108.171.116.194 - - [17/May/2015:13:05:48 +0000] "GET /blog/geekery/insist-on-better-asserts.html?utm_source=feedburner&utm_medium=feed&utm_campaign=Feed:+semicomplete/main+(semicomplete.com+-+Jordan+Sissel) HTTP/1.1" 200 9514 "-" "Mozilla/5.0 (Windows; U; Windows NT 5.2; en-US; rv:1.8.1.4) Gecko/20070515 Firefox/2.0.0.4"
108.171.116.194 - - [17/May/2015:13:05:13 +0000] "GET /blog/geekery/xdotool-2.20110530.html?utm_source=feedburner&utm_medium=feed&utm_campaign=Feed:+semicomplete/main+(semicomplete.com+-+Jordan+Sissel) HTTP/1.1" 200 11936 "-" "Mozilla/5.0 (Windows; U; Windows NT 5.2; en-US; rv:1.8.1.4) Gecko/20070515 Firefox/2.0.0.4"
108.171.116.194 - - [17/May/2015:13:05:42 +0000] "GET /blog/geekery/logstash-1.0.0-release.html?utm_source=feedburner&utm_medium=feed&utm_campaign=Feed:+semicomplete/main+(semicomplete.com+-+Jordan+Sissel) HTTP/1.1" 200 8764 "-" "Mozilla/5.0 (Windows; U; Windows NT 5.2; en-US; rv:1.8.1.4) Gecko/20070515 Firefox/2.0.0.4"
111.199.235.239 - - [17/May/2015:13:05:12 +0000] "GET /images/logstash_OSCON.pdf HTTP/1.1" 200 1693678 "http://www.google.com.hk/url?sa=t&rct=j&q=the+logstash+book+pdf&source=web&cd=9&ved=0CGEQFjAI&url=%68%74%74%70%3a%2f%2f%73%65%6d%69%63%6f%6d%70%6c%65%74%65%2e%63%6f%6d%2f%69%6d%61%67%65%73%2f%6c%6f%67%73%74%61%73%68%5f%4f%53%43%4f%4e%2e%70%64%66&ei=5tsAU_f5NPGYiAffqYCYAQ&usg=AFQjCNF2ikX71TvpVxHLkIi36cWJowYlNA" "Mozilla/5.0 (Macintosh; Intel Mac OS X 10_8_5) AppleWebKit/536.30.1 (KHTML, like Gecko) Version/6.0.5 Safari/536.30.1"
94.175.135.116 - - [17/May/2015:13:05:19 +0000] "GET /presentations/logstash-scale11x/images/ahhh___rage_face_by_samusmmx-d5g5zap.png HTTP/1.1" 200 175208 "-" "Mozilla/5.0 (Macintosh; Intel Mac OS X 10_7_5) AppleWebKit/536.26.17 (KHTML, like Gecko) Version/6.0.2 Safari/536.26.17"
207.241.237.101 - - [17/May/2015:13:05:03 +0000] "GET /files/blogposts/20080107/oniguruma_named_captures.c HTTP/1.0" 200 2056 "http://www.semicomplete.com/blog/tags/C" "Mozilla/5.0 (compatible; archive.org_bot +http://www.archive.org/details/archive.org_bot)"
207.241.237.223 - - [17/May/2015:13:05:41 +0000] "GET /files/blogposts/20080106/glow.c HTTP/1.0" 200 1921 "http://www.semicomplete.com/blog/tags/C" "Mozilla/5.0 (compatible; archive.org_bot +http://www.archive.org/details/archive.org_bot)"
199.16.156.126 - - [17/May/2015:13:05:36 +0000] "GET /robots.txt HTTP/1.1" 200 - "-" "Twitterbot/1.0"
193.238.231.119 - - [17/May/2015:13:05:59 +0000] "GET /presentations/logstash-scale11x/images/logstash-dreamhost-day.png HTTP/1.0" 200 34213 "-" "-"
199.16.156.125 - - [17/May/2015:13:05:08 +0000] "GET /files/lumberjack/lumberjack-0.3.0.exe HTTP/1.1" 200 4378624 "-" "Twitterbot/1.0"
46.105.14.53 - - [17/May/2015:13:05:35 +0000] "GET /blog/tags/puppet?flav=rss20 HTTP/1.1" 200 14872 "-" "UniversalFeedParser/4.2-pre-314-svn +http://feedparser.org/"
208.91.156.11 - - [17/May/2015:13:05:04 +0000] "GET /files/logstash/logstash-1.3.2-monolithic.jar HTTP/1.1" 404 324 "-" "Chef Client/10.18.2 (ruby-1.9.3-p327; ohai-6.16.0; x86_64-linux; +http://opscode.com)"
207.241.237.226 - - [17/May/2015:13:05:33 +0000] "GET /blog/geekery/overriding-shared-library-functions.html HTTP/1.0" 200 9108 "http://www.semicomplete.com/blog/tags/C" "Mozilla/5.0 (compatible; archive.org_bot +http://www.archive.org/details/archive.org_bot)"
207.241.237.104 - - [17/May/2015:13:05:29 +0000] "GET /blog/tags/net4501 HTTP/1.0" 200 11756 "http://www.semicomplete.com/blog/tags/C" "Mozilla/5.0 (compatible; archive.org_bot +http://www.archive.org/details/archive.org_bot)"
198.46.149.143 - - [17/May/2015:13:05:28 +0000] "GET /blog/geekery/disabling-battery-in-ubuntu-vms.html?utm_source=feedburner&utm_medium=feed&utm_campaign=Feed%3A+semicomplete%2Fmain+%28semicomplete.com+-+Jordan+Sissel%29 HTTP/1.1" 200 9316 "-" "Tiny Tiny RSS/1.11 (http://tt-rss.org/)"
198.46.149.143 - - [17/May/2015:13:05:47 +0000] "GET /blog/geekery/solving-good-or-bad-problems.html?utm_source=feedburner&utm_medium=feed&utm_campaign=Feed%3A+semicomplete%2Fmain+%28semicomplete.com+-+Jordan+Sissel%29 HTTP/1.1" 200 10756 "-" "Tiny Tiny RSS/1.11 (http://tt-rss.org/)"
54.220.160.83 - - [17/May/2015:13:05:29 +0000] "GET /presentations/logstash-scale11x/images/jordan.jpg HTTP/1.1" 200 278476 "-" "Embedly +support@embed.ly"
66.249.73.135 - - [17/May/2015:13:05:59 +0000] "GET /blog/tags/scale HTTP/1.1" 200 9746 "-" "Mozilla/5.0 (compatible; Googlebot/2.1; +http://www.google.com/bot.html)"
46.105.14.53 - - [17/May/2015:13:05:11 +0000] "GET /blog/tags/puppet?flav=rss20 HTTP/1.1" 200 14872 "-" "UniversalFeedParser/4.2-pre-314-svn +http://feedparser.org/"
83.31.73.148 - - [17/May/2015:13:05:18 +0000] "GET /projects/xdotool/xdotool.xhtml HTTP/1.1" 200 50112 "-" "Opera/9.80 (X11; Linux x86_64) Presto/2.12.388 Version/12.16"
83.31.73.148 - - [17/May/2015:13:05:51 +0000] "GET /favicon.ico HTTP/1.1" 200 3638 "http://www.semicomplete.com/projects/xdotool/xdotool.xhtml" "Opera/9.80 (X11; Linux x86_64) Presto/2.12.388 Version/12.16"
74.125.40.22 - - [17/May/2015:13:05:28 +0000] "GET /?flav=rss20 HTTP/1.1" 200 29941 "-" "FeedBurner/1.0 (http://www.FeedBurner.com)"
180.76.6.156 - - [17/May/2015:13:05:58 +0000] "GET /files/hello/?C=M;O=A HTTP/1.1" 200 1127 "-" "Mozilla/5.0 (compatible; Baiduspider/2.0; +http://www.baidu.com/search/spider.html)"
66.249.73.135 - - [17/May/2015:13:05:29 +0000] "GET /blog/tags/firefox?flav=rss20 HTTP/1.1" 200 16021 "-" "Mozilla/5.0 (compatible; Googlebot/2.1; +http://www.google.com/bot.html)"
66.249.81.20 - - [17/May/2015:13:05:15 +0000] "GET /images/logstash_OSCON.pdf HTTP/1.1" 200 1693678 "-" "Mozilla/5.0 (Macintosh; Intel Mac OS X 10_9_1) AppleWebKit/537.36 (KHTML, like Gecko) Chrome/32.0.1700.107 Safari/537.36,gzip(gfe) (via docs.google.com/viewer)"
66.249.81.20 - - [17/May/2015:13:05:33 +0000] "GET /images/logstash_OSCON.pdf HTTP/1.1" 200 1693678 "-" "Mozilla/5.0 (Macintosh; Intel Mac OS X 10_9_1) AppleWebKit/537.36 (KHTML, like Gecko) Chrome/32.0.1700.107 Safari/537.36,gzip(gfe) (via docs.google.com/viewer)"
92.108.120.46 - - [17/May/2015:13:05:43 +0000] "GET /presentations/puppet-at-loggly/puppet-at-loggly.pdf.html HTTP/1.1" 200 24747 "https://www.google.com/" "Mozilla/5.0 (Windows NT 6.1; WOW64) AppleWebKit/537.36 (KHTML, like Gecko) Chrome/32.0.1700.107 Safari/537.36"
92.108.120.46 - - [17/May/2015:13:05:12 +0000] "GET /favicon.ico HTTP/1.1" 200 3638 "-" "Mozilla/5.0 (Windows NT 6.1; WOW64) AppleWebKit/537.36 (KHTML, like Gecko) Chrome/32.0.1700.107 Safari/537.36"
50.16.19.13 - - [17/May/2015:13:05:40 +0000] "GET /blog/tags/puppet?flav=rss20 HTTP/1.1" 200 14872 "http://www.semicomplete.com/blog/tags/puppet?flav=rss20" "Tiny Tiny RSS/1.11 (http://tt-rss.org/)"
172.56.29.98 - - [17/May/2015:13:05:33 +0000] "GET /presentations/logstash-scale11x/images/ahhh___rage_face_by_samusmmx-d5g5zap.png HTTP/1.1" 200 175208 "-" "Mozilla/5.0 (Macintosh; Intel Mac OS X 10_7_5) AppleWebKit/537.36 (KHTML, like Gecko) Chrome/32.0.1700.107 Safari/537.36"
46.105.14.53 - - [17/May/2015:13:05:11 +0000] "GET /blog/tags/puppet?flav=rss20 HTTP/1.1" 200 14872 "-" "UniversalFeedParser/4.2-pre-314-svn +http://feedparser.org/"
144.76.194.187 - - [17/May/2015:13:05:33 +0000] "GET / HTTP/1.0" 200 37932 "-" "-"
144.76.194.187 - - [17/May/2015:13:05:28 +0000] "GET /wp-login.php HTTP/1.0" 404 292 "-" "-"
144.76.194.187 - - [17/May/2015:13:05:37 +0000] "GET /administrator/index.php HTTP/1.0" 404 303 "-" "-"
144.76.194.187 - - [17/May/2015:13:05:11 +0000] "GET /reset.css HTTP/1.0" 200 1015 "-" "-"
144.76.194.187 - - [17/May/2015:13:05:37 +0000] "GET /style2.css HTTP/1.0" 200 4877 "-" "-"
144.76.194.187 - - [17/May/2015:13:05:27 +0000] "GET /favicon.ico HTTP/1.0" 200 3638 "-" "-"
144.76.194.187 - - [17/May/2015:13:05:12 +0000] "GET /?page=2 HTTP/1.0" 200 36673 "-" "-"
144.76.194.187 - - [17/May/2015:13:05:10 +0000] "GET /about/ HTTP/1.0" 200 11474 "-" "-"
144.76.194.187 - - [17/May/2015:13:05:39 +0000] "GET /resume.xml HTTP/1.0" 200 25606 "-" "-"
144.76.194.187 - - [17/May/2015:13:05:46 +0000] "GET /articles HTTP/1.0" 301 323 "-" "-"
144.76.194.187 - - [17/May/2015:13:05:50 +0000] "GET /articles/arp-security/ HTTP/1.0" 200 19735 "-" "-"
144.76.194.187 - - [17/May/2015:13:05:40 +0000] "GET /articles/dynamic-dns-with-dhcp/ HTTP/1.0" 200 18848 "-" "-"
144.76.194.187 - - [17/May/2015:13:05:39 +0000] "GET /articles/openldap-with-saslauthd/ HTTP/1.0" 200 12700 "-" "-"
144.76.194.187 - - [17/May/2015:13:05:54 +0000] "GET /articles/ppp-over-ssh/ HTTP/1.0" 200 18586 "-" "-"
144.76.194.187 - - [17/May/2015:13:05:31 +0000] "GET /articles/ssh-security/ HTTP/1.0" 200 16543 "-" "-"
144.76.194.187 - - [17/May/2015:13:05:09 +0000] "GET /articles/week-of-unix-tools/ HTTP/1.0" 200 9313 "-" "-"
144.76.194.187 - - [17/May/2015:13:05:59 +0000] "GET /articles/efficiency/ HTTP/1.0" 200 36398 "-" "-"
144.76.194.187 - - [17/May/2015:13:05:19 +0000] "GET /projects HTTP/1.0" 301 323 "-" "-"
144.76.194.187 - - [17/May/2015:13:05:23 +0000] "GET /projects/grok HTTP/1.0" 301 337 "-" "-"
144.76.194.187 - - [17/May/2015:13:05:03 +0000] "GET /projects/keynav HTTP/1.0" 301 330 "-" "-"
100.43.83.137 - - [17/May/2015:13:05:42 +0000] "GET /blog/tags/rdbms HTTP/1.1" 200 8909 "-" "Mozilla/5.0 (compatible; YandexBot/3.0; +http://yandex.com/bots)"
144.76.194.187 - - [17/May/2015:13:05:24 +0000] "GET /projects/liboverride HTTP/1.0" 301 335 "-" "-"
144.76.194.187 - - [17/May/2015:13:05:00 +0000] "GET /projects/fex HTTP/1.0" 301 327 "-" "-"
75.97.9.59 - - [17/May/2015:13:05:10 +0000] "GET / HTTP/1.1" 200 37932 "-" "Mozilla/5.0 (iPhone; CPU iPhone OS 7_0_4 like Mac OS X) AppleWebKit/537.51.1 (KHTML, like Gecko) CriOS/32.0.1700.21 Mobile/11B554a Safari/9537.53"
144.76.194.187 - - [17/May/2015:13:05:05 +0000] "GET /projects/xdotool HTTP/1.0" 301 331 "-" "-"
75.97.9.59 - - [17/May/2015:13:05:00 +0000] "GET /reset.css HTTP/1.1" 200 1015 "http://www.semicomplete.com/" "Mozilla/5.0 (iPhone; CPU iPhone OS 7_0_4 like Mac OS X) AppleWebKit/537.51.1 (KHTML, like Gecko) CriOS/32.0.1700.21 Mobile/11B554a Safari/9537.53"
75.97.9.59 - - [17/May/2015:13:05:11 +0000] "GET /style2.css HTTP/1.1" 200 4877 "http://www.semicomplete.com/" "Mozilla/5.0 (iPhone; CPU iPhone OS 7_0_4 like Mac OS X) AppleWebKit/537.51.1 (KHTML, like Gecko) CriOS/32.0.1700.21 Mobile/11B554a Safari/9537.53"
75.97.9.59 - - [17/May/2015:13:05:13 +0000] "GET /images/jordan-80.png HTTP/1.1" 200 6146 "http://www.semicomplete.com/" "Mozilla/5.0 (iPhone; CPU iPhone OS 7_0_4 like Mac OS X) AppleWebKit/537.51.1 (KHTML, like Gecko) CriOS/32.0.1700.21 Mobile/11B554a Safari/9537.53"
144.76.194.187 - - [17/May/2015:13:05:03 +0000] "GET /projects/pam_captcha HTTP/1.0" 301 335 "-" "-"
144.76.194.187 - - [17/May/2015:13:05:18 +0000] "GET /projects/firefox-tabsearch HTTP/1.0" 301 341 "-" "-"
75.97.9.59 - - [17/May/2015:13:05:05 +0000] "GET /images/web/2009/banner.png HTTP/1.1" 200 52315 "http://www.semicomplete.com/" "Mozilla/5.0 (iPhone; CPU iPhone OS 7_0_4 like Mac OS X) AppleWebKit/537.51.1 (KHTML, like Gecko) CriOS/32.0.1700.21 Mobile/11B554a Safari/9537.53"
144.76.194.187 - - [17/May/2015:13:05:09 +0000] "GET /projects/firefox-urledit HTTP/1.0" 301 339 "-" "-"
144.76.194.187 - - [17/May/2015:13:05:03 +0000] "GET /projects/newpsm HTTP/1.0" 301 330 "-" "-"
144.76.194.187 - - [17/May/2015:13:05:58 +0000] "GET /projects/nis2ldap HTTP/1.0" 301 332 "-" "-"
75.97.9.59 - - [17/May/2015:13:05:26 +0000] "GET /favicon.ico HTTP/1.1" 200 3638 "-" "Mozilla/5.0 (iPhone; CPU iPhone OS 7_0_4 like Mac OS X) AppleWebKit/537.51.1 (KHTML, like Gecko) CriOS/32.0.1700.21 Mobile/11B554a Safari/9537.53"
